Archive member included because of file (symbol)

d:/program files/nios2eds/bin/gnu/h-i686-mingw32/bin/../lib/gcc/nios2-elf/4.7.3/mno-hw-mul\libgcc.a(lib2-divmod.o)
                              obj/default/menuact.o (__divsi3)
d:/program files/nios2eds/bin/gnu/h-i686-mingw32/bin/../lib/gcc/nios2-elf/4.7.3/mno-hw-mul\libgcc.a(lib2-mul.o)
                              obj/default/lcdout.o (__mulsi3)
d:/program files/nios2eds/bin/gnu/h-i686-mingw32/bin/../lib/gcc/nios2-elf/4.7.3/../../../../../H-i686-mingw32/nios2-elf/lib/mno-hw-mul\libc.a(lib_a-memcpy.o)
                              obj/default/testcode.o (memcpy)
../osc_bsp/\libhal_bsp.a(alt_iic.o)
                              obj/default/keyint.o (alt_ic_isr_register)
../osc_bsp/\libhal_bsp.a(alt_iic_isr_register.o)
                              ../osc_bsp/\libhal_bsp.a(alt_iic.o) (alt_iic_isr_register)
../osc_bsp/\libhal_bsp.a(alt_irq_entry.o)
                              ../osc_bsp/\libhal_bsp.a(alt_iic_isr_register.o) (alt_irq_entry)
../osc_bsp/\libhal_bsp.a(alt_irq_handler.o)
                              ../osc_bsp/\libhal_bsp.a(alt_iic_isr_register.o) (alt_irq)
../osc_bsp/\libhal_bsp.a(alt_irq_vars.o)
                              ../osc_bsp/\libhal_bsp.a(alt_iic.o) (alt_irq_active)
../osc_bsp/\libhal_bsp.a(alt_main.o)
                              ../osc_bsp//obj/HAL/src/crt0.o (alt_main)
../osc_bsp/\libhal_bsp.a(alt_sys_init.o)
                              ../osc_bsp/\libhal_bsp.a(alt_main.o) (alt_irq_init)
../osc_bsp/\libhal_bsp.a(alt_close.o)
                              ../osc_bsp/\libhal_bsp.a(alt_main.o) (close)
../osc_bsp/\libhal_bsp.a(alt_dev.o)
                              ../osc_bsp/\libhal_bsp.a(alt_close.o) (alt_fd_list)
../osc_bsp/\libhal_bsp.a(alt_do_ctors.o)
                              ../osc_bsp/\libhal_bsp.a(alt_main.o) (_do_ctors)
../osc_bsp/\libhal_bsp.a(alt_do_dtors.o)
                              ../osc_bsp/\libhal_bsp.a(alt_main.o) (_do_dtors)
../osc_bsp/\libhal_bsp.a(alt_errno.o)
                              ../osc_bsp/\libhal_bsp.a(alt_close.o) (alt_errno)
../osc_bsp/\libhal_bsp.a(alt_exception_entry.o)
                              ../osc_bsp/\libhal_bsp.a(alt_irq_entry.o) (alt_exception)
../osc_bsp/\libhal_bsp.a(alt_release_fd.o)
                              ../osc_bsp/\libhal_bsp.a(alt_close.o) (alt_release_fd)
../osc_bsp/\libhal_bsp.a(altera_nios2_qsys_irq.o)
                              ../osc_bsp/\libhal_bsp.a(alt_sys_init.o) (altera_nios2_qsys_irq_init)
d:/program files/nios2eds/bin/gnu/h-i686-mingw32/bin/../lib/gcc/nios2-elf/4.7.3/../../../../../H-i686-mingw32/nios2-elf/lib/mno-hw-mul\libc.a(lib_a-atexit.o)
                              ../osc_bsp/\libhal_bsp.a(alt_main.o) (atexit)
d:/program files/nios2eds/bin/gnu/h-i686-mingw32/bin/../lib/gcc/nios2-elf/4.7.3/../../../../../H-i686-mingw32/nios2-elf/lib/mno-hw-mul\libc.a(lib_a-exit.o)
                              ../osc_bsp/\libhal_bsp.a(alt_main.o) (exit)
d:/program files/nios2eds/bin/gnu/h-i686-mingw32/bin/../lib/gcc/nios2-elf/4.7.3/../../../../../H-i686-mingw32/nios2-elf/lib/mno-hw-mul\libc.a(lib_a-impure.o)
                              d:/program files/nios2eds/bin/gnu/h-i686-mingw32/bin/../lib/gcc/nios2-elf/4.7.3/../../../../../H-i686-mingw32/nios2-elf/lib/mno-hw-mul\libc.a(lib_a-exit.o) (_global_impure_ptr)
d:/program files/nios2eds/bin/gnu/h-i686-mingw32/bin/../lib/gcc/nios2-elf/4.7.3/../../../../../H-i686-mingw32/nios2-elf/lib/mno-hw-mul\libc.a(lib_a-int_errno.o)
                              ../osc_bsp/\libhal_bsp.a(alt_close.o) (errno)
d:/program files/nios2eds/bin/gnu/h-i686-mingw32/bin/../lib/gcc/nios2-elf/4.7.3/../../../../../H-i686-mingw32/nios2-elf/lib/mno-hw-mul\libc.a(lib_a-__atexit.o)
                              d:/program files/nios2eds/bin/gnu/h-i686-mingw32/bin/../lib/gcc/nios2-elf/4.7.3/../../../../../H-i686-mingw32/nios2-elf/lib/mno-hw-mul\libc.a(lib_a-atexit.o) (__register_exitproc)
d:/program files/nios2eds/bin/gnu/h-i686-mingw32/bin/../lib/gcc/nios2-elf/4.7.3/../../../../../H-i686-mingw32/nios2-elf/lib/mno-hw-mul\libc.a(lib_a-__call_atexit.o)
                              d:/program files/nios2eds/bin/gnu/h-i686-mingw32/bin/../lib/gcc/nios2-elf/4.7.3/../../../../../H-i686-mingw32/nios2-elf/lib/mno-hw-mul\libc.a(lib_a-exit.o) (__call_exitprocs)
../osc_bsp/\libhal_bsp.a(alt_exit.o)
                              d:/program files/nios2eds/bin/gnu/h-i686-mingw32/bin/../lib/gcc/nios2-elf/4.7.3/../../../../../H-i686-mingw32/nios2-elf/lib/mno-hw-mul\libc.a(lib_a-exit.o) (_exit)

Allocating common symbols
Common symbol       size              file

alt_irq             0x100             ../osc_bsp/\libhal_bsp.a(alt_irq_handler.o)
cur_scale           0x4               obj/default/tracutil.o
errno               0x4               d:/program files/nios2eds/bin/gnu/h-i686-mingw32/bin/../lib/gcc/nios2-elf/4.7.3/../../../../../H-i686-mingw32/nios2-elf/lib/mno-hw-mul\libc.a(lib_a-int_errno.o)
trigger_mode        0x4               obj/default/menuact.o
trace_status        0x4               obj/default/tracutil.o
menu_entry          0x4               obj/default/menu.o
saved_end_y         0x4               obj/default/tracutil.o
menu_display        0x4               obj/default/menu.o
level               0x4               obj/default/menuact.o
saved_pos_y         0x4               obj/default/tracutil.o
sample_size         0x4               obj/default/tracutil.o
saved_end_x         0x4               obj/default/tracutil.o
saved_pos_x         0x4               obj/default/tracutil.o
_atexit0            0x190             d:/program files/nios2eds/bin/gnu/h-i686-mingw32/bin/../lib/gcc/nios2-elf/4.7.3/../../../../../H-i686-mingw32/nios2-elf/lib/mno-hw-mul\libc.a(lib_a-atexit.o)
sweep               0x4               obj/default/menuact.o
delay               0x4               obj/default/menuact.o
saved_menu          0x2a0             obj/default/tracutil.o
saved_axis_y        0xb0              obj/default/tracutil.o
saved_axis_x        0xb4              obj/default/tracutil.o
saved_area          0xf0              obj/default/tracutil.o
sampling            0x4               obj/default/tracutil.o
scale               0x4               obj/default/menuact.o
slope               0x4               obj/default/menuact.o

Memory Configuration

Name             Origin             Length             Attributes
VRAM_ctrl        0x00080000         0x00080000
RAM_ctrl         0x00120000         0x00010000
ROM_ctrl         0x00130000         0x00010000
reset            0x00148000         0x00000020
ONCHIP_mem       0x00148020         0x00007fe0
*default*        0x00000000         0xffffffff

Linker script and memory map

LOAD ../osc_bsp//obj/HAL/src/crt0.o
LOAD obj/default/char712.o
LOAD obj/default/keyproc.o
LOAD obj/default/lcdout.o
LOAD obj/default/mainloop.o
LOAD obj/default/menu.o
LOAD obj/default/menuact.o
LOAD obj/default/stubfncs.o
LOAD obj/default/testcode.o
LOAD obj/default/tracutil.o
LOAD obj/default/keyint.o
LOAD obj/default/testadc.o
LOAD obj/default/testdisp.o
LOAD obj/default/testvram.o
LOAD d:/program files/nios2eds/bin/gnu/h-i686-mingw32/bin/../lib/gcc/nios2-elf/4.7.3/../../../../../H-i686-mingw32/nios2-elf/lib/mno-hw-mul\libstdc++.a
LOAD d:/program files/nios2eds/bin/gnu/h-i686-mingw32/bin/../lib/gcc/nios2-elf/4.7.3/../../../../../H-i686-mingw32/nios2-elf/lib/mno-hw-mul\libm.a
LOAD d:/program files/nios2eds/bin/gnu/h-i686-mingw32/bin/../lib/gcc/nios2-elf/4.7.3/mno-hw-mul\libgcc.a
START GROUP
LOAD d:/program files/nios2eds/bin/gnu/h-i686-mingw32/bin/../lib/gcc/nios2-elf/4.7.3/../../../../../H-i686-mingw32/nios2-elf/lib/mno-hw-mul\libc.a
LOAD d:/program files/nios2eds/bin/gnu/h-i686-mingw32/bin/../lib/gcc/nios2-elf/4.7.3/mno-hw-mul\libgcc.a
LOAD ../osc_bsp/\libhal_bsp.a
END GROUP
LOAD d:/program files/nios2eds/bin/gnu/h-i686-mingw32/bin/../lib/gcc/nios2-elf/4.7.3/mno-hw-mul\libgcc.a
                0x00080000                __alt_mem_VRAM_ctrl = 0x80000
                0x00120000                __alt_mem_RAM_ctrl = 0x120000
                0x00130000                __alt_mem_ROM_ctrl = 0x130000
                0x00148000                __alt_mem_ONCHIP_mem = 0x148000

.entry          0x00148000        0x0
 *(.entry)
 .entry         0x00148000        0x0 ../osc_bsp//obj/HAL/src/crt0.o
                0x00148000                __reset

.exceptions     0x00148020      0x198
                0x00148020                PROVIDE (__ram_exceptions_start, ABSOLUTE (.))
                0x00148020                . = ALIGN (0x20)
 *(.irq)
 *(.exceptions.entry.label)
 .exceptions.entry.label
                0x00148020        0x0 ../osc_bsp/\libhal_bsp.a(alt_irq_entry.o)
                0x00148020                alt_irq_entry
 .exceptions.entry.label
                0x00148020        0x0 ../osc_bsp/\libhal_bsp.a(alt_exception_entry.o)
                0x00148020                alt_exception
 *(.exceptions.entry.user)
 *(.exceptions.entry.ecc_fatal)
 *(.exceptions.entry)
 .exceptions.entry
                0x00148020       0x54 ../osc_bsp/\libhal_bsp.a(alt_exception_entry.o)
 *(.exceptions.irqtest.user)
 *(.exceptions.irqtest)
 .exceptions.irqtest
                0x00148074       0x10 ../osc_bsp/\libhal_bsp.a(alt_irq_entry.o)
 *(.exceptions.irqhandler.user)
 *(.exceptions.irqhandler)
 .exceptions.irqhandler
                0x00148084        0x4 ../osc_bsp/\libhal_bsp.a(alt_irq_entry.o)
 *(.exceptions.irqreturn.user)
 *(.exceptions.irqreturn)
 .exceptions.irqreturn
                0x00148088        0x4 ../osc_bsp/\libhal_bsp.a(alt_irq_entry.o)
 *(.exceptions.notirq.label)
 .exceptions.notirq.label
                0x0014808c        0x0 ../osc_bsp/\libhal_bsp.a(alt_irq_entry.o)
 *(.exceptions.notirq.user)
 *(.exceptions.notirq)
 .exceptions.notirq
                0x0014808c        0x8 ../osc_bsp/\libhal_bsp.a(alt_exception_entry.o)
 *(.exceptions.soft.user)
 *(.exceptions.soft)
 *(.exceptions.unknown.user)
 *(.exceptions.unknown)
 .exceptions.unknown
                0x00148094        0x4 ../osc_bsp/\libhal_bsp.a(alt_exception_entry.o)
 *(.exceptions.exit.label)
 .exceptions.exit.label
                0x00148098        0x0 ../osc_bsp/\libhal_bsp.a(alt_irq_entry.o)
 .exceptions.exit.label
                0x00148098        0x0 ../osc_bsp/\libhal_bsp.a(alt_exception_entry.o)
 *(.exceptions.exit.user)
 *(.exceptions.exit)
 .exceptions.exit
                0x00148098       0x54 ../osc_bsp/\libhal_bsp.a(alt_exception_entry.o)
 *(.exceptions)
 .exceptions    0x001480ec       0xcc ../osc_bsp/\libhal_bsp.a(alt_irq_handler.o)
                0x001480ec                alt_irq_handler
                0x001481b8                PROVIDE (__ram_exceptions_end, ABSOLUTE (.))
                0x00148020                PROVIDE (__flash_exceptions_start, LOADADDR (.exceptions))

.text           0x00120000     0x3fc0
                0x00120000                PROVIDE (stext, ABSOLUTE (.))
 *(.interp)
 *(.hash)
 *(.dynsym)
 *(.dynstr)
 *(.gnu.version)
 *(.gnu.version_d)
 *(.gnu.version_r)
 *(.rel.init)
 *(.rela.init)
 *(.rel.text .rel.text.* .rel.gnu.linkonce.t.*)
 *(.rela.text .rela.text.* .rela.gnu.linkonce.t.*)
 *(.rel.fini)
 *(.rela.fini)
 *(.rel.rodata .rel.rodata.* .rel.gnu.linkonce.r.*)
 *(.rela.rodata .rela.rodata.* .rela.gnu.linkonce.r.*)
 *(.rel.data .rel.data.* .rel.gnu.linkonce.d.*)
 *(.rela.data .rela.data.* .rela.gnu.linkonce.d.*)
 *(.rel.tdata .rel.tdata.* .rel.gnu.linkonce.td.*)
 *(.rela.tdata .rela.tdata.* .rela.gnu.linkonce.td.*)
 *(.rel.tbss .rel.tbss.* .rel.gnu.linkonce.tb.*)
 *(.rela.tbss .rela.tbss.* .rela.gnu.linkonce.tb.*)
 *(.rel.ctors)
 *(.rela.ctors)
 *(.rel.dtors)
 *(.rela.dtors)
 *(.rel.got)
 *(.rela.got)
 *(.rel.sdata .rel.sdata.* .rel.gnu.linkonce.s.*)
 *(.rela.sdata .rela.sdata.* .rela.gnu.linkonce.s.*)
 *(.rel.sbss .rel.sbss.* .rel.gnu.linkonce.sb.*)
 *(.rela.sbss .rela.sbss.* .rela.gnu.linkonce.sb.*)
 *(.rel.sdata2 .rel.sdata2.* .rel.gnu.linkonce.s2.*)
 *(.rela.sdata2 .rela.sdata2.* .rela.gnu.linkonce.s2.*)
 *(.rel.sbss2 .rel.sbss2.* .rel.gnu.linkonce.sb2.*)
 *(.rela.sbss2 .rela.sbss2.* .rela.gnu.linkonce.sb2.*)
 *(.rel.bss .rel.bss.* .rel.gnu.linkonce.b.*)
 *(.rela.bss .rela.bss.* .rela.gnu.linkonce.b.*)
 *(.rel.plt)
 *(.rela.plt)
 *(.rel.dyn)
 *(.init)
 *(.plt)
 *(.text .stub .text.* .gnu.linkonce.t.*)
 .text          0x00120000       0x38 ../osc_bsp//obj/HAL/src/crt0.o
                0x00120000                _start
 .text          0x00120038        0x0 obj/default/char712.o
 .text          0x00120038      0x134 obj/default/keyproc.o
                0x00120038                no_action
                0x0012005c                menu_key
                0x001200ac                menu_up
                0x001200dc                menu_down
                0x0012010c                menu_left
                0x0012013c                menu_right
 .text          0x0012016c      0x410 obj/default/lcdout.o
                0x0012016c                clear_region
                0x00120214                plot_hline
                0x001202c0                plot_vline
                0x0012036c                plot_char
                0x001204e4                plot_string
 .text          0x0012057c       0xf8 obj/default/mainloop.o
                0x0012057c                main
                0x00120598                key_lookup
 .text          0x00120674      0x534 obj/default/menu.o
                0x00120674                init_menu
                0x001206d8                clear_menu
                0x00120710                display_menu
                0x00120790                refresh_menu
                0x001207c8                reset_menu
                0x00120824                next_entry
                0x00120894                previous_entry
                0x00120900                menu_entry_left
                0x001209ec                menu_entry_right
                0x00120ad8                display_entry
 .text          0x00120ba8      0xd64 obj/default/menuact.o
                0x00120ba8                no_menu_action
                0x00120bc8                no_display
                0x00120bf4                set_trigger_mode
                0x00120c34                get_trigger_mode
                0x00120c54                mode_down
                0x00120cb8                mode_up
                0x00120d1c                display_mode
                0x00120da0                set_scale
                0x00120de0                scale_down
                0x00120e44                scale_up
                0x00120ea8                display_scale
                0x00120f2c                set_sweep
                0x00120f8c                sweep_down
                0x0012100c                sweep_up
                0x00121090                display_sweep
                0x001210f8                set_trg_level
                0x00121140                trg_level_down
                0x00121190                trg_level_up
                0x001211e4                display_trg_level
                0x00121288                set_trg_slope
                0x001212d0                trg_slope_toggle
                0x00121324                display_trg_slope
                0x0012139c                set_trg_delay
                0x001213dc                trg_delay_down
                0x00121424                trg_delay_up
                0x00121470                adjust_trg_delay
                0x00121544                display_trg_delay
                0x00121774                cvt_num_field
 .text          0x0012190c      0x100 obj/default/stubfncs.o
                0x0012190c                clear_display
                0x0012192c                plot_pixel
                0x00121958                set_sample_rate
                0x0012197c                set_trigger
                0x001219a4                set_delay
                0x001219c8                start_sample
                0x001219ec                sample_done
 .text          0x00121a0c      0x140 obj/default/testcode.o
                0x00121a0c                get_test_sample
 .text          0x00121b4c      0xf4c obj/default/tracutil.o
                0x00121b4c                init_trace
                0x00121bb0                set_mode
                0x00121be8                is_sampling
                0x00121c08                trace_rdy
                0x00121c40                trace_done
                0x00121c80                trace_rearm
                0x00121ca8                set_trace_size
                0x00121cd4                set_display_scale
                0x001220cc                clear_saved_areas
                0x00122294                restore_menu_trace
                0x001223a8                set_save_area
                0x00122480                restore_trace
                0x001225a0                do_trace
                0x001225e8                plot_trace
 .text          0x00122a98      0x25c obj/default/keyint.o
                0x00122a98                key_int_installer
                0x00122c44                key_available
                0x00122c7c                getkey
 .text          0x00122cf4      0x4d4 obj/default/testadc.o
                0x00122cf4                adc_int_installer
                0x00122edc                adc_int_handler
 .text          0x001231c8      0x138 obj/default/testdisp.o
                0x001231c8                test_disp
 .text          0x00123300       0xb8 obj/default/testvram.o
                0x00123300                test_vram
 .text          0x001233b8      0x130 d:/program files/nios2eds/bin/gnu/h-i686-mingw32/bin/../lib/gcc/nios2-elf/4.7.3/mno-hw-mul\libgcc.a(lib2-divmod.o)
                0x0012342c                __divsi3
                0x0012347c                __modsi3
                0x001234d8                __udivsi3
                0x001234e0                __umodsi3
 .text          0x001234e8       0x28 d:/program files/nios2eds/bin/gnu/h-i686-mingw32/bin/../lib/gcc/nios2-elf/4.7.3/mno-hw-mul\libgcc.a(lib2-mul.o)
                0x001234e8                __mulsi3
 .text          0x00123510      0x140 d:/program files/nios2eds/bin/gnu/h-i686-mingw32/bin/../lib/gcc/nios2-elf/4.7.3/../../../../../H-i686-mingw32/nios2-elf/lib/mno-hw-mul\libc.a(lib_a-memcpy.o)
                0x00123510                memcpy
 .text          0x00123650      0x1d8 ../osc_bsp/\libhal_bsp.a(alt_iic.o)
                0x00123650                alt_ic_isr_register
                0x001236a0                alt_ic_irq_enable
                0x0012373c                alt_ic_irq_disable
                0x001237dc                alt_ic_irq_enabled
 .text          0x00123828       0xf0 ../osc_bsp/\libhal_bsp.a(alt_iic_isr_register.o)
                0x00123828                alt_iic_isr_register
 .text          0x00123918        0x0 ../osc_bsp/\libhal_bsp.a(alt_irq_entry.o)
 .text          0x00123918        0x0 ../osc_bsp/\libhal_bsp.a(alt_irq_handler.o)
 .text          0x00123918        0x0 ../osc_bsp/\libhal_bsp.a(alt_irq_vars.o)
 .text          0x00123918       0x5c ../osc_bsp/\libhal_bsp.a(alt_main.o)
                0x00123918                alt_main
 .text          0x00123974       0x54 ../osc_bsp/\libhal_bsp.a(alt_sys_init.o)
                0x00123974                alt_irq_init
                0x001239a8                alt_sys_init
 .text          0x001239c8      0x11c ../osc_bsp/\libhal_bsp.a(alt_close.o)
                0x00123a18                close
 .text          0x00123ae4       0x2c ../osc_bsp/\libhal_bsp.a(alt_dev.o)
 .text          0x00123b10       0x5c ../osc_bsp/\libhal_bsp.a(alt_do_ctors.o)
                0x00123b10                _do_ctors
 .text          0x00123b6c       0x5c ../osc_bsp/\libhal_bsp.a(alt_do_dtors.o)
                0x00123b6c                _do_dtors
 .text          0x00123bc8        0x0 ../osc_bsp/\libhal_bsp.a(alt_errno.o)
 .text          0x00123bc8        0x0 ../osc_bsp/\libhal_bsp.a(alt_exception_entry.o)
 .text          0x00123bc8       0x80 ../osc_bsp/\libhal_bsp.a(alt_release_fd.o)
                0x00123bc8                alt_release_fd
 .text          0x00123c48       0x20 ../osc_bsp/\libhal_bsp.a(altera_nios2_qsys_irq.o)
                0x00123c48                altera_nios2_qsys_irq_init
 .text          0x00123c68       0x14 d:/program files/nios2eds/bin/gnu/h-i686-mingw32/bin/../lib/gcc/nios2-elf/4.7.3/../../../../../H-i686-mingw32/nios2-elf/lib/mno-hw-mul\libc.a(lib_a-atexit.o)
                0x00123c68                atexit
 .text          0x00123c7c       0x38 d:/program files/nios2eds/bin/gnu/h-i686-mingw32/bin/../lib/gcc/nios2-elf/4.7.3/../../../../../H-i686-mingw32/nios2-elf/lib/mno-hw-mul\libc.a(lib_a-exit.o)
                0x00123c7c                exit
 .text          0x00123cb4        0x0 d:/program files/nios2eds/bin/gnu/h-i686-mingw32/bin/../lib/gcc/nios2-elf/4.7.3/../../../../../H-i686-mingw32/nios2-elf/lib/mno-hw-mul\libc.a(lib_a-impure.o)
 .text          0x00123cb4        0x0 d:/program files/nios2eds/bin/gnu/h-i686-mingw32/bin/../lib/gcc/nios2-elf/4.7.3/../../../../../H-i686-mingw32/nios2-elf/lib/mno-hw-mul\libc.a(lib_a-int_errno.o)
 .text          0x00123cb4      0x130 d:/program files/nios2eds/bin/gnu/h-i686-mingw32/bin/../lib/gcc/nios2-elf/4.7.3/../../../../../H-i686-mingw32/nios2-elf/lib/mno-hw-mul\libc.a(lib_a-__atexit.o)
                0x00123cb4                __register_exitproc
 .text          0x00123de4      0x1a0 d:/program files/nios2eds/bin/gnu/h-i686-mingw32/bin/../lib/gcc/nios2-elf/4.7.3/../../../../../H-i686-mingw32/nios2-elf/lib/mno-hw-mul\libc.a(lib_a-__call_atexit.o)
                0x00123de4                __call_exitprocs
 .text          0x00123f84       0x3c ../osc_bsp/\libhal_bsp.a(alt_exit.o)
                0x00123f84                _exit
 *(.gnu.warning.*)
 *(.fini)
                0x00123fc0                PROVIDE (__etext, ABSOLUTE (.))
                0x00123fc0                PROVIDE (_etext, ABSOLUTE (.))
                0x00123fc0                PROVIDE (etext, ABSOLUTE (.))
 *(.eh_frame_hdr)
                0x00123fc0                . = ALIGN (0x4)
                0x00123fc0                PROVIDE (__preinit_array_start, ABSOLUTE (.))
 *(.preinit_array)
                0x00123fc0                PROVIDE (__preinit_array_end, ABSOLUTE (.))
                0x00123fc0                PROVIDE (__init_array_start, ABSOLUTE (.))
 *(.init_array)
                0x00123fc0                PROVIDE (__init_array_end, ABSOLUTE (.))
                0x00123fc0                PROVIDE (__fini_array_start, ABSOLUTE (.))
 *(.fini_array)
                0x00123fc0                PROVIDE (__fini_array_end, ABSOLUTE (.))
 *(.eh_frame)
 *(.gcc_except_table .gcc_except_table.*)
 *(.dynamic)
                0x00123fc0                PROVIDE (__CTOR_LIST__, ABSOLUTE (.))
 *(.ctors)
 *(SORT(.ctors.*))
                0x00123fc0                PROVIDE (__CTOR_END__, ABSOLUTE (.))
                0x00123fc0                PROVIDE (__DTOR_LIST__, ABSOLUTE (.))
 *(.dtors)
 *(SORT(.dtors.*))
                0x00123fc0                PROVIDE (__DTOR_END__, ABSOLUTE (.))
 *(.jcr)
                0x00123fc0                . = ALIGN (0x4)

.rodata         0x00123fc0      0x9ec
                0x00123fc0                PROVIDE (__ram_rodata_start, ABSOLUTE (.))
                0x00123fc0                . = ALIGN (0x4)
 *(.rodata .rodata.* .gnu.linkonce.r.*)
 .rodata        0x00123fc0      0x600 obj/default/char712.o
                0x00123fc0                char_patterns
 .rodata        0x001245c0       0xa8 obj/default/menu.o
                0x001245f8                menu
 .rodata        0x00124668      0x154 obj/default/menuact.o
                0x001246f0                sweep_rates
 .rodata        0x001247bc      0x1e0 obj/default/testcode.o
 .rodata        0x0012499c        0xc ../osc_bsp/\libhal_bsp.a(alt_dev.o)
 .rodata.str1.4
                0x001249a8        0x4 d:/program files/nios2eds/bin/gnu/h-i686-mingw32/bin/../lib/gcc/nios2-elf/4.7.3/../../../../../H-i686-mingw32/nios2-elf/lib/mno-hw-mul\libc.a(lib_a-impure.o)
 *(.rodata1)
                0x001249ac                . = ALIGN (0x4)
                0x001249ac                PROVIDE (__ram_rodata_end, ABSOLUTE (.))
                0x00123fc0                PROVIDE (__flash_rodata_start, LOADADDR (.rodata))

.rwdata         0x001249b0      0x5ec
                0x001249b0                PROVIDE (__ram_rwdata_start, ABSOLUTE (.))
                0x001249b0                . = ALIGN (0x4)
 *(.got.plt)
 *(.got)
 *(.data1)
 *(.data .data.* .gnu.linkonce.d.*)
 .data          0x001249b0        0x0 ../osc_bsp//obj/HAL/src/crt0.o
 .data          0x001249b0        0x0 obj/default/char712.o
 .data          0x001249b0        0x0 obj/default/keyproc.o
 .data          0x001249b0        0x0 obj/default/lcdout.o
 .data          0x001249b0        0x0 obj/default/mainloop.o
 .data          0x001249b0        0x0 obj/default/menu.o
 .data          0x001249b0        0x0 obj/default/menuact.o
 .data          0x001249b0        0x0 obj/default/stubfncs.o
 .data          0x001249b0        0x0 obj/default/testcode.o
 .data          0x001249b0        0x0 obj/default/tracutil.o
 .data          0x001249b0       0x20 obj/default/keyint.o
 .data          0x001249d0        0x0 obj/default/testadc.o
 .data          0x001249d0        0x0 obj/default/testdisp.o
 .data          0x001249d0        0x0 obj/default/testvram.o
 .data          0x001249d0        0x0 d:/program files/nios2eds/bin/gnu/h-i686-mingw32/bin/../lib/gcc/nios2-elf/4.7.3/mno-hw-mul\libgcc.a(lib2-divmod.o)
 .data          0x001249d0        0x0 d:/program files/nios2eds/bin/gnu/h-i686-mingw32/bin/../lib/gcc/nios2-elf/4.7.3/mno-hw-mul\libgcc.a(lib2-mul.o)
 .data          0x001249d0        0x0 d:/program files/nios2eds/bin/gnu/h-i686-mingw32/bin/../lib/gcc/nios2-elf/4.7.3/../../../../../H-i686-mingw32/nios2-elf/lib/mno-hw-mul\libc.a(lib_a-memcpy.o)
 .data          0x001249d0        0x0 ../osc_bsp/\libhal_bsp.a(alt_iic.o)
 .data          0x001249d0        0x0 ../osc_bsp/\libhal_bsp.a(alt_iic_isr_register.o)
 .data          0x001249d0        0x0 ../osc_bsp/\libhal_bsp.a(alt_irq_entry.o)
 .data          0x001249d0        0x0 ../osc_bsp/\libhal_bsp.a(alt_irq_handler.o)
 .data          0x001249d0        0x0 ../osc_bsp/\libhal_bsp.a(alt_irq_vars.o)
 .data          0x001249d0        0x0 ../osc_bsp/\libhal_bsp.a(alt_main.o)
 .data          0x001249d0        0x0 ../osc_bsp/\libhal_bsp.a(alt_sys_init.o)
 .data          0x001249d0        0x0 ../osc_bsp/\libhal_bsp.a(alt_close.o)
 .data          0x001249d0      0x1a8 ../osc_bsp/\libhal_bsp.a(alt_dev.o)
                0x001249d0                alt_dev_null
                0x001249f8                alt_fd_list
 .data          0x00124b78        0x0 ../osc_bsp/\libhal_bsp.a(alt_do_ctors.o)
 .data          0x00124b78        0x0 ../osc_bsp/\libhal_bsp.a(alt_do_dtors.o)
 .data          0x00124b78        0x0 ../osc_bsp/\libhal_bsp.a(alt_errno.o)
 .data          0x00124b78        0x0 ../osc_bsp/\libhal_bsp.a(alt_exception_entry.o)
 .data          0x00124b78        0x0 ../osc_bsp/\libhal_bsp.a(alt_release_fd.o)
 .data          0x00124b78        0x0 ../osc_bsp/\libhal_bsp.a(altera_nios2_qsys_irq.o)
 .data          0x00124b78        0x0 d:/program files/nios2eds/bin/gnu/h-i686-mingw32/bin/../lib/gcc/nios2-elf/4.7.3/../../../../../H-i686-mingw32/nios2-elf/lib/mno-hw-mul\libc.a(lib_a-atexit.o)
 .data          0x00124b78        0x0 d:/program files/nios2eds/bin/gnu/h-i686-mingw32/bin/../lib/gcc/nios2-elf/4.7.3/../../../../../H-i686-mingw32/nios2-elf/lib/mno-hw-mul\libc.a(lib_a-exit.o)
 .data          0x00124b78      0x400 d:/program files/nios2eds/bin/gnu/h-i686-mingw32/bin/../lib/gcc/nios2-elf/4.7.3/../../../../../H-i686-mingw32/nios2-elf/lib/mno-hw-mul\libc.a(lib_a-impure.o)
 .data          0x00124f78        0x0 d:/program files/nios2eds/bin/gnu/h-i686-mingw32/bin/../lib/gcc/nios2-elf/4.7.3/../../../../../H-i686-mingw32/nios2-elf/lib/mno-hw-mul\libc.a(lib_a-int_errno.o)
 .data          0x00124f78        0x0 d:/program files/nios2eds/bin/gnu/h-i686-mingw32/bin/../lib/gcc/nios2-elf/4.7.3/../../../../../H-i686-mingw32/nios2-elf/lib/mno-hw-mul\libc.a(lib_a-__atexit.o)
 .data          0x00124f78        0x0 d:/program files/nios2eds/bin/gnu/h-i686-mingw32/bin/../lib/gcc/nios2-elf/4.7.3/../../../../../H-i686-mingw32/nios2-elf/lib/mno-hw-mul\libc.a(lib_a-__call_atexit.o)
 .data          0x00124f78        0x0 ../osc_bsp/\libhal_bsp.a(alt_exit.o)
                0x0012cf78                _gp = ABSOLUTE ((. + 0x8000))
                0x0012cf78                PROVIDE (gp, _gp)
 *(.rwdata .rwdata.*)
 *(.sdata .sdata.* .gnu.linkonce.s.*)
 .sdata         0x00124f78        0x4 ../osc_bsp/\libhal_bsp.a(alt_irq_vars.o)
                0x00124f78                alt_priority_mask
 .sdata         0x00124f7c       0x14 ../osc_bsp/\libhal_bsp.a(alt_dev.o)
                0x00124f7c                alt_fs_list
                0x00124f84                alt_dev_list
                0x00124f8c                alt_max_fd
 .sdata         0x00124f90        0x4 ../osc_bsp/\libhal_bsp.a(alt_errno.o)
                0x00124f90                alt_errno
 .sdata         0x00124f94        0x8 d:/program files/nios2eds/bin/gnu/h-i686-mingw32/bin/../lib/gcc/nios2-elf/4.7.3/../../../../../H-i686-mingw32/nios2-elf/lib/mno-hw-mul\libc.a(lib_a-impure.o)
                0x00124f94                _global_impure_ptr
                0x00124f98                _impure_ptr
 *(.sdata2 .sdata2.* .gnu.linkonce.s2.*)
                0x00124f9c                . = ALIGN (0x4)
                0x00124f9c                _edata = ABSOLUTE (.)
                0x00124f9c                PROVIDE (edata, ABSOLUTE (.))
                0x00124f9c                PROVIDE (__ram_rwdata_end, ABSOLUTE (.))
                0x001249b0                PROVIDE (__flash_rwdata_start, LOADADDR (.rwdata))

.bss            0x00124f9c      0x7d8
                0x00124f9c                __bss_start = ABSOLUTE (.)
                0x00124f9c                PROVIDE (__sbss_start, ABSOLUTE (.))
                0x00124f9c                PROVIDE (___sbss_start, ABSOLUTE (.))
 *(.dynsbss)
 *(.sbss .sbss.* .gnu.linkonce.sb.*)
 .sbss          0x00124f9c        0x8 obj/default/menu.o
                0x00124f9c                menu_entry
                0x00124fa0                menu_display
 .sbss          0x00124fa4       0x18 obj/default/menuact.o
                0x00124fa4                trigger_mode
                0x00124fa8                level
                0x00124fac                sweep
                0x00124fb0                delay
                0x00124fb4                scale
                0x00124fb8                slope
 .sbss          0x00124fbc       0x20 obj/default/tracutil.o
                0x00124fbc                cur_scale
                0x00124fc0                trace_status
                0x00124fc4                saved_end_y
                0x00124fc8                saved_pos_y
                0x00124fcc                sample_size
                0x00124fd0                saved_end_x
                0x00124fd4                saved_pos_x
                0x00124fd8                sampling
 .sbss          0x00124fdc        0x4 ../osc_bsp/\libhal_bsp.a(alt_irq_vars.o)
                0x00124fdc                alt_irq_active
 .sbss          0x00124fe0        0xc ../osc_bsp/\libhal_bsp.a(alt_main.o)
                0x00124fe0                alt_argc
                0x00124fe4                alt_argv
                0x00124fe8                alt_envp
 .sbss          0x00124fec        0x4 d:/program files/nios2eds/bin/gnu/h-i686-mingw32/bin/../lib/gcc/nios2-elf/4.7.3/../../../../../H-i686-mingw32/nios2-elf/lib/mno-hw-mul\libc.a(lib_a-int_errno.o)
                0x00124fec                errno
 *(.sbss2 .sbss2.* .gnu.linkonce.sb2.*)
 *(.scommon)
                0x00124ff0                PROVIDE (__sbss_end, ABSOLUTE (.))
                0x00124ff0                PROVIDE (___sbss_end, ABSOLUTE (.))
 *(.dynbss)
 *(.bss .bss.* .gnu.linkonce.b.*)
 .bss           0x00124ff0        0x0 ../osc_bsp//obj/HAL/src/crt0.o
 .bss           0x00124ff0        0x0 obj/default/char712.o
 .bss           0x00124ff0        0x0 obj/default/keyproc.o
 .bss           0x00124ff0        0x0 obj/default/lcdout.o
 .bss           0x00124ff0        0x0 obj/default/mainloop.o
 .bss           0x00124ff0        0x0 obj/default/menu.o
 .bss           0x00124ff0        0x0 obj/default/menuact.o
 .bss           0x00124ff0        0x0 obj/default/stubfncs.o
 .bss           0x00124ff0        0x0 obj/default/testcode.o
 .bss           0x00124ff0        0x0 obj/default/tracutil.o
 .bss           0x00124ff0        0x0 obj/default/keyint.o
 .bss           0x00124ff0        0x0 obj/default/testadc.o
 .bss           0x00124ff0        0x0 obj/default/testdisp.o
 .bss           0x00124ff0        0x0 obj/default/testvram.o
 .bss           0x00124ff0        0x0 d:/program files/nios2eds/bin/gnu/h-i686-mingw32/bin/../lib/gcc/nios2-elf/4.7.3/mno-hw-mul\libgcc.a(lib2-divmod.o)
 .bss           0x00124ff0        0x0 d:/program files/nios2eds/bin/gnu/h-i686-mingw32/bin/../lib/gcc/nios2-elf/4.7.3/mno-hw-mul\libgcc.a(lib2-mul.o)
 .bss           0x00124ff0        0x0 d:/program files/nios2eds/bin/gnu/h-i686-mingw32/bin/../lib/gcc/nios2-elf/4.7.3/../../../../../H-i686-mingw32/nios2-elf/lib/mno-hw-mul\libc.a(lib_a-memcpy.o)
 .bss           0x00124ff0        0x0 ../osc_bsp/\libhal_bsp.a(alt_iic.o)
 .bss           0x00124ff0        0x0 ../osc_bsp/\libhal_bsp.a(alt_iic_isr_register.o)
 .bss           0x00124ff0        0x0 ../osc_bsp/\libhal_bsp.a(alt_irq_entry.o)
 .bss           0x00124ff0        0x0 ../osc_bsp/\libhal_bsp.a(alt_irq_handler.o)
 .bss           0x00124ff0        0x0 ../osc_bsp/\libhal_bsp.a(alt_irq_vars.o)
 .bss           0x00124ff0        0x0 ../osc_bsp/\libhal_bsp.a(alt_main.o)
 .bss           0x00124ff0        0x0 ../osc_bsp/\libhal_bsp.a(alt_sys_init.o)
 .bss           0x00124ff0        0x0 ../osc_bsp/\libhal_bsp.a(alt_close.o)
 .bss           0x00124ff0        0x0 ../osc_bsp/\libhal_bsp.a(alt_dev.o)
 .bss           0x00124ff0        0x0 ../osc_bsp/\libhal_bsp.a(alt_do_ctors.o)
 .bss           0x00124ff0        0x0 ../osc_bsp/\libhal_bsp.a(alt_do_dtors.o)
 .bss           0x00124ff0        0x0 ../osc_bsp/\libhal_bsp.a(alt_errno.o)
 .bss           0x00124ff0        0x0 ../osc_bsp/\libhal_bsp.a(alt_exception_entry.o)
 .bss           0x00124ff0        0x0 ../osc_bsp/\libhal_bsp.a(alt_release_fd.o)
 .bss           0x00124ff0        0x0 ../osc_bsp/\libhal_bsp.a(altera_nios2_qsys_irq.o)
 .bss           0x00124ff0        0x0 d:/program files/nios2eds/bin/gnu/h-i686-mingw32/bin/../lib/gcc/nios2-elf/4.7.3/../../../../../H-i686-mingw32/nios2-elf/lib/mno-hw-mul\libc.a(lib_a-atexit.o)
 .bss           0x00124ff0        0x0 d:/program files/nios2eds/bin/gnu/h-i686-mingw32/bin/../lib/gcc/nios2-elf/4.7.3/../../../../../H-i686-mingw32/nios2-elf/lib/mno-hw-mul\libc.a(lib_a-exit.o)
 .bss           0x00124ff0        0x0 d:/program files/nios2eds/bin/gnu/h-i686-mingw32/bin/../lib/gcc/nios2-elf/4.7.3/../../../../../H-i686-mingw32/nios2-elf/lib/mno-hw-mul\libc.a(lib_a-impure.o)
 .bss           0x00124ff0        0x0 d:/program files/nios2eds/bin/gnu/h-i686-mingw32/bin/../lib/gcc/nios2-elf/4.7.3/../../../../../H-i686-mingw32/nios2-elf/lib/mno-hw-mul\libc.a(lib_a-int_errno.o)
 .bss           0x00124ff0        0x0 d:/program files/nios2eds/bin/gnu/h-i686-mingw32/bin/../lib/gcc/nios2-elf/4.7.3/../../../../../H-i686-mingw32/nios2-elf/lib/mno-hw-mul\libc.a(lib_a-__atexit.o)
 .bss           0x00124ff0        0x0 d:/program files/nios2eds/bin/gnu/h-i686-mingw32/bin/../lib/gcc/nios2-elf/4.7.3/../../../../../H-i686-mingw32/nios2-elf/lib/mno-hw-mul\libc.a(lib_a-__call_atexit.o)
 .bss           0x00124ff0        0x0 ../osc_bsp/\libhal_bsp.a(alt_exit.o)
 *(COMMON)
 COMMON         0x00124ff0      0x4f4 obj/default/tracutil.o
                0x00124ff0                saved_menu
                0x00125290                saved_axis_y
                0x00125340                saved_axis_x
                0x001253f4                saved_area
 COMMON         0x001254e4      0x100 ../osc_bsp/\libhal_bsp.a(alt_irq_handler.o)
                0x001254e4                alt_irq
 COMMON         0x001255e4      0x190 d:/program files/nios2eds/bin/gnu/h-i686-mingw32/bin/../lib/gcc/nios2-elf/4.7.3/../../../../../H-i686-mingw32/nios2-elf/lib/mno-hw-mul\libc.a(lib_a-atexit.o)
                0x001255e4                _atexit0
                0x00125774                . = ALIGN (0x4)
                0x00125774                __bss_end = ABSOLUTE (.)

.VRAM_ctrl      0x00080000        0x0
                0x00080000                PROVIDE (_alt_partition_VRAM_ctrl_start, ABSOLUTE (.))
 *(.VRAM_ctrl .VRAM_ctrl. VRAM_ctrl.*)
                0x00080000                . = ALIGN (0x4)
                0x00080000                PROVIDE (_alt_partition_VRAM_ctrl_end, ABSOLUTE (.))
                0x00080000                PROVIDE (_alt_partition_VRAM_ctrl_load_addr, LOADADDR (.VRAM_ctrl))

.RAM_ctrl       0x00125774        0x0
                0x00125774                PROVIDE (_alt_partition_RAM_ctrl_start, ABSOLUTE (.))
 *(.RAM_ctrl .RAM_ctrl. RAM_ctrl.*)
                0x00125774                . = ALIGN (0x4)
                0x00125774                PROVIDE (_alt_partition_RAM_ctrl_end, ABSOLUTE (.))
                0x00125774                _end = ABSOLUTE (.)
                0x00125774                end = ABSOLUTE (.)
                0x00125774                __alt_stack_base = ABSOLUTE (.)
                0x00125774                PROVIDE (_alt_partition_RAM_ctrl_load_addr, LOADADDR (.RAM_ctrl))

.ROM_ctrl       0x00130000        0x0
                0x00130000                PROVIDE (_alt_partition_ROM_ctrl_start, ABSOLUTE (.))
 *(.ROM_ctrl .ROM_ctrl. ROM_ctrl.*)
                0x00130000                . = ALIGN (0x4)
                0x00130000                PROVIDE (_alt_partition_ROM_ctrl_end, ABSOLUTE (.))
                0x00130000                PROVIDE (_alt_partition_ROM_ctrl_load_addr, LOADADDR (.ROM_ctrl))

.ONCHIP_mem     0x001481b8        0x0
                0x001481b8                PROVIDE (_alt_partition_ONCHIP_mem_start, ABSOLUTE (.))
 *(.ONCHIP_mem .ONCHIP_mem. ONCHIP_mem.*)
                0x001481b8                . = ALIGN (0x4)
                0x001481b8                PROVIDE (_alt_partition_ONCHIP_mem_end, ABSOLUTE (.))
                0x001481b8                PROVIDE (_alt_partition_ONCHIP_mem_load_addr, LOADADDR (.ONCHIP_mem))

.stab
 *(.stab)

.stabstr
 *(.stabstr)

.stab.excl
 *(.stab.excl)

.stab.exclstr
 *(.stab.exclstr)

.stab.index
 *(.stab.index)

.stab.indexstr
 *(.stab.indexstr)

.comment        0x00000000       0x23
 *(.comment)
 .comment       0x00000000       0x23 obj/default/char712.o
                                 0x24 (size before relaxing)
 .comment       0x00000000       0x24 obj/default/keyproc.o
 .comment       0x00000000       0x24 obj/default/lcdout.o
 .comment       0x00000000       0x24 obj/default/mainloop.o
 .comment       0x00000000       0x24 obj/default/menu.o
 .comment       0x00000000       0x24 obj/default/menuact.o
 .comment       0x00000000       0x24 obj/default/stubfncs.o
 .comment       0x00000000       0x24 obj/default/testcode.o
 .comment       0x00000000       0x24 obj/default/tracutil.o
 .comment       0x00000000       0x24 d:/program files/nios2eds/bin/gnu/h-i686-mingw32/bin/../lib/gcc/nios2-elf/4.7.3/mno-hw-mul\libgcc.a(lib2-divmod.o)
 .comment       0x00000000       0x24 d:/program files/nios2eds/bin/gnu/h-i686-mingw32/bin/../lib/gcc/nios2-elf/4.7.3/mno-hw-mul\libgcc.a(lib2-mul.o)
 .comment       0x00000000       0x24 d:/program files/nios2eds/bin/gnu/h-i686-mingw32/bin/../lib/gcc/nios2-elf/4.7.3/../../../../../H-i686-mingw32/nios2-elf/lib/mno-hw-mul\libc.a(lib_a-memcpy.o)
 .comment       0x00000000       0x24 ../osc_bsp/\libhal_bsp.a(alt_iic.o)
 .comment       0x00000000       0x24 ../osc_bsp/\libhal_bsp.a(alt_iic_isr_register.o)
 .comment       0x00000000       0x24 ../osc_bsp/\libhal_bsp.a(alt_irq_handler.o)
 .comment       0x00000000       0x24 ../osc_bsp/\libhal_bsp.a(alt_irq_vars.o)
 .comment       0x00000000       0x24 ../osc_bsp/\libhal_bsp.a(alt_main.o)
 .comment       0x00000000       0x24 ../osc_bsp/\libhal_bsp.a(alt_sys_init.o)
 .comment       0x00000000       0x24 ../osc_bsp/\libhal_bsp.a(alt_close.o)
 .comment       0x00000000       0x24 ../osc_bsp/\libhal_bsp.a(alt_dev.o)
 .comment       0x00000000       0x24 ../osc_bsp/\libhal_bsp.a(alt_do_ctors.o)
 .comment       0x00000000       0x24 ../osc_bsp/\libhal_bsp.a(alt_do_dtors.o)
 .comment       0x00000000       0x24 ../osc_bsp/\libhal_bsp.a(alt_errno.o)
 .comment       0x00000000       0x24 ../osc_bsp/\libhal_bsp.a(alt_release_fd.o)
 .comment       0x00000000       0x24 ../osc_bsp/\libhal_bsp.a(altera_nios2_qsys_irq.o)
 .comment       0x00000000       0x24 d:/program files/nios2eds/bin/gnu/h-i686-mingw32/bin/../lib/gcc/nios2-elf/4.7.3/../../../../../H-i686-mingw32/nios2-elf/lib/mno-hw-mul\libc.a(lib_a-atexit.o)
 .comment       0x00000000       0x24 d:/program files/nios2eds/bin/gnu/h-i686-mingw32/bin/../lib/gcc/nios2-elf/4.7.3/../../../../../H-i686-mingw32/nios2-elf/lib/mno-hw-mul\libc.a(lib_a-exit.o)
 .comment       0x00000000       0x24 d:/program files/nios2eds/bin/gnu/h-i686-mingw32/bin/../lib/gcc/nios2-elf/4.7.3/../../../../../H-i686-mingw32/nios2-elf/lib/mno-hw-mul\libc.a(lib_a-impure.o)
 .comment       0x00000000       0x24 d:/program files/nios2eds/bin/gnu/h-i686-mingw32/bin/../lib/gcc/nios2-elf/4.7.3/../../../../../H-i686-mingw32/nios2-elf/lib/mno-hw-mul\libc.a(lib_a-int_errno.o)
 .comment       0x00000000       0x24 d:/program files/nios2eds/bin/gnu/h-i686-mingw32/bin/../lib/gcc/nios2-elf/4.7.3/../../../../../H-i686-mingw32/nios2-elf/lib/mno-hw-mul\libc.a(lib_a-__atexit.o)
 .comment       0x00000000       0x24 d:/program files/nios2eds/bin/gnu/h-i686-mingw32/bin/../lib/gcc/nios2-elf/4.7.3/../../../../../H-i686-mingw32/nios2-elf/lib/mno-hw-mul\libc.a(lib_a-__call_atexit.o)
 .comment       0x00000000       0x24 ../osc_bsp/\libhal_bsp.a(alt_exit.o)

.debug
 *(.debug)

.line
 *(.line)

.debug_srcinfo
 *(.debug_srcinfo)

.debug_sfnames
 *(.debug_sfnames)

.debug_aranges  0x00000000      0x4e0
 *(.debug_aranges)
 .debug_aranges
                0x00000000       0x20 ../osc_bsp//obj/HAL/src/crt0.o
 .debug_aranges
                0x00000020       0x18 obj/default/char712.o
 .debug_aranges
                0x00000038       0x20 obj/default/keyproc.o
 .debug_aranges
                0x00000058       0x20 obj/default/lcdout.o
 .debug_aranges
                0x00000078       0x20 obj/default/mainloop.o
 .debug_aranges
                0x00000098       0x20 obj/default/menu.o
 .debug_aranges
                0x000000b8       0x20 obj/default/menuact.o
 .debug_aranges
                0x000000d8       0x20 obj/default/stubfncs.o
 .debug_aranges
                0x000000f8       0x20 obj/default/testcode.o
 .debug_aranges
                0x00000118       0x20 obj/default/tracutil.o
 .debug_aranges
                0x00000138       0x20 obj/default/keyint.o
 .debug_aranges
                0x00000158       0x20 obj/default/testadc.o
 .debug_aranges
                0x00000178       0x20 obj/default/testdisp.o
 .debug_aranges
                0x00000198       0x20 obj/default/testvram.o
 .debug_aranges
                0x000001b8       0x20 d:/program files/nios2eds/bin/gnu/h-i686-mingw32/bin/../lib/gcc/nios2-elf/4.7.3/mno-hw-mul\libgcc.a(lib2-divmod.o)
 .debug_aranges
                0x000001d8       0x20 d:/program files/nios2eds/bin/gnu/h-i686-mingw32/bin/../lib/gcc/nios2-elf/4.7.3/mno-hw-mul\libgcc.a(lib2-mul.o)
 .debug_aranges
                0x000001f8       0x20 d:/program files/nios2eds/bin/gnu/h-i686-mingw32/bin/../lib/gcc/nios2-elf/4.7.3/../../../../../H-i686-mingw32/nios2-elf/lib/mno-hw-mul\libc.a(lib_a-memcpy.o)
 .debug_aranges
                0x00000218       0x20 ../osc_bsp/\libhal_bsp.a(alt_iic.o)
 .debug_aranges
                0x00000238       0x20 ../osc_bsp/\libhal_bsp.a(alt_iic_isr_register.o)
 .debug_aranges
                0x00000258       0x30 ../osc_bsp/\libhal_bsp.a(alt_irq_entry.o)
 .debug_aranges
                0x00000288       0x20 ../osc_bsp/\libhal_bsp.a(alt_irq_handler.o)
 .debug_aranges
                0x000002a8       0x18 ../osc_bsp/\libhal_bsp.a(alt_irq_vars.o)
 .debug_aranges
                0x000002c0       0x20 ../osc_bsp/\libhal_bsp.a(alt_main.o)
 .debug_aranges
                0x000002e0       0x20 ../osc_bsp/\libhal_bsp.a(alt_sys_init.o)
 .debug_aranges
                0x00000300       0x20 ../osc_bsp/\libhal_bsp.a(alt_close.o)
 .debug_aranges
                0x00000320       0x20 ../osc_bsp/\libhal_bsp.a(alt_dev.o)
 .debug_aranges
                0x00000340       0x20 ../osc_bsp/\libhal_bsp.a(alt_do_ctors.o)
 .debug_aranges
                0x00000360       0x20 ../osc_bsp/\libhal_bsp.a(alt_do_dtors.o)
 .debug_aranges
                0x00000380       0x18 ../osc_bsp/\libhal_bsp.a(alt_errno.o)
 .debug_aranges
                0x00000398       0x38 ../osc_bsp/\libhal_bsp.a(alt_exception_entry.o)
 .debug_aranges
                0x000003d0       0x20 ../osc_bsp/\libhal_bsp.a(alt_release_fd.o)
 .debug_aranges
                0x000003f0       0x20 ../osc_bsp/\libhal_bsp.a(altera_nios2_qsys_irq.o)
 .debug_aranges
                0x00000410       0x20 d:/program files/nios2eds/bin/gnu/h-i686-mingw32/bin/../lib/gcc/nios2-elf/4.7.3/../../../../../H-i686-mingw32/nios2-elf/lib/mno-hw-mul\libc.a(lib_a-atexit.o)
 .debug_aranges
                0x00000430       0x20 d:/program files/nios2eds/bin/gnu/h-i686-mingw32/bin/../lib/gcc/nios2-elf/4.7.3/../../../../../H-i686-mingw32/nios2-elf/lib/mno-hw-mul\libc.a(lib_a-exit.o)
 .debug_aranges
                0x00000450       0x18 d:/program files/nios2eds/bin/gnu/h-i686-mingw32/bin/../lib/gcc/nios2-elf/4.7.3/../../../../../H-i686-mingw32/nios2-elf/lib/mno-hw-mul\libc.a(lib_a-impure.o)
 .debug_aranges
                0x00000468       0x18 d:/program files/nios2eds/bin/gnu/h-i686-mingw32/bin/../lib/gcc/nios2-elf/4.7.3/../../../../../H-i686-mingw32/nios2-elf/lib/mno-hw-mul\libc.a(lib_a-int_errno.o)
 .debug_aranges
                0x00000480       0x20 d:/program files/nios2eds/bin/gnu/h-i686-mingw32/bin/../lib/gcc/nios2-elf/4.7.3/../../../../../H-i686-mingw32/nios2-elf/lib/mno-hw-mul\libc.a(lib_a-__atexit.o)
 .debug_aranges
                0x000004a0       0x20 d:/program files/nios2eds/bin/gnu/h-i686-mingw32/bin/../lib/gcc/nios2-elf/4.7.3/../../../../../H-i686-mingw32/nios2-elf/lib/mno-hw-mul\libc.a(lib_a-__call_atexit.o)
 .debug_aranges
                0x000004c0       0x20 ../osc_bsp/\libhal_bsp.a(alt_exit.o)

.debug_pubnames
 *(.debug_pubnames)

.debug_info     0x00000000     0x5fd5
 *(.debug_info .gnu.linkonce.wi.*)
 .debug_info    0x00000000       0x80 ../osc_bsp//obj/HAL/src/crt0.o
 .debug_info    0x00000080       0x54 obj/default/char712.o
 .debug_info    0x000000d4      0x161 obj/default/keyproc.o
 .debug_info    0x00000235      0x2d5 obj/default/lcdout.o
 .debug_info    0x0000050a      0x1b5 obj/default/mainloop.o
 .debug_info    0x000006bf      0x2c8 obj/default/menu.o
 .debug_info    0x00000987      0x713 obj/default/menuact.o
 .debug_info    0x0000109a      0x16d obj/default/stubfncs.o
 .debug_info    0x00001207       0xd0 obj/default/testcode.o
 .debug_info    0x000012d7      0x4bf obj/default/tracutil.o
 .debug_info    0x00001796       0x76 obj/default/keyint.o
 .debug_info    0x0000180c       0x77 obj/default/testadc.o
 .debug_info    0x00001883       0x78 obj/default/testdisp.o
 .debug_info    0x000018fb       0x78 obj/default/testvram.o
 .debug_info    0x00001973      0x289 d:/program files/nios2eds/bin/gnu/h-i686-mingw32/bin/../lib/gcc/nios2-elf/4.7.3/mno-hw-mul\libgcc.a(lib2-divmod.o)
 .debug_info    0x00001bfc       0xb8 d:/program files/nios2eds/bin/gnu/h-i686-mingw32/bin/../lib/gcc/nios2-elf/4.7.3/mno-hw-mul\libgcc.a(lib2-mul.o)
 .debug_info    0x00001cb4      0x10f d:/program files/nios2eds/bin/gnu/h-i686-mingw32/bin/../lib/gcc/nios2-elf/4.7.3/../../../../../H-i686-mingw32/nios2-elf/lib/mno-hw-mul\libc.a(lib_a-memcpy.o)
 .debug_info    0x00001dc3      0x364 ../osc_bsp/\libhal_bsp.a(alt_iic.o)
 .debug_info    0x00002127      0x1f6 ../osc_bsp/\libhal_bsp.a(alt_iic_isr_register.o)
 .debug_info    0x0000231d       0x85 ../osc_bsp/\libhal_bsp.a(alt_irq_entry.o)
 .debug_info    0x000023a2      0x190 ../osc_bsp/\libhal_bsp.a(alt_irq_handler.o)
 .debug_info    0x00002532       0x8a ../osc_bsp/\libhal_bsp.a(alt_irq_vars.o)
 .debug_info    0x000025bc      0x139 ../osc_bsp/\libhal_bsp.a(alt_main.o)
 .debug_info    0x000026f5       0xd7 ../osc_bsp/\libhal_bsp.a(alt_sys_init.o)
 .debug_info    0x000027cc      0x350 ../osc_bsp/\libhal_bsp.a(alt_close.o)
 .debug_info    0x00002b1c      0x4e3 ../osc_bsp/\libhal_bsp.a(alt_dev.o)
 .debug_info    0x00002fff       0x8d ../osc_bsp/\libhal_bsp.a(alt_do_ctors.o)
 .debug_info    0x0000308c       0x8d ../osc_bsp/\libhal_bsp.a(alt_do_dtors.o)
 .debug_info    0x00003119       0xa3 ../osc_bsp/\libhal_bsp.a(alt_errno.o)
 .debug_info    0x000031bc       0x8b ../osc_bsp/\libhal_bsp.a(alt_exception_entry.o)
 .debug_info    0x00003247      0x2dd ../osc_bsp/\libhal_bsp.a(alt_release_fd.o)
 .debug_info    0x00003524       0x90 ../osc_bsp/\libhal_bsp.a(altera_nios2_qsys_irq.o)
 .debug_info    0x000035b4      0x1e6 d:/program files/nios2eds/bin/gnu/h-i686-mingw32/bin/../lib/gcc/nios2-elf/4.7.3/../../../../../H-i686-mingw32/nios2-elf/lib/mno-hw-mul\libc.a(lib_a-atexit.o)
 .debug_info    0x0000379a      0x993 d:/program files/nios2eds/bin/gnu/h-i686-mingw32/bin/../lib/gcc/nios2-elf/4.7.3/../../../../../H-i686-mingw32/nios2-elf/lib/mno-hw-mul\libc.a(lib_a-exit.o)
 .debug_info    0x0000412d      0x938 d:/program files/nios2eds/bin/gnu/h-i686-mingw32/bin/../lib/gcc/nios2-elf/4.7.3/../../../../../H-i686-mingw32/nios2-elf/lib/mno-hw-mul\libc.a(lib_a-impure.o)
 .debug_info    0x00004a65       0x84 d:/program files/nios2eds/bin/gnu/h-i686-mingw32/bin/../lib/gcc/nios2-elf/4.7.3/../../../../../H-i686-mingw32/nios2-elf/lib/mno-hw-mul\libc.a(lib_a-int_errno.o)
 .debug_info    0x00004ae9      0x9f9 d:/program files/nios2eds/bin/gnu/h-i686-mingw32/bin/../lib/gcc/nios2-elf/4.7.3/../../../../../H-i686-mingw32/nios2-elf/lib/mno-hw-mul\libc.a(lib_a-__atexit.o)
 .debug_info    0x000054e2      0xa07 d:/program files/nios2eds/bin/gnu/h-i686-mingw32/bin/../lib/gcc/nios2-elf/4.7.3/../../../../../H-i686-mingw32/nios2-elf/lib/mno-hw-mul\libc.a(lib_a-__call_atexit.o)
 .debug_info    0x00005ee9       0xec ../osc_bsp/\libhal_bsp.a(alt_exit.o)

.debug_abbrev   0x00000000     0x1e46
 *(.debug_abbrev)
 .debug_abbrev  0x00000000       0x14 ../osc_bsp//obj/HAL/src/crt0.o
 .debug_abbrev  0x00000014       0x45 obj/default/char712.o
 .debug_abbrev  0x00000059       0xce obj/default/keyproc.o
 .debug_abbrev  0x00000127      0x112 obj/default/lcdout.o
 .debug_abbrev  0x00000239       0xfc obj/default/mainloop.o
 .debug_abbrev  0x00000335      0x14a obj/default/menu.o
 .debug_abbrev  0x0000047f      0x194 obj/default/menuact.o
 .debug_abbrev  0x00000613       0xb9 obj/default/stubfncs.o
 .debug_abbrev  0x000006cc       0x84 obj/default/testcode.o
 .debug_abbrev  0x00000750      0x15a obj/default/tracutil.o
 .debug_abbrev  0x000008aa       0x14 obj/default/keyint.o
 .debug_abbrev  0x000008be       0x14 obj/default/testadc.o
 .debug_abbrev  0x000008d2       0x14 obj/default/testdisp.o
 .debug_abbrev  0x000008e6       0x14 obj/default/testvram.o
 .debug_abbrev  0x000008fa      0x112 d:/program files/nios2eds/bin/gnu/h-i686-mingw32/bin/../lib/gcc/nios2-elf/4.7.3/mno-hw-mul\libgcc.a(lib2-divmod.o)
 .debug_abbrev  0x00000a0c       0x6f d:/program files/nios2eds/bin/gnu/h-i686-mingw32/bin/../lib/gcc/nios2-elf/4.7.3/mno-hw-mul\libgcc.a(lib2-mul.o)
 .debug_abbrev  0x00000a7b       0x9c d:/program files/nios2eds/bin/gnu/h-i686-mingw32/bin/../lib/gcc/nios2-elf/4.7.3/../../../../../H-i686-mingw32/nios2-elf/lib/mno-hw-mul\libc.a(lib_a-memcpy.o)
 .debug_abbrev  0x00000b17      0x16a ../osc_bsp/\libhal_bsp.a(alt_iic.o)
 .debug_abbrev  0x00000c81      0x169 ../osc_bsp/\libhal_bsp.a(alt_iic_isr_register.o)
 .debug_abbrev  0x00000dea       0x12 ../osc_bsp/\libhal_bsp.a(alt_irq_entry.o)
 .debug_abbrev  0x00000dfc      0x124 ../osc_bsp/\libhal_bsp.a(alt_irq_handler.o)
 .debug_abbrev  0x00000f20       0x40 ../osc_bsp/\libhal_bsp.a(alt_irq_vars.o)
 .debug_abbrev  0x00000f60       0xba ../osc_bsp/\libhal_bsp.a(alt_main.o)
 .debug_abbrev  0x0000101a       0x95 ../osc_bsp/\libhal_bsp.a(alt_sys_init.o)
 .debug_abbrev  0x000010af      0x11f ../osc_bsp/\libhal_bsp.a(alt_close.o)
 .debug_abbrev  0x000011ce       0xd9 ../osc_bsp/\libhal_bsp.a(alt_dev.o)
 .debug_abbrev  0x000012a7       0x79 ../osc_bsp/\libhal_bsp.a(alt_do_ctors.o)
 .debug_abbrev  0x00001320       0x79 ../osc_bsp/\libhal_bsp.a(alt_do_dtors.o)
 .debug_abbrev  0x00001399       0x5a ../osc_bsp/\libhal_bsp.a(alt_errno.o)
 .debug_abbrev  0x000013f3       0x12 ../osc_bsp/\libhal_bsp.a(alt_exception_entry.o)
 .debug_abbrev  0x00001405       0xde ../osc_bsp/\libhal_bsp.a(alt_release_fd.o)
 .debug_abbrev  0x000014e3       0x42 ../osc_bsp/\libhal_bsp.a(altera_nios2_qsys_irq.o)
 .debug_abbrev  0x00001525      0x106 d:/program files/nios2eds/bin/gnu/h-i686-mingw32/bin/../lib/gcc/nios2-elf/4.7.3/../../../../../H-i686-mingw32/nios2-elf/lib/mno-hw-mul\libc.a(lib_a-atexit.o)
 .debug_abbrev  0x0000162b      0x1c8 d:/program files/nios2eds/bin/gnu/h-i686-mingw32/bin/../lib/gcc/nios2-elf/4.7.3/../../../../../H-i686-mingw32/nios2-elf/lib/mno-hw-mul\libc.a(lib_a-exit.o)
 .debug_abbrev  0x000017f3      0x162 d:/program files/nios2eds/bin/gnu/h-i686-mingw32/bin/../lib/gcc/nios2-elf/4.7.3/../../../../../H-i686-mingw32/nios2-elf/lib/mno-hw-mul\libc.a(lib_a-impure.o)
 .debug_abbrev  0x00001955       0x37 d:/program files/nios2eds/bin/gnu/h-i686-mingw32/bin/../lib/gcc/nios2-elf/4.7.3/../../../../../H-i686-mingw32/nios2-elf/lib/mno-hw-mul\libc.a(lib_a-int_errno.o)
 .debug_abbrev  0x0000198c      0x211 d:/program files/nios2eds/bin/gnu/h-i686-mingw32/bin/../lib/gcc/nios2-elf/4.7.3/../../../../../H-i686-mingw32/nios2-elf/lib/mno-hw-mul\libc.a(lib_a-__atexit.o)
 .debug_abbrev  0x00001b9d      0x203 d:/program files/nios2eds/bin/gnu/h-i686-mingw32/bin/../lib/gcc/nios2-elf/4.7.3/../../../../../H-i686-mingw32/nios2-elf/lib/mno-hw-mul\libc.a(lib_a-__call_atexit.o)
 .debug_abbrev  0x00001da0       0xa6 ../osc_bsp/\libhal_bsp.a(alt_exit.o)

.debug_line     0x00000000     0x2155
 *(.debug_line)
 .debug_line    0x00000000       0x51 ../osc_bsp//obj/HAL/src/crt0.o
 .debug_line    0x00000051       0x2a obj/default/char712.o
 .debug_line    0x0000007b       0x75 obj/default/keyproc.o
 .debug_line    0x000000f0       0xf4 obj/default/lcdout.o
 .debug_line    0x000001e4       0x74 obj/default/mainloop.o
 .debug_line    0x00000258       0xdf obj/default/menu.o
 .debug_line    0x00000337      0x1d2 obj/default/menuact.o
 .debug_line    0x00000509       0x51 obj/default/stubfncs.o
 .debug_line    0x0000055a       0x5f obj/default/testcode.o
 .debug_line    0x000005b9      0x2a0 obj/default/tracutil.o
 .debug_line    0x00000859       0xa7 obj/default/keyint.o
 .debug_line    0x00000900       0xb5 obj/default/testadc.o
 .debug_line    0x000009b5       0x88 obj/default/testdisp.o
 .debug_line    0x00000a3d       0x62 obj/default/testvram.o
 .debug_line    0x00000a9f       0xd6 d:/program files/nios2eds/bin/gnu/h-i686-mingw32/bin/../lib/gcc/nios2-elf/4.7.3/mno-hw-mul\libgcc.a(lib2-divmod.o)
 .debug_line    0x00000b75       0x80 d:/program files/nios2eds/bin/gnu/h-i686-mingw32/bin/../lib/gcc/nios2-elf/4.7.3/mno-hw-mul\libgcc.a(lib2-mul.o)
 .debug_line    0x00000bf5      0x144 d:/program files/nios2eds/bin/gnu/h-i686-mingw32/bin/../lib/gcc/nios2-elf/4.7.3/../../../../../H-i686-mingw32/nios2-elf/lib/mno-hw-mul\libc.a(lib_a-memcpy.o)
 .debug_line    0x00000d39       0xed ../osc_bsp/\libhal_bsp.a(alt_iic.o)
 .debug_line    0x00000e26       0xdb ../osc_bsp/\libhal_bsp.a(alt_iic_isr_register.o)
 .debug_line    0x00000f01       0x6b ../osc_bsp/\libhal_bsp.a(alt_irq_entry.o)
 .debug_line    0x00000f6c       0xae ../osc_bsp/\libhal_bsp.a(alt_irq_handler.o)
 .debug_line    0x0000101a       0x50 ../osc_bsp/\libhal_bsp.a(alt_irq_vars.o)
 .debug_line    0x0000106a       0xa0 ../osc_bsp/\libhal_bsp.a(alt_main.o)
 .debug_line    0x0000110a       0x6c ../osc_bsp/\libhal_bsp.a(alt_sys_init.o)
 .debug_line    0x00001176      0x188 ../osc_bsp/\libhal_bsp.a(alt_close.o)
 .debug_line    0x000012fe      0x11b ../osc_bsp/\libhal_bsp.a(alt_dev.o)
 .debug_line    0x00001419       0x59 ../osc_bsp/\libhal_bsp.a(alt_do_ctors.o)
 .debug_line    0x00001472       0x59 ../osc_bsp/\libhal_bsp.a(alt_do_dtors.o)
 .debug_line    0x000014cb       0x51 ../osc_bsp/\libhal_bsp.a(alt_errno.o)
 .debug_line    0x0000151c       0xab ../osc_bsp/\libhal_bsp.a(alt_exception_entry.o)
 .debug_line    0x000015c7       0xb0 ../osc_bsp/\libhal_bsp.a(alt_release_fd.o)
 .debug_line    0x00001677       0x51 ../osc_bsp/\libhal_bsp.a(altera_nios2_qsys_irq.o)
 .debug_line    0x000016c8      0x170 d:/program files/nios2eds/bin/gnu/h-i686-mingw32/bin/../lib/gcc/nios2-elf/4.7.3/../../../../../H-i686-mingw32/nios2-elf/lib/mno-hw-mul\libc.a(lib_a-atexit.o)
 .debug_line    0x00001838      0x21c d:/program files/nios2eds/bin/gnu/h-i686-mingw32/bin/../lib/gcc/nios2-elf/4.7.3/../../../../../H-i686-mingw32/nios2-elf/lib/mno-hw-mul\libc.a(lib_a-exit.o)
 .debug_line    0x00001a54      0x176 d:/program files/nios2eds/bin/gnu/h-i686-mingw32/bin/../lib/gcc/nios2-elf/4.7.3/../../../../../H-i686-mingw32/nios2-elf/lib/mno-hw-mul\libc.a(lib_a-impure.o)
 .debug_line    0x00001bca       0x60 d:/program files/nios2eds/bin/gnu/h-i686-mingw32/bin/../lib/gcc/nios2-elf/4.7.3/../../../../../H-i686-mingw32/nios2-elf/lib/mno-hw-mul\libc.a(lib_a-int_errno.o)
 .debug_line    0x00001c2a      0x253 d:/program files/nios2eds/bin/gnu/h-i686-mingw32/bin/../lib/gcc/nios2-elf/4.7.3/../../../../../H-i686-mingw32/nios2-elf/lib/mno-hw-mul\libc.a(lib_a-__atexit.o)
 .debug_line    0x00001e7d      0x267 d:/program files/nios2eds/bin/gnu/h-i686-mingw32/bin/../lib/gcc/nios2-elf/4.7.3/../../../../../H-i686-mingw32/nios2-elf/lib/mno-hw-mul\libc.a(lib_a-__call_atexit.o)
 .debug_line    0x000020e4       0x71 ../osc_bsp/\libhal_bsp.a(alt_exit.o)

.debug_frame    0x00000000      0xcac
 *(.debug_frame)
 .debug_frame   0x00000000       0xb8 obj/default/keyproc.o
 .debug_frame   0x000000b8       0x9c obj/default/lcdout.o
 .debug_frame   0x00000154       0x48 obj/default/mainloop.o
 .debug_frame   0x0000019c      0x128 obj/default/menu.o
 .debug_frame   0x000002c4      0x324 obj/default/menuact.o
 .debug_frame   0x000005e8       0xd4 obj/default/stubfncs.o
 .debug_frame   0x000006bc       0x30 obj/default/testcode.o
 .debug_frame   0x000006ec      0x1b4 obj/default/tracutil.o
 .debug_frame   0x000008a0       0x70 d:/program files/nios2eds/bin/gnu/h-i686-mingw32/bin/../lib/gcc/nios2-elf/4.7.3/mno-hw-mul\libgcc.a(lib2-divmod.o)
 .debug_frame   0x00000910       0x20 d:/program files/nios2eds/bin/gnu/h-i686-mingw32/bin/../lib/gcc/nios2-elf/4.7.3/mno-hw-mul\libgcc.a(lib2-mul.o)
 .debug_frame   0x00000930       0x30 d:/program files/nios2eds/bin/gnu/h-i686-mingw32/bin/../lib/gcc/nios2-elf/4.7.3/../../../../../H-i686-mingw32/nios2-elf/lib/mno-hw-mul\libc.a(lib_a-memcpy.o)
 .debug_frame   0x00000960       0x80 ../osc_bsp/\libhal_bsp.a(alt_iic.o)
 .debug_frame   0x000009e0       0x2c ../osc_bsp/\libhal_bsp.a(alt_iic_isr_register.o)
 .debug_frame   0x00000a0c       0x2c ../osc_bsp/\libhal_bsp.a(alt_irq_handler.o)
 .debug_frame   0x00000a38       0x2c ../osc_bsp/\libhal_bsp.a(alt_main.o)
 .debug_frame   0x00000a64       0x48 ../osc_bsp/\libhal_bsp.a(alt_sys_init.o)
 .debug_frame   0x00000aac       0x48 ../osc_bsp/\libhal_bsp.a(alt_close.o)
 .debug_frame   0x00000af4       0x2c ../osc_bsp/\libhal_bsp.a(alt_dev.o)
 .debug_frame   0x00000b20       0x2c ../osc_bsp/\libhal_bsp.a(alt_do_ctors.o)
 .debug_frame   0x00000b4c       0x2c ../osc_bsp/\libhal_bsp.a(alt_do_dtors.o)
 .debug_frame   0x00000b78       0x30 ../osc_bsp/\libhal_bsp.a(alt_release_fd.o)
 .debug_frame   0x00000ba8       0x2c ../osc_bsp/\libhal_bsp.a(altera_nios2_qsys_irq.o)
 .debug_frame   0x00000bd4       0x20 d:/program files/nios2eds/bin/gnu/h-i686-mingw32/bin/../lib/gcc/nios2-elf/4.7.3/../../../../../H-i686-mingw32/nios2-elf/lib/mno-hw-mul\libc.a(lib_a-atexit.o)
 .debug_frame   0x00000bf4       0x28 d:/program files/nios2eds/bin/gnu/h-i686-mingw32/bin/../lib/gcc/nios2-elf/4.7.3/../../../../../H-i686-mingw32/nios2-elf/lib/mno-hw-mul\libc.a(lib_a-exit.o)
 .debug_frame   0x00000c1c       0x2c d:/program files/nios2eds/bin/gnu/h-i686-mingw32/bin/../lib/gcc/nios2-elf/4.7.3/../../../../../H-i686-mingw32/nios2-elf/lib/mno-hw-mul\libc.a(lib_a-__atexit.o)
 .debug_frame   0x00000c48       0x38 d:/program files/nios2eds/bin/gnu/h-i686-mingw32/bin/../lib/gcc/nios2-elf/4.7.3/../../../../../H-i686-mingw32/nios2-elf/lib/mno-hw-mul\libc.a(lib_a-__call_atexit.o)
 .debug_frame   0x00000c80       0x2c ../osc_bsp/\libhal_bsp.a(alt_exit.o)

.debug_str      0x00000000     0x163c
 *(.debug_str)
 .debug_str     0x00000000       0x7f obj/default/char712.o
 .debug_str     0x0000007f       0x6a obj/default/keyproc.o
                                 0xc6 (size before relaxing)
 .debug_str     0x000000e9       0x9e obj/default/lcdout.o
                                0x136 (size before relaxing)
 .debug_str     0x00000187       0xa7 obj/default/mainloop.o
                                0x151 (size before relaxing)
 .debug_str     0x0000022e      0x159 obj/default/menu.o
                                0x1ed (size before relaxing)
 .debug_str     0x00000387      0x1f0 obj/default/menuact.o
                                0x330 (size before relaxing)
 .debug_str     0x00000577       0x70 obj/default/stubfncs.o
                                 0xfb (size before relaxing)
 .debug_str     0x000005e7       0x3a obj/default/testcode.o
                                 0xc9 (size before relaxing)
 .debug_str     0x00000621      0x15f obj/default/tracutil.o
                                0x27f (size before relaxing)
 .debug_str     0x00000780      0x12f d:/program files/nios2eds/bin/gnu/h-i686-mingw32/bin/../lib/gcc/nios2-elf/4.7.3/mno-hw-mul\libgcc.a(lib2-divmod.o)
                                0x169 (size before relaxing)
 .debug_str     0x000008af       0x40 d:/program files/nios2eds/bin/gnu/h-i686-mingw32/bin/../lib/gcc/nios2-elf/4.7.3/mno-hw-mul\libgcc.a(lib2-mul.o)
                                0x12a (size before relaxing)
 .debug_str     0x000008ef      0x10d d:/program files/nios2eds/bin/gnu/h-i686-mingw32/bin/../lib/gcc/nios2-elf/4.7.3/../../../../../H-i686-mingw32/nios2-elf/lib/mno-hw-mul\libc.a(lib_a-memcpy.o)
                                0x134 (size before relaxing)
 .debug_str     0x000009fc      0x169 ../osc_bsp/\libhal_bsp.a(alt_iic.o)
                                0x203 (size before relaxing)
 .debug_str     0x00000b65       0x4c ../osc_bsp/\libhal_bsp.a(alt_iic_isr_register.o)
                                0x1ad (size before relaxing)
 .debug_str     0x00000bb1       0x3a ../osc_bsp/\libhal_bsp.a(alt_irq_handler.o)
                                0x15c (size before relaxing)
 .debug_str     0x00000beb       0x17 ../osc_bsp/\libhal_bsp.a(alt_irq_vars.o)
                                0x10b (size before relaxing)
 .debug_str     0x00000c02       0x70 ../osc_bsp/\libhal_bsp.a(alt_main.o)
                                0x162 (size before relaxing)
 .debug_str     0x00000c72       0x47 ../osc_bsp/\libhal_bsp.a(alt_sys_init.o)
                                0x132 (size before relaxing)
 .debug_str     0x00000cb9       0x97 ../osc_bsp/\libhal_bsp.a(alt_close.o)
                                0x1d0 (size before relaxing)
 .debug_str     0x00000d50      0x120 ../osc_bsp/\libhal_bsp.a(alt_dev.o)
                                0x2ca (size before relaxing)
 .debug_str     0x00000e70       0x48 ../osc_bsp/\libhal_bsp.a(alt_do_ctors.o)
                                 0xa1 (size before relaxing)
 .debug_str     0x00000eb8       0x4c ../osc_bsp/\libhal_bsp.a(alt_do_dtors.o)
                                 0xa0 (size before relaxing)
 .debug_str     0x00000f04       0x14 ../osc_bsp/\libhal_bsp.a(alt_errno.o)
                                0x10a (size before relaxing)
 .debug_str     0x00000f18       0x28 ../osc_bsp/\libhal_bsp.a(alt_release_fd.o)
                                0x1a4 (size before relaxing)
 .debug_str     0x00000f40       0x3b ../osc_bsp/\libhal_bsp.a(altera_nios2_qsys_irq.o)
                                0x121 (size before relaxing)
 .debug_str     0x00000f7b      0x16a d:/program files/nios2eds/bin/gnu/h-i686-mingw32/bin/../lib/gcc/nios2-elf/4.7.3/../../../../../H-i686-mingw32/nios2-elf/lib/mno-hw-mul\libc.a(lib_a-atexit.o)
                                0x21d (size before relaxing)
 .debug_str     0x000010e5      0x367 d:/program files/nios2eds/bin/gnu/h-i686-mingw32/bin/../lib/gcc/nios2-elf/4.7.3/../../../../../H-i686-mingw32/nios2-elf/lib/mno-hw-mul\libc.a(lib_a-exit.o)
                                0x53d (size before relaxing)
 .debug_str     0x0000144c       0xe2 d:/program files/nios2eds/bin/gnu/h-i686-mingw32/bin/../lib/gcc/nios2-elf/4.7.3/../../../../../H-i686-mingw32/nios2-elf/lib/mno-hw-mul\libc.a(lib_a-impure.o)
                                0x534 (size before relaxing)
 .debug_str     0x0000152e       0x40 d:/program files/nios2eds/bin/gnu/h-i686-mingw32/bin/../lib/gcc/nios2-elf/4.7.3/../../../../../H-i686-mingw32/nios2-elf/lib/mno-hw-mul\libc.a(lib_a-int_errno.o)
                                0x17d (size before relaxing)
 .debug_str     0x0000156e       0x40 d:/program files/nios2eds/bin/gnu/h-i686-mingw32/bin/../lib/gcc/nios2-elf/4.7.3/../../../../../H-i686-mingw32/nios2-elf/lib/mno-hw-mul\libc.a(lib_a-__atexit.o)
                                0x581 (size before relaxing)
 .debug_str     0x000015ae       0x64 d:/program files/nios2eds/bin/gnu/h-i686-mingw32/bin/../lib/gcc/nios2-elf/4.7.3/../../../../../H-i686-mingw32/nios2-elf/lib/mno-hw-mul\libc.a(lib_a-__call_atexit.o)
                                0x55f (size before relaxing)
 .debug_str     0x00001612       0x2a ../osc_bsp/\libhal_bsp.a(alt_exit.o)
                                0x116 (size before relaxing)

.debug_loc      0x00000000     0x19bf
 *(.debug_loc)
 .debug_loc     0x00000000      0x108 obj/default/keyproc.o
 .debug_loc     0x00000108       0xdc obj/default/lcdout.o
 .debug_loc     0x000001e4       0x58 obj/default/mainloop.o
 .debug_loc     0x0000023c      0x1b8 obj/default/menu.o
 .debug_loc     0x000003f4      0x4d0 obj/default/menuact.o
 .debug_loc     0x000008c4      0x134 obj/default/stubfncs.o
 .debug_loc     0x000009f8       0x2d obj/default/testcode.o
 .debug_loc     0x00000a25      0x268 obj/default/tracutil.o
 .debug_loc     0x00000c8d      0x338 d:/program files/nios2eds/bin/gnu/h-i686-mingw32/bin/../lib/gcc/nios2-elf/4.7.3/mno-hw-mul\libgcc.a(lib2-divmod.o)
 .debug_loc     0x00000fc5       0x93 d:/program files/nios2eds/bin/gnu/h-i686-mingw32/bin/../lib/gcc/nios2-elf/4.7.3/mno-hw-mul\libgcc.a(lib2-mul.o)
 .debug_loc     0x00001058      0x29c d:/program files/nios2eds/bin/gnu/h-i686-mingw32/bin/../lib/gcc/nios2-elf/4.7.3/../../../../../H-i686-mingw32/nios2-elf/lib/mno-hw-mul\libc.a(lib_a-memcpy.o)
 .debug_loc     0x000012f4       0xb0 ../osc_bsp/\libhal_bsp.a(alt_iic.o)
 .debug_loc     0x000013a4       0x2c ../osc_bsp/\libhal_bsp.a(alt_iic_isr_register.o)
 .debug_loc     0x000013d0       0x2c ../osc_bsp/\libhal_bsp.a(alt_irq_handler.o)
 .debug_loc     0x000013fc       0x2c ../osc_bsp/\libhal_bsp.a(alt_main.o)
 .debug_loc     0x00001428       0x58 ../osc_bsp/\libhal_bsp.a(alt_sys_init.o)
 .debug_loc     0x00001480       0x58 ../osc_bsp/\libhal_bsp.a(alt_close.o)
 .debug_loc     0x000014d8       0x2c ../osc_bsp/\libhal_bsp.a(alt_dev.o)
 .debug_loc     0x00001504       0x2c ../osc_bsp/\libhal_bsp.a(alt_do_ctors.o)
 .debug_loc     0x00001530       0x2c ../osc_bsp/\libhal_bsp.a(alt_do_dtors.o)
 .debug_loc     0x0000155c       0x2c ../osc_bsp/\libhal_bsp.a(alt_release_fd.o)
 .debug_loc     0x00001588       0x2c ../osc_bsp/\libhal_bsp.a(altera_nios2_qsys_irq.o)
 .debug_loc     0x000015b4       0x2c d:/program files/nios2eds/bin/gnu/h-i686-mingw32/bin/../lib/gcc/nios2-elf/4.7.3/../../../../../H-i686-mingw32/nios2-elf/lib/mno-hw-mul\libc.a(lib_a-atexit.o)
 .debug_loc     0x000015e0       0x3e d:/program files/nios2eds/bin/gnu/h-i686-mingw32/bin/../lib/gcc/nios2-elf/4.7.3/../../../../../H-i686-mingw32/nios2-elf/lib/mno-hw-mul\libc.a(lib_a-exit.o)
 .debug_loc     0x0000161e      0x194 d:/program files/nios2eds/bin/gnu/h-i686-mingw32/bin/../lib/gcc/nios2-elf/4.7.3/../../../../../H-i686-mingw32/nios2-elf/lib/mno-hw-mul\libc.a(lib_a-__atexit.o)
 .debug_loc     0x000017b2      0x1e1 d:/program files/nios2eds/bin/gnu/h-i686-mingw32/bin/../lib/gcc/nios2-elf/4.7.3/../../../../../H-i686-mingw32/nios2-elf/lib/mno-hw-mul\libc.a(lib_a-__call_atexit.o)
 .debug_loc     0x00001993       0x2c ../osc_bsp/\libhal_bsp.a(alt_exit.o)

.debug_macinfo
 *(.debug_macinfo)

.debug_weaknames
 *(.debug_weaknames)

.debug_funcnames
 *(.debug_funcnames)

.debug_typenames
 *(.debug_typenames)

.debug_varnames
 *(.debug_varnames)

.debug_alt_sim_info
                0x00000000       0x10
 *(.debug_alt_sim_info)
 .debug_alt_sim_info
                0x00000000       0x10 ../osc_bsp//obj/HAL/src/crt0.o
                0x00130000                __alt_data_end = 0x130000
                0x00130000                PROVIDE (__alt_stack_pointer, __alt_data_end)
                0x00125774                PROVIDE (__alt_stack_limit, __alt_stack_base)
                0x00125774                PROVIDE (__alt_heap_start, end)
                0x00130000                PROVIDE (__alt_heap_limit, 0x130000)
OUTPUT(osc.elf elf32-littlenios2)

.debug_ranges   0x00000000       0xb0
 .debug_ranges  0x00000000       0x30 ../osc_bsp/\libhal_bsp.a(alt_iic.o)
 .debug_ranges  0x00000030       0x28 ../osc_bsp/\libhal_bsp.a(alt_irq_entry.o)
 .debug_ranges  0x00000058       0x10 ../osc_bsp/\libhal_bsp.a(alt_irq_handler.o)
 .debug_ranges  0x00000068       0x30 ../osc_bsp/\libhal_bsp.a(alt_exception_entry.o)
 .debug_ranges  0x00000098       0x18 d:/program files/nios2eds/bin/gnu/h-i686-mingw32/bin/../lib/gcc/nios2-elf/4.7.3/../../../../../H-i686-mingw32/nios2-elf/lib/mno-hw-mul\libc.a(lib_a-__call_atexit.o)
