Archive member included because of file (symbol)

c:/altera/13.1/nios2eds/bin/gnu/h-i686-mingw32/bin/../lib/gcc/nios2-elf/4.7.3/../../../../../H-i686-mingw32/nios2-elf/lib\libc.a(lib_a-memcpy.o)
                              obj/default/testcode.o (memcpy)
../osc_bsp/\libhal_bsp.a(alt_iic.o)
                              obj/default/keyint.o (alt_ic_isr_register)
../osc_bsp/\libhal_bsp.a(alt_iic_isr_register.o)
                              ../osc_bsp/\libhal_bsp.a(alt_iic.o) (alt_iic_isr_register)
../osc_bsp/\libhal_bsp.a(alt_irq_entry.o)
                              ../osc_bsp/\libhal_bsp.a(alt_iic_isr_register.o) (alt_irq_entry)
../osc_bsp/\libhal_bsp.a(alt_irq_handler.o)
                              ../osc_bsp/\libhal_bsp.a(alt_iic_isr_register.o) (alt_irq)
../osc_bsp/\libhal_bsp.a(alt_irq_vars.o)
                              ../osc_bsp/\libhal_bsp.a(alt_iic.o) (alt_irq_active)
../osc_bsp/\libhal_bsp.a(alt_load.o)
                              ../osc_bsp//obj/HAL/src/crt0.o (alt_load)
../osc_bsp/\libhal_bsp.a(alt_main.o)
                              ../osc_bsp//obj/HAL/src/crt0.o (alt_main)
../osc_bsp/\libhal_bsp.a(alt_sys_init.o)
                              ../osc_bsp/\libhal_bsp.a(alt_main.o) (alt_irq_init)
../osc_bsp/\libhal_bsp.a(alt_close.o)
                              ../osc_bsp/\libhal_bsp.a(alt_main.o) (close)
../osc_bsp/\libhal_bsp.a(alt_dcache_flush_all.o)
                              ../osc_bsp/\libhal_bsp.a(alt_load.o) (alt_dcache_flush_all)
../osc_bsp/\libhal_bsp.a(alt_dev.o)
                              ../osc_bsp/\libhal_bsp.a(alt_close.o) (alt_fd_list)
../osc_bsp/\libhal_bsp.a(alt_do_ctors.o)
                              ../osc_bsp/\libhal_bsp.a(alt_main.o) (_do_ctors)
../osc_bsp/\libhal_bsp.a(alt_do_dtors.o)
                              ../osc_bsp/\libhal_bsp.a(alt_main.o) (_do_dtors)
../osc_bsp/\libhal_bsp.a(alt_errno.o)
                              ../osc_bsp/\libhal_bsp.a(alt_close.o) (alt_errno)
../osc_bsp/\libhal_bsp.a(alt_exception_entry.o)
                              ../osc_bsp/\libhal_bsp.a(alt_irq_entry.o) (alt_exception)
../osc_bsp/\libhal_bsp.a(alt_icache_flush_all.o)
                              ../osc_bsp/\libhal_bsp.a(alt_load.o) (alt_icache_flush_all)
../osc_bsp/\libhal_bsp.a(alt_release_fd.o)
                              ../osc_bsp/\libhal_bsp.a(alt_close.o) (alt_release_fd)
../osc_bsp/\libhal_bsp.a(altera_nios2_qsys_irq.o)
                              ../osc_bsp/\libhal_bsp.a(alt_sys_init.o) (altera_nios2_qsys_irq_init)
../osc_bsp/\libhal_bsp.a(alt_icache_flush.o)
                              ../osc_bsp/\libhal_bsp.a(alt_icache_flush_all.o) (alt_icache_flush)
c:/altera/13.1/nios2eds/bin/gnu/h-i686-mingw32/bin/../lib/gcc/nios2-elf/4.7.3/../../../../../H-i686-mingw32/nios2-elf/lib\libc.a(lib_a-atexit.o)
                              ../osc_bsp/\libhal_bsp.a(alt_main.o) (atexit)
c:/altera/13.1/nios2eds/bin/gnu/h-i686-mingw32/bin/../lib/gcc/nios2-elf/4.7.3/../../../../../H-i686-mingw32/nios2-elf/lib\libc.a(lib_a-exit.o)
                              ../osc_bsp/\libhal_bsp.a(alt_main.o) (exit)
c:/altera/13.1/nios2eds/bin/gnu/h-i686-mingw32/bin/../lib/gcc/nios2-elf/4.7.3/../../../../../H-i686-mingw32/nios2-elf/lib\libc.a(lib_a-impure.o)
                              c:/altera/13.1/nios2eds/bin/gnu/h-i686-mingw32/bin/../lib/gcc/nios2-elf/4.7.3/../../../../../H-i686-mingw32/nios2-elf/lib\libc.a(lib_a-exit.o) (_global_impure_ptr)
c:/altera/13.1/nios2eds/bin/gnu/h-i686-mingw32/bin/../lib/gcc/nios2-elf/4.7.3/../../../../../H-i686-mingw32/nios2-elf/lib\libc.a(lib_a-int_errno.o)
                              ../osc_bsp/\libhal_bsp.a(alt_close.o) (errno)
c:/altera/13.1/nios2eds/bin/gnu/h-i686-mingw32/bin/../lib/gcc/nios2-elf/4.7.3/../../../../../H-i686-mingw32/nios2-elf/lib\libc.a(lib_a-__atexit.o)
                              c:/altera/13.1/nios2eds/bin/gnu/h-i686-mingw32/bin/../lib/gcc/nios2-elf/4.7.3/../../../../../H-i686-mingw32/nios2-elf/lib\libc.a(lib_a-atexit.o) (__register_exitproc)
c:/altera/13.1/nios2eds/bin/gnu/h-i686-mingw32/bin/../lib/gcc/nios2-elf/4.7.3/../../../../../H-i686-mingw32/nios2-elf/lib\libc.a(lib_a-__call_atexit.o)
                              c:/altera/13.1/nios2eds/bin/gnu/h-i686-mingw32/bin/../lib/gcc/nios2-elf/4.7.3/../../../../../H-i686-mingw32/nios2-elf/lib\libc.a(lib_a-exit.o) (__call_exitprocs)
../osc_bsp/\libhal_bsp.a(alt_exit.o)
                              c:/altera/13.1/nios2eds/bin/gnu/h-i686-mingw32/bin/../lib/gcc/nios2-elf/4.7.3/../../../../../H-i686-mingw32/nios2-elf/lib\libc.a(lib_a-exit.o) (_exit)

Allocating common symbols
Common symbol       size              file

alt_irq             0x100             ../osc_bsp/\libhal_bsp.a(alt_irq_handler.o)
cur_scale           0x4               obj/default/tracutil.o
saved_trace_A       0x780             obj/default/tracutil.o
errno               0x4               c:/altera/13.1/nios2eds/bin/gnu/h-i686-mingw32/bin/../lib/gcc/nios2-elf/4.7.3/../../../../../H-i686-mingw32/nios2-elf/lib\libc.a(lib_a-int_errno.o)
trigger_mode        0x4               obj/default/menuact.o
trace_status        0x4               obj/default/tracutil.o
menu_entry          0x4               obj/default/menu.o
saved_trace_B       0x780             obj/default/tracutil.o
trace_A             0x780             obj/default/tracutil.o
saved_end_y         0x4               obj/default/tracutil.o
menu_display        0x4               obj/default/menu.o
trace_L             0x780             obj/default/tracutil.o
level               0x4               obj/default/menuact.o
saved_pos_y         0x4               obj/default/tracutil.o
sample_size         0x4               obj/default/tracutil.o
saved_end_x         0x4               obj/default/tracutil.o
saved_pos_x         0x4               obj/default/tracutil.o
_atexit0            0x190             c:/altera/13.1/nios2eds/bin/gnu/h-i686-mingw32/bin/../lib/gcc/nios2-elf/4.7.3/../../../../../H-i686-mingw32/nios2-elf/lib\libc.a(lib_a-atexit.o)
sweep               0x4               obj/default/menuact.o
delay               0x4               obj/default/menuact.o
saved_menu          0x2a0             obj/default/tracutil.o
trace_B             0x780             obj/default/tracutil.o
saved_axis_y        0x176             obj/default/tracutil.o
saved_axis_x        0x12c             obj/default/tracutil.o
saved_area          0xf0              obj/default/tracutil.o
sampling            0x4               obj/default/tracutil.o
saved_trace_L       0x780             obj/default/tracutil.o
scale               0x4               obj/default/menuact.o
slope               0x4               obj/default/menuact.o

Memory Configuration

Name             Origin             Length             Attributes
VRAM_ctrl        0x00080000         0x00080000
RAM_ctrl         0x00120000         0x00010000
FLASH_ctrl       0x00130000         0x00010000
reset            0x00150000         0x00000020
ONCHIP_mem       0x00150020         0x0000bfe0
*default*        0x00000000         0xffffffff

Linker script and memory map

LOAD ../osc_bsp//obj/HAL/src/crt0.o
LOAD obj/default/char57.o
LOAD obj/default/keyproc.o
LOAD obj/default/lcdout.o
LOAD obj/default/mainloop.o
LOAD obj/default/menu.o
LOAD obj/default/menuact.o
LOAD obj/default/stubfncs.o
LOAD obj/default/testcode.o
LOAD obj/default/tracutil.o
LOAD obj/default/keyint.o
LOAD obj/default/testadc.o
LOAD obj/default/testdisp.o
LOAD obj/default/testvram.o
LOAD c:/altera/13.1/nios2eds/bin/gnu/h-i686-mingw32/bin/../lib/gcc/nios2-elf/4.7.3/../../../../../H-i686-mingw32/nios2-elf/lib\libstdc++.a
LOAD c:/altera/13.1/nios2eds/bin/gnu/h-i686-mingw32/bin/../lib/gcc/nios2-elf/4.7.3/../../../../../H-i686-mingw32/nios2-elf/lib\libm.a
LOAD c:/altera/13.1/nios2eds/bin/gnu/h-i686-mingw32/bin/../lib/gcc/nios2-elf/4.7.3\libgcc.a
START GROUP
LOAD c:/altera/13.1/nios2eds/bin/gnu/h-i686-mingw32/bin/../lib/gcc/nios2-elf/4.7.3/../../../../../H-i686-mingw32/nios2-elf/lib\libc.a
LOAD c:/altera/13.1/nios2eds/bin/gnu/h-i686-mingw32/bin/../lib/gcc/nios2-elf/4.7.3\libgcc.a
LOAD ../osc_bsp/\libhal_bsp.a
END GROUP
LOAD c:/altera/13.1/nios2eds/bin/gnu/h-i686-mingw32/bin/../lib/gcc/nios2-elf/4.7.3\libgcc.a
                0x00080000                __alt_mem_VRAM_ctrl = 0x80000
                0x00120000                __alt_mem_RAM_ctrl = 0x120000
                0x00130000                __alt_mem_FLASH_ctrl = 0x130000
                0x00150000                __alt_mem_ONCHIP_mem = 0x150000

.entry          0x00150000       0x20
 *(.entry)
 .entry         0x00150000       0x20 ../osc_bsp//obj/HAL/src/crt0.o
                0x00150000                __reset

.exceptions     0x00150020      0x198
                0x00150020                PROVIDE (__ram_exceptions_start, ABSOLUTE (.))
                0x00150020                . = ALIGN (0x20)
 *(.irq)
 *(.exceptions.entry.label)
 .exceptions.entry.label
                0x00150020        0x0 ../osc_bsp/\libhal_bsp.a(alt_irq_entry.o)
                0x00150020                alt_irq_entry
 .exceptions.entry.label
                0x00150020        0x0 ../osc_bsp/\libhal_bsp.a(alt_exception_entry.o)
                0x00150020                alt_exception
 *(.exceptions.entry.user)
 *(.exceptions.entry.ecc_fatal)
 *(.exceptions.entry)
 .exceptions.entry
                0x00150020       0x54 ../osc_bsp/\libhal_bsp.a(alt_exception_entry.o)
 *(.exceptions.irqtest.user)
 *(.exceptions.irqtest)
 .exceptions.irqtest
                0x00150074       0x10 ../osc_bsp/\libhal_bsp.a(alt_irq_entry.o)
 *(.exceptions.irqhandler.user)
 *(.exceptions.irqhandler)
 .exceptions.irqhandler
                0x00150084        0x4 ../osc_bsp/\libhal_bsp.a(alt_irq_entry.o)
 *(.exceptions.irqreturn.user)
 *(.exceptions.irqreturn)
 .exceptions.irqreturn
                0x00150088        0x4 ../osc_bsp/\libhal_bsp.a(alt_irq_entry.o)
 *(.exceptions.notirq.label)
 .exceptions.notirq.label
                0x0015008c        0x0 ../osc_bsp/\libhal_bsp.a(alt_irq_entry.o)
 *(.exceptions.notirq.user)
 *(.exceptions.notirq)
 .exceptions.notirq
                0x0015008c        0x8 ../osc_bsp/\libhal_bsp.a(alt_exception_entry.o)
 *(.exceptions.soft.user)
 *(.exceptions.soft)
 *(.exceptions.unknown.user)
 *(.exceptions.unknown)
 .exceptions.unknown
                0x00150094        0x4 ../osc_bsp/\libhal_bsp.a(alt_exception_entry.o)
 *(.exceptions.exit.label)
 .exceptions.exit.label
                0x00150098        0x0 ../osc_bsp/\libhal_bsp.a(alt_irq_entry.o)
 .exceptions.exit.label
                0x00150098        0x0 ../osc_bsp/\libhal_bsp.a(alt_exception_entry.o)
 *(.exceptions.exit.user)
 *(.exceptions.exit)
 .exceptions.exit
                0x00150098       0x54 ../osc_bsp/\libhal_bsp.a(alt_exception_entry.o)
 *(.exceptions)
 .exceptions    0x001500ec       0xcc ../osc_bsp/\libhal_bsp.a(alt_irq_handler.o)
                0x001500ec                alt_irq_handler
                0x001501b8                PROVIDE (__ram_exceptions_end, ABSOLUTE (.))
                0x00150020                PROVIDE (__flash_exceptions_start, LOADADDR (.exceptions))

.text           0x001501b8     0x4764
                0x001501b8                PROVIDE (stext, ABSOLUTE (.))
 *(.interp)
 *(.hash)
 *(.dynsym)
 *(.dynstr)
 *(.gnu.version)
 *(.gnu.version_d)
 *(.gnu.version_r)
 *(.rel.init)
 *(.rela.init)
 *(.rel.text .rel.text.* .rel.gnu.linkonce.t.*)
 *(.rela.text .rela.text.* .rela.gnu.linkonce.t.*)
 *(.rel.fini)
 *(.rela.fini)
 *(.rel.rodata .rel.rodata.* .rel.gnu.linkonce.r.*)
 *(.rela.rodata .rela.rodata.* .rela.gnu.linkonce.r.*)
 *(.rel.data .rel.data.* .rel.gnu.linkonce.d.*)
 *(.rela.data .rela.data.* .rela.gnu.linkonce.d.*)
 *(.rel.tdata .rel.tdata.* .rel.gnu.linkonce.td.*)
 *(.rela.tdata .rela.tdata.* .rela.gnu.linkonce.td.*)
 *(.rel.tbss .rel.tbss.* .rel.gnu.linkonce.tb.*)
 *(.rela.tbss .rela.tbss.* .rela.gnu.linkonce.tb.*)
 *(.rel.ctors)
 *(.rela.ctors)
 *(.rel.dtors)
 *(.rela.dtors)
 *(.rel.got)
 *(.rela.got)
 *(.rel.sdata .rel.sdata.* .rel.gnu.linkonce.s.*)
 *(.rela.sdata .rela.sdata.* .rela.gnu.linkonce.s.*)
 *(.rel.sbss .rel.sbss.* .rel.gnu.linkonce.sb.*)
 *(.rela.sbss .rela.sbss.* .rela.gnu.linkonce.sb.*)
 *(.rel.sdata2 .rel.sdata2.* .rel.gnu.linkonce.s2.*)
 *(.rela.sdata2 .rela.sdata2.* .rela.gnu.linkonce.s2.*)
 *(.rel.sbss2 .rel.sbss2.* .rel.gnu.linkonce.sb2.*)
 *(.rela.sbss2 .rela.sbss2.* .rela.gnu.linkonce.sb2.*)
 *(.rel.bss .rel.bss.* .rel.gnu.linkonce.b.*)
 *(.rela.bss .rela.bss.* .rela.gnu.linkonce.b.*)
 *(.rel.plt)
 *(.rela.plt)
 *(.rel.dyn)
 *(.init)
 *(.plt)
 *(.text .stub .text.* .gnu.linkonce.t.*)
 .text          0x001501b8       0x3c ../osc_bsp//obj/HAL/src/crt0.o
                0x001501b8                _start
 .text          0x001501f4        0x0 obj/default/char57.o
 .text          0x001501f4      0x134 obj/default/keyproc.o
                0x001501f4                no_action
                0x00150218                menu_key
                0x00150268                menu_up
                0x00150298                menu_down
                0x001502c8                menu_left
                0x001502f8                menu_right
 .text          0x00150328      0x400 obj/default/lcdout.o
                0x00150328                clear_region
                0x001503d0                plot_hline
                0x0015047c                plot_vline
                0x00150528                plot_char
                0x00150690                plot_string
 .text          0x00150728      0x218 obj/default/mainloop.o
                0x00150728                main
                0x00150864                key_lookup
 .text          0x00150940      0x534 obj/default/menu.o
                0x00150940                init_menu
                0x001509a4                clear_menu
                0x001509dc                display_menu
                0x00150a5c                refresh_menu
                0x00150a94                reset_menu
                0x00150af0                next_entry
                0x00150b60                previous_entry
                0x00150bcc                menu_entry_left
                0x00150cb8                menu_entry_right
                0x00150da4                display_entry
 .text          0x00150e74      0xd8c obj/default/menuact.o
                0x00150e74                no_menu_action
                0x00150e94                no_display
                0x00150ec0                set_trigger_mode
                0x00150f00                get_trigger_mode
                0x00150f20                mode_down
                0x00150f84                mode_up
                0x00150fe8                display_mode
                0x0015106c                set_scale
                0x001510ac                scale_down
                0x00151110                scale_up
                0x00151174                display_scale
                0x001511f8                set_sweep
                0x00151258                sweep_down
                0x001512d8                sweep_up
                0x0015135c                display_sweep
                0x001513c4                set_trg_level
                0x0015140c                trg_level_down
                0x0015145c                trg_level_up
                0x001514b0                display_trg_level
                0x00151548                set_trg_slope
                0x00151590                trg_slope_toggle
                0x001515e4                display_trg_slope
                0x0015165c                set_trg_delay
                0x0015169c                trg_delay_down
                0x001516e8                trg_delay_up
                0x00151734                adjust_trg_delay
                0x001517ec                display_trg_delay
                0x00151a78                cvt_num_field
 .text          0x00151c00        0x0 obj/default/stubfncs.o
 .text          0x00151c00      0x138 obj/default/testcode.o
                0x00151c00                get_test_sample
 .text          0x00151d38      0xf8c obj/default/tracutil.o
                0x00151d38                init_trace
                0x00151d9c                set_mode
                0x00151dd4                is_sampling
                0x00151df4                trace_rdy
                0x00151e2c                trace_done
                0x00151e6c                trace_rearm
                0x00151e94                set_trace_size
                0x00151ec0                set_display_scale
                0x0015228c                clear_saved_areas
                0x0015242c                restore_menu_trace
                0x00152530                set_save_area
                0x001525f0                restore_trace
                0x00152700                do_trace
                0x00152748                plot_trace
 .text          0x00152cc4      0x5e0 obj/default/keyint.o
                0x00152cc4                key_int_installer
                0x001531f4                key_available
                0x0015322c                getkey
 .text          0x001532a4      0x880 obj/default/testadc.o
                0x001532a4                adc_int_installer
                0x001533dc                adc_int_handler
                0x001535c8                draw_trace
                0x001536b8                draw_grid
                0x001537d4                clear_display
                0x00153824                plot_pixel
                0x0015388c                set_sample_rate
                0x00153948                set_trigger
                0x001539b4                set_delay
                0x001539f0                start_sample
                0x00153ac8                sample_done
 .text          0x00153b24      0x138 obj/default/testdisp.o
                0x00153b24                test_disp
 .text          0x00153c5c       0xb8 obj/default/testvram.o
                0x00153c5c                test_vram
 .text          0x00153d14       0xf8 c:/altera/13.1/nios2eds/bin/gnu/h-i686-mingw32/bin/../lib/gcc/nios2-elf/4.7.3/../../../../../H-i686-mingw32/nios2-elf/lib\libc.a(lib_a-memcpy.o)
                0x00153d14                memcpy
 .text          0x00153e0c      0x1d8 ../osc_bsp/\libhal_bsp.a(alt_iic.o)
                0x00153e0c                alt_ic_isr_register
                0x00153e5c                alt_ic_irq_enable
                0x00153ef8                alt_ic_irq_disable
                0x00153f98                alt_ic_irq_enabled
 .text          0x00153fe4       0xf0 ../osc_bsp/\libhal_bsp.a(alt_iic_isr_register.o)
                0x00153fe4                alt_iic_isr_register
 .text          0x001540d4        0x0 ../osc_bsp/\libhal_bsp.a(alt_irq_entry.o)
 .text          0x001540d4        0x0 ../osc_bsp/\libhal_bsp.a(alt_irq_handler.o)
 .text          0x001540d4        0x0 ../osc_bsp/\libhal_bsp.a(alt_irq_vars.o)
 .text          0x001540d4       0xec ../osc_bsp/\libhal_bsp.a(alt_load.o)
                0x00154140                alt_load
 .text          0x001541c0       0x5c ../osc_bsp/\libhal_bsp.a(alt_main.o)
                0x001541c0                alt_main
 .text          0x0015421c       0x54 ../osc_bsp/\libhal_bsp.a(alt_sys_init.o)
                0x0015421c                alt_irq_init
                0x00154250                alt_sys_init
 .text          0x00154270      0x118 ../osc_bsp/\libhal_bsp.a(alt_close.o)
                0x001542c0                close
 .text          0x00154388       0x1c ../osc_bsp/\libhal_bsp.a(alt_dcache_flush_all.o)
                0x00154388                alt_dcache_flush_all
 .text          0x001543a4       0x2c ../osc_bsp/\libhal_bsp.a(alt_dev.o)
 .text          0x001543d0       0x5c ../osc_bsp/\libhal_bsp.a(alt_do_ctors.o)
                0x001543d0                _do_ctors
 .text          0x0015442c       0x5c ../osc_bsp/\libhal_bsp.a(alt_do_dtors.o)
                0x0015442c                _do_dtors
 .text          0x00154488        0x0 ../osc_bsp/\libhal_bsp.a(alt_errno.o)
 .text          0x00154488        0x0 ../osc_bsp/\libhal_bsp.a(alt_exception_entry.o)
 .text          0x00154488       0x30 ../osc_bsp/\libhal_bsp.a(alt_icache_flush_all.o)
                0x00154488                alt_icache_flush_all
 .text          0x001544b8       0x60 ../osc_bsp/\libhal_bsp.a(alt_release_fd.o)
                0x001544b8                alt_release_fd
 .text          0x00154518       0x20 ../osc_bsp/\libhal_bsp.a(altera_nios2_qsys_irq.o)
                0x00154518                altera_nios2_qsys_irq_init
 .text          0x00154538       0x8c ../osc_bsp/\libhal_bsp.a(alt_icache_flush.o)
                0x00154538                alt_icache_flush
 .text          0x001545c4       0x14 c:/altera/13.1/nios2eds/bin/gnu/h-i686-mingw32/bin/../lib/gcc/nios2-elf/4.7.3/../../../../../H-i686-mingw32/nios2-elf/lib\libc.a(lib_a-atexit.o)
                0x001545c4                atexit
 .text          0x001545d8       0x38 c:/altera/13.1/nios2eds/bin/gnu/h-i686-mingw32/bin/../lib/gcc/nios2-elf/4.7.3/../../../../../H-i686-mingw32/nios2-elf/lib\libc.a(lib_a-exit.o)
                0x001545d8                exit
 .text          0x00154610        0x0 c:/altera/13.1/nios2eds/bin/gnu/h-i686-mingw32/bin/../lib/gcc/nios2-elf/4.7.3/../../../../../H-i686-mingw32/nios2-elf/lib\libc.a(lib_a-impure.o)
 .text          0x00154610        0x0 c:/altera/13.1/nios2eds/bin/gnu/h-i686-mingw32/bin/../lib/gcc/nios2-elf/4.7.3/../../../../../H-i686-mingw32/nios2-elf/lib\libc.a(lib_a-int_errno.o)
 .text          0x00154610      0x130 c:/altera/13.1/nios2eds/bin/gnu/h-i686-mingw32/bin/../lib/gcc/nios2-elf/4.7.3/../../../../../H-i686-mingw32/nios2-elf/lib\libc.a(lib_a-__atexit.o)
                0x00154610                __register_exitproc
 .text          0x00154740      0x1a0 c:/altera/13.1/nios2eds/bin/gnu/h-i686-mingw32/bin/../lib/gcc/nios2-elf/4.7.3/../../../../../H-i686-mingw32/nios2-elf/lib\libc.a(lib_a-__call_atexit.o)
                0x00154740                __call_exitprocs
 .text          0x001548e0       0x3c ../osc_bsp/\libhal_bsp.a(alt_exit.o)
                0x001548e0                _exit
 *(.gnu.warning.*)
 *(.fini)
                0x0015491c                PROVIDE (__etext, ABSOLUTE (.))
                0x0015491c                PROVIDE (_etext, ABSOLUTE (.))
                0x0015491c                PROVIDE (etext, ABSOLUTE (.))
 *(.eh_frame_hdr)
                0x0015491c                . = ALIGN (0x4)
                0x0015491c                PROVIDE (__preinit_array_start, ABSOLUTE (.))
 *(.preinit_array)
                0x0015491c                PROVIDE (__preinit_array_end, ABSOLUTE (.))
                0x0015491c                PROVIDE (__init_array_start, ABSOLUTE (.))
 *(.init_array)
                0x0015491c                PROVIDE (__init_array_end, ABSOLUTE (.))
                0x0015491c                PROVIDE (__fini_array_start, ABSOLUTE (.))
 *(.fini_array)
                0x0015491c                PROVIDE (__fini_array_end, ABSOLUTE (.))
 *(.eh_frame)
 *(.gcc_except_table .gcc_except_table.*)
 *(.dynamic)
                0x0015491c                PROVIDE (__CTOR_LIST__, ABSOLUTE (.))
 *(.ctors)
 *(SORT(.ctors.*))
                0x0015491c                PROVIDE (__CTOR_END__, ABSOLUTE (.))
                0x0015491c                PROVIDE (__DTOR_LIST__, ABSOLUTE (.))
 *(.dtors)
 *(SORT(.dtors.*))
                0x0015491c                PROVIDE (__DTOR_END__, ABSOLUTE (.))
 *(.jcr)
                0x0015491c                . = ALIGN (0x4)

.rodata         0x0015491c      0x7ac
                0x0015491c                PROVIDE (__ram_rodata_start, ABSOLUTE (.))
                0x0015491c                . = ALIGN (0x4)
 *(.rodata .rodata.* .gnu.linkonce.r.*)
 .rodata        0x0015491c      0x380 obj/default/char57.o
                0x0015491c                char_patterns
 .rodata        0x00154c9c       0xa8 obj/default/menu.o
                0x00154cd4                menu
 .rodata        0x00154d44      0x194 obj/default/menuact.o
                0x00154dec                sweep_rates
 .rodata        0x00154ed8      0x1e0 obj/default/testcode.o
 .rodata        0x001550b8        0xc ../osc_bsp/\libhal_bsp.a(alt_dev.o)
 .rodata.str1.4
                0x001550c4        0x4 c:/altera/13.1/nios2eds/bin/gnu/h-i686-mingw32/bin/../lib/gcc/nios2-elf/4.7.3/../../../../../H-i686-mingw32/nios2-elf/lib\libc.a(lib_a-impure.o)
 *(.rodata1)
                0x001550c8                . = ALIGN (0x4)
                0x001550c8                PROVIDE (__ram_rodata_end, ABSOLUTE (.))
                0x0015491c                PROVIDE (__flash_rodata_start, LOADADDR (.rodata))

.rwdata         0x001550c8      0xb9c load address 0x00155c64
                0x001550c8                PROVIDE (__ram_rwdata_start, ABSOLUTE (.))
                0x001550c8                . = ALIGN (0x4)
 *(.got.plt)
 *(.got)
 *(.data1)
 *(.data .data.* .gnu.linkonce.d.*)
 .data          0x001550c8        0x0 ../osc_bsp//obj/HAL/src/crt0.o
 .data          0x001550c8        0x0 obj/default/char57.o
 .data          0x001550c8        0x0 obj/default/keyproc.o
 .data          0x001550c8        0x0 obj/default/lcdout.o
 .data          0x001550c8        0x0 obj/default/mainloop.o
 .data          0x001550c8        0x0 obj/default/menu.o
 .data          0x001550c8        0x0 obj/default/menuact.o
 .data          0x001550c8        0x0 obj/default/stubfncs.o
 .data          0x001550c8        0x0 obj/default/testcode.o
 .data          0x001550c8        0x0 obj/default/tracutil.o
 *fill*         0x001550c8        0x8 
 .data          0x001550d0       0x20 obj/default/keyint.o
 .data          0x001550f0      0x5a8 obj/default/testadc.o
 .data          0x00155698        0x0 obj/default/testdisp.o
 .data          0x00155698        0x0 obj/default/testvram.o
 .data          0x00155698        0x0 c:/altera/13.1/nios2eds/bin/gnu/h-i686-mingw32/bin/../lib/gcc/nios2-elf/4.7.3/../../../../../H-i686-mingw32/nios2-elf/lib\libc.a(lib_a-memcpy.o)
 .data          0x00155698        0x0 ../osc_bsp/\libhal_bsp.a(alt_iic.o)
 .data          0x00155698        0x0 ../osc_bsp/\libhal_bsp.a(alt_iic_isr_register.o)
 .data          0x00155698        0x0 ../osc_bsp/\libhal_bsp.a(alt_irq_entry.o)
 .data          0x00155698        0x0 ../osc_bsp/\libhal_bsp.a(alt_irq_handler.o)
 .data          0x00155698        0x0 ../osc_bsp/\libhal_bsp.a(alt_irq_vars.o)
 .data          0x00155698        0x0 ../osc_bsp/\libhal_bsp.a(alt_load.o)
 .data          0x00155698        0x0 ../osc_bsp/\libhal_bsp.a(alt_main.o)
 .data          0x00155698        0x0 ../osc_bsp/\libhal_bsp.a(alt_sys_init.o)
 .data          0x00155698        0x0 ../osc_bsp/\libhal_bsp.a(alt_close.o)
 .data          0x00155698        0x0 ../osc_bsp/\libhal_bsp.a(alt_dcache_flush_all.o)
 .data          0x00155698      0x1a8 ../osc_bsp/\libhal_bsp.a(alt_dev.o)
                0x00155698                alt_dev_null
                0x001556c0                alt_fd_list
 .data          0x00155840        0x0 ../osc_bsp/\libhal_bsp.a(alt_do_ctors.o)
 .data          0x00155840        0x0 ../osc_bsp/\libhal_bsp.a(alt_do_dtors.o)
 .data          0x00155840        0x0 ../osc_bsp/\libhal_bsp.a(alt_errno.o)
 .data          0x00155840        0x0 ../osc_bsp/\libhal_bsp.a(alt_exception_entry.o)
 .data          0x00155840        0x0 ../osc_bsp/\libhal_bsp.a(alt_icache_flush_all.o)
 .data          0x00155840        0x0 ../osc_bsp/\libhal_bsp.a(alt_release_fd.o)
 .data          0x00155840        0x0 ../osc_bsp/\libhal_bsp.a(altera_nios2_qsys_irq.o)
 .data          0x00155840        0x0 ../osc_bsp/\libhal_bsp.a(alt_icache_flush.o)
 .data          0x00155840        0x0 c:/altera/13.1/nios2eds/bin/gnu/h-i686-mingw32/bin/../lib/gcc/nios2-elf/4.7.3/../../../../../H-i686-mingw32/nios2-elf/lib\libc.a(lib_a-atexit.o)
 .data          0x00155840        0x0 c:/altera/13.1/nios2eds/bin/gnu/h-i686-mingw32/bin/../lib/gcc/nios2-elf/4.7.3/../../../../../H-i686-mingw32/nios2-elf/lib\libc.a(lib_a-exit.o)
 .data          0x00155840      0x400 c:/altera/13.1/nios2eds/bin/gnu/h-i686-mingw32/bin/../lib/gcc/nios2-elf/4.7.3/../../../../../H-i686-mingw32/nios2-elf/lib\libc.a(lib_a-impure.o)
 .data          0x00155c40        0x0 c:/altera/13.1/nios2eds/bin/gnu/h-i686-mingw32/bin/../lib/gcc/nios2-elf/4.7.3/../../../../../H-i686-mingw32/nios2-elf/lib\libc.a(lib_a-int_errno.o)
 .data          0x00155c40        0x0 c:/altera/13.1/nios2eds/bin/gnu/h-i686-mingw32/bin/../lib/gcc/nios2-elf/4.7.3/../../../../../H-i686-mingw32/nios2-elf/lib\libc.a(lib_a-__atexit.o)
 .data          0x00155c40        0x0 c:/altera/13.1/nios2eds/bin/gnu/h-i686-mingw32/bin/../lib/gcc/nios2-elf/4.7.3/../../../../../H-i686-mingw32/nios2-elf/lib\libc.a(lib_a-__call_atexit.o)
 .data          0x00155c40        0x0 ../osc_bsp/\libhal_bsp.a(alt_exit.o)
                0x0015dc40                _gp = ABSOLUTE ((. + 0x8000))
                0x0015dc40                PROVIDE (gp, _gp)
 *(.rwdata .rwdata.*)
 *(.sdata .sdata.* .gnu.linkonce.s.*)
 .sdata         0x00155c40        0x4 ../osc_bsp/\libhal_bsp.a(alt_irq_vars.o)
                0x00155c40                alt_priority_mask
 .sdata         0x00155c44       0x14 ../osc_bsp/\libhal_bsp.a(alt_dev.o)
                0x00155c44                alt_fs_list
                0x00155c4c                alt_dev_list
                0x00155c54                alt_max_fd
 .sdata         0x00155c58        0x4 ../osc_bsp/\libhal_bsp.a(alt_errno.o)
                0x00155c58                alt_errno
 .sdata         0x00155c5c        0x8 c:/altera/13.1/nios2eds/bin/gnu/h-i686-mingw32/bin/../lib/gcc/nios2-elf/4.7.3/../../../../../H-i686-mingw32/nios2-elf/lib\libc.a(lib_a-impure.o)
                0x00155c5c                _global_impure_ptr
                0x00155c60                _impure_ptr
 *(.sdata2 .sdata2.* .gnu.linkonce.s2.*)
                0x00155c64                . = ALIGN (0x4)
                0x00155c64                _edata = ABSOLUTE (.)
                0x00155c64                PROVIDE (edata, ABSOLUTE (.))
                0x00155c64                PROVIDE (__ram_rwdata_end, ABSOLUTE (.))
                0x00155c64                PROVIDE (__flash_rwdata_start, LOADADDR (.rwdata))

.bss            0x00156800     0x3618
                0x00156800                __bss_start = ABSOLUTE (.)
                0x00156800                PROVIDE (__sbss_start, ABSOLUTE (.))
                0x00156800                PROVIDE (___sbss_start, ABSOLUTE (.))
 *(.dynsbss)
 *(.sbss .sbss.* .gnu.linkonce.sb.*)
 .sbss          0x00156800        0x8 obj/default/menu.o
                0x00156800                menu_entry
                0x00156804                menu_display
 .sbss          0x00156808       0x18 obj/default/menuact.o
                0x00156808                trigger_mode
                0x0015680c                level
                0x00156810                sweep
                0x00156814                delay
                0x00156818                scale
                0x0015681c                slope
 .sbss          0x00156820       0x20 obj/default/tracutil.o
                0x00156820                cur_scale
                0x00156824                trace_status
                0x00156828                saved_end_y
                0x0015682c                saved_pos_y
                0x00156830                sample_size
                0x00156834                saved_end_x
                0x00156838                saved_pos_x
                0x0015683c                sampling
 .sbss          0x00156840        0x4 ../osc_bsp/\libhal_bsp.a(alt_irq_vars.o)
                0x00156840                alt_irq_active
 .sbss          0x00156844        0xc ../osc_bsp/\libhal_bsp.a(alt_main.o)
                0x00156844                alt_argc
                0x00156848                alt_argv
                0x0015684c                alt_envp
 .sbss          0x00156850        0x4 c:/altera/13.1/nios2eds/bin/gnu/h-i686-mingw32/bin/../lib/gcc/nios2-elf/4.7.3/../../../../../H-i686-mingw32/nios2-elf/lib\libc.a(lib_a-int_errno.o)
                0x00156850                errno
 *(.sbss2 .sbss2.* .gnu.linkonce.sb2.*)
 *(.scommon)
                0x00156854                PROVIDE (__sbss_end, ABSOLUTE (.))
                0x00156854                PROVIDE (___sbss_end, ABSOLUTE (.))
 *(.dynbss)
 *(.bss .bss.* .gnu.linkonce.b.*)
 .bss           0x00156854        0x0 ../osc_bsp//obj/HAL/src/crt0.o
 .bss           0x00156854        0x0 obj/default/char57.o
 .bss           0x00156854        0x0 obj/default/keyproc.o
 .bss           0x00156854        0x0 obj/default/lcdout.o
 .bss           0x00156854        0x0 obj/default/mainloop.o
 .bss           0x00156854        0x0 obj/default/menu.o
 .bss           0x00156854        0x0 obj/default/menuact.o
 .bss           0x00156854        0x0 obj/default/stubfncs.o
 .bss           0x00156854        0x0 obj/default/testcode.o
 .bss           0x00156854        0x0 obj/default/tracutil.o
 .bss           0x00156854        0x0 obj/default/keyint.o
 .bss           0x00156854        0x0 obj/default/testadc.o
 .bss           0x00156854        0x0 obj/default/testdisp.o
 .bss           0x00156854        0x0 obj/default/testvram.o
 .bss           0x00156854        0x0 c:/altera/13.1/nios2eds/bin/gnu/h-i686-mingw32/bin/../lib/gcc/nios2-elf/4.7.3/../../../../../H-i686-mingw32/nios2-elf/lib\libc.a(lib_a-memcpy.o)
 .bss           0x00156854        0x0 ../osc_bsp/\libhal_bsp.a(alt_iic.o)
 .bss           0x00156854        0x0 ../osc_bsp/\libhal_bsp.a(alt_iic_isr_register.o)
 .bss           0x00156854        0x0 ../osc_bsp/\libhal_bsp.a(alt_irq_entry.o)
 .bss           0x00156854        0x0 ../osc_bsp/\libhal_bsp.a(alt_irq_handler.o)
 .bss           0x00156854        0x0 ../osc_bsp/\libhal_bsp.a(alt_irq_vars.o)
 .bss           0x00156854        0x0 ../osc_bsp/\libhal_bsp.a(alt_load.o)
 .bss           0x00156854        0x0 ../osc_bsp/\libhal_bsp.a(alt_main.o)
 .bss           0x00156854        0x0 ../osc_bsp/\libhal_bsp.a(alt_sys_init.o)
 .bss           0x00156854        0x0 ../osc_bsp/\libhal_bsp.a(alt_close.o)
 .bss           0x00156854        0x0 ../osc_bsp/\libhal_bsp.a(alt_dcache_flush_all.o)
 .bss           0x00156854        0x0 ../osc_bsp/\libhal_bsp.a(alt_dev.o)
 .bss           0x00156854        0x0 ../osc_bsp/\libhal_bsp.a(alt_do_ctors.o)
 .bss           0x00156854        0x0 ../osc_bsp/\libhal_bsp.a(alt_do_dtors.o)
 .bss           0x00156854        0x0 ../osc_bsp/\libhal_bsp.a(alt_errno.o)
 .bss           0x00156854        0x0 ../osc_bsp/\libhal_bsp.a(alt_exception_entry.o)
 .bss           0x00156854        0x0 ../osc_bsp/\libhal_bsp.a(alt_icache_flush_all.o)
 .bss           0x00156854        0x0 ../osc_bsp/\libhal_bsp.a(alt_release_fd.o)
 .bss           0x00156854        0x0 ../osc_bsp/\libhal_bsp.a(altera_nios2_qsys_irq.o)
 .bss           0x00156854        0x0 ../osc_bsp/\libhal_bsp.a(alt_icache_flush.o)
 .bss           0x00156854        0x0 c:/altera/13.1/nios2eds/bin/gnu/h-i686-mingw32/bin/../lib/gcc/nios2-elf/4.7.3/../../../../../H-i686-mingw32/nios2-elf/lib\libc.a(lib_a-atexit.o)
 .bss           0x00156854        0x0 c:/altera/13.1/nios2eds/bin/gnu/h-i686-mingw32/bin/../lib/gcc/nios2-elf/4.7.3/../../../../../H-i686-mingw32/nios2-elf/lib\libc.a(lib_a-exit.o)
 .bss           0x00156854        0x0 c:/altera/13.1/nios2eds/bin/gnu/h-i686-mingw32/bin/../lib/gcc/nios2-elf/4.7.3/../../../../../H-i686-mingw32/nios2-elf/lib\libc.a(lib_a-impure.o)
 .bss           0x00156854        0x0 c:/altera/13.1/nios2eds/bin/gnu/h-i686-mingw32/bin/../lib/gcc/nios2-elf/4.7.3/../../../../../H-i686-mingw32/nios2-elf/lib\libc.a(lib_a-int_errno.o)
 .bss           0x00156854        0x0 c:/altera/13.1/nios2eds/bin/gnu/h-i686-mingw32/bin/../lib/gcc/nios2-elf/4.7.3/../../../../../H-i686-mingw32/nios2-elf/lib\libc.a(lib_a-__atexit.o)
 .bss           0x00156854        0x0 c:/altera/13.1/nios2eds/bin/gnu/h-i686-mingw32/bin/../lib/gcc/nios2-elf/4.7.3/../../../../../H-i686-mingw32/nios2-elf/lib\libc.a(lib_a-__call_atexit.o)
 .bss           0x00156854        0x0 ../osc_bsp/\libhal_bsp.a(alt_exit.o)
 *(COMMON)
 COMMON         0x00156854     0x3334 obj/default/tracutil.o
                0x00156854                saved_trace_A
                0x00156fd4                saved_trace_B
                0x00157754                trace_A
                0x00157ed4                trace_L
                0x00158654                saved_menu
                0x001588f4                trace_B
                0x00159074                saved_axis_y
                0x001591ea                saved_axis_x
                0x00159316                saved_area
                0x00159408                saved_trace_L
 COMMON         0x00159b88      0x100 ../osc_bsp/\libhal_bsp.a(alt_irq_handler.o)
                0x00159b88                alt_irq
 COMMON         0x00159c88      0x190 c:/altera/13.1/nios2eds/bin/gnu/h-i686-mingw32/bin/../lib/gcc/nios2-elf/4.7.3/../../../../../H-i686-mingw32/nios2-elf/lib\libc.a(lib_a-atexit.o)
                0x00159c88                _atexit0
                0x00159e18                . = ALIGN (0x4)
                0x00159e18                __bss_end = ABSOLUTE (.)

.VRAM_ctrl      0x00080000        0x0 load address 0x00159e18
                0x00080000                PROVIDE (_alt_partition_VRAM_ctrl_start, ABSOLUTE (.))
 *(.VRAM_ctrl .VRAM_ctrl. VRAM_ctrl.*)
                0x00080000                . = ALIGN (0x4)
                0x00080000                PROVIDE (_alt_partition_VRAM_ctrl_end, ABSOLUTE (.))
                0x00159e18                PROVIDE (_alt_partition_VRAM_ctrl_load_addr, LOADADDR (.VRAM_ctrl))

.RAM_ctrl       0x00120000        0x0 load address 0x00159e18
                0x00120000                PROVIDE (_alt_partition_RAM_ctrl_start, ABSOLUTE (.))
 *(.RAM_ctrl .RAM_ctrl. RAM_ctrl.*)
                0x00120000                . = ALIGN (0x4)
                0x00120000                PROVIDE (_alt_partition_RAM_ctrl_end, ABSOLUTE (.))
                0x00159e18                PROVIDE (_alt_partition_RAM_ctrl_load_addr, LOADADDR (.RAM_ctrl))

.FLASH_ctrl     0x00130000        0x0 load address 0x00159e18
                0x00130000                PROVIDE (_alt_partition_FLASH_ctrl_start, ABSOLUTE (.))
 *(.FLASH_ctrl .FLASH_ctrl. FLASH_ctrl.*)
                0x00130000                . = ALIGN (0x4)
                0x00130000                PROVIDE (_alt_partition_FLASH_ctrl_end, ABSOLUTE (.))
                0x00159e18                PROVIDE (_alt_partition_FLASH_ctrl_load_addr, LOADADDR (.FLASH_ctrl))

.ONCHIP_mem     0x00159e18        0x0
                0x00159e18                PROVIDE (_alt_partition_ONCHIP_mem_start, ABSOLUTE (.))
 *(.ONCHIP_mem .ONCHIP_mem. ONCHIP_mem.*)
                0x00159e18                . = ALIGN (0x4)
                0x00159e18                PROVIDE (_alt_partition_ONCHIP_mem_end, ABSOLUTE (.))
                0x00159e18                _end = ABSOLUTE (.)
                0x00159e18                end = ABSOLUTE (.)
                0x00159e18                __alt_stack_base = ABSOLUTE (.)
                0x00159e18                PROVIDE (_alt_partition_ONCHIP_mem_load_addr, LOADADDR (.ONCHIP_mem))

.stab
 *(.stab)

.stabstr
 *(.stabstr)

.stab.excl
 *(.stab.excl)

.stab.exclstr
 *(.stab.exclstr)

.stab.index
 *(.stab.index)

.stab.indexstr
 *(.stab.indexstr)

.comment        0x00000000       0x23
 *(.comment)
 .comment       0x00000000       0x23 obj/default/char57.o
                                 0x24 (size before relaxing)
 .comment       0x00000000       0x24 obj/default/keyproc.o
 .comment       0x00000000       0x24 obj/default/lcdout.o
 .comment       0x00000000       0x24 obj/default/mainloop.o
 .comment       0x00000000       0x24 obj/default/menu.o
 .comment       0x00000000       0x24 obj/default/menuact.o
 .comment       0x00000000       0x24 obj/default/stubfncs.o
 .comment       0x00000000       0x24 obj/default/testcode.o
 .comment       0x00000000       0x24 obj/default/tracutil.o
 .comment       0x00000000       0x24 c:/altera/13.1/nios2eds/bin/gnu/h-i686-mingw32/bin/../lib/gcc/nios2-elf/4.7.3/../../../../../H-i686-mingw32/nios2-elf/lib\libc.a(lib_a-memcpy.o)
 .comment       0x00000000       0x24 ../osc_bsp/\libhal_bsp.a(alt_iic.o)
 .comment       0x00000000       0x24 ../osc_bsp/\libhal_bsp.a(alt_iic_isr_register.o)
 .comment       0x00000000       0x24 ../osc_bsp/\libhal_bsp.a(alt_irq_handler.o)
 .comment       0x00000000       0x24 ../osc_bsp/\libhal_bsp.a(alt_irq_vars.o)
 .comment       0x00000000       0x24 ../osc_bsp/\libhal_bsp.a(alt_load.o)
 .comment       0x00000000       0x24 ../osc_bsp/\libhal_bsp.a(alt_main.o)
 .comment       0x00000000       0x24 ../osc_bsp/\libhal_bsp.a(alt_sys_init.o)
 .comment       0x00000000       0x24 ../osc_bsp/\libhal_bsp.a(alt_close.o)
 .comment       0x00000000       0x24 ../osc_bsp/\libhal_bsp.a(alt_dcache_flush_all.o)
 .comment       0x00000000       0x24 ../osc_bsp/\libhal_bsp.a(alt_dev.o)
 .comment       0x00000000       0x24 ../osc_bsp/\libhal_bsp.a(alt_do_ctors.o)
 .comment       0x00000000       0x24 ../osc_bsp/\libhal_bsp.a(alt_do_dtors.o)
 .comment       0x00000000       0x24 ../osc_bsp/\libhal_bsp.a(alt_errno.o)
 .comment       0x00000000       0x24 ../osc_bsp/\libhal_bsp.a(alt_icache_flush_all.o)
 .comment       0x00000000       0x24 ../osc_bsp/\libhal_bsp.a(alt_release_fd.o)
 .comment       0x00000000       0x24 ../osc_bsp/\libhal_bsp.a(altera_nios2_qsys_irq.o)
 .comment       0x00000000       0x24 ../osc_bsp/\libhal_bsp.a(alt_icache_flush.o)
 .comment       0x00000000       0x24 c:/altera/13.1/nios2eds/bin/gnu/h-i686-mingw32/bin/../lib/gcc/nios2-elf/4.7.3/../../../../../H-i686-mingw32/nios2-elf/lib\libc.a(lib_a-atexit.o)
 .comment       0x00000000       0x24 c:/altera/13.1/nios2eds/bin/gnu/h-i686-mingw32/bin/../lib/gcc/nios2-elf/4.7.3/../../../../../H-i686-mingw32/nios2-elf/lib\libc.a(lib_a-exit.o)
 .comment       0x00000000       0x24 c:/altera/13.1/nios2eds/bin/gnu/h-i686-mingw32/bin/../lib/gcc/nios2-elf/4.7.3/../../../../../H-i686-mingw32/nios2-elf/lib\libc.a(lib_a-impure.o)
 .comment       0x00000000       0x24 c:/altera/13.1/nios2eds/bin/gnu/h-i686-mingw32/bin/../lib/gcc/nios2-elf/4.7.3/../../../../../H-i686-mingw32/nios2-elf/lib\libc.a(lib_a-int_errno.o)
 .comment       0x00000000       0x24 c:/altera/13.1/nios2eds/bin/gnu/h-i686-mingw32/bin/../lib/gcc/nios2-elf/4.7.3/../../../../../H-i686-mingw32/nios2-elf/lib\libc.a(lib_a-__atexit.o)
 .comment       0x00000000       0x24 c:/altera/13.1/nios2eds/bin/gnu/h-i686-mingw32/bin/../lib/gcc/nios2-elf/4.7.3/../../../../../H-i686-mingw32/nios2-elf/lib\libc.a(lib_a-__call_atexit.o)
 .comment       0x00000000       0x24 ../osc_bsp/\libhal_bsp.a(alt_exit.o)

.debug
 *(.debug)

.line
 *(.line)

.debug_srcinfo
 *(.debug_srcinfo)

.debug_sfnames
 *(.debug_sfnames)

.debug_aranges  0x00000000      0x508
 *(.debug_aranges)
 .debug_aranges
                0x00000000       0x28 ../osc_bsp//obj/HAL/src/crt0.o
 .debug_aranges
                0x00000028       0x18 obj/default/char57.o
 .debug_aranges
                0x00000040       0x20 obj/default/keyproc.o
 .debug_aranges
                0x00000060       0x20 obj/default/lcdout.o
 .debug_aranges
                0x00000080       0x20 obj/default/mainloop.o
 .debug_aranges
                0x000000a0       0x20 obj/default/menu.o
 .debug_aranges
                0x000000c0       0x20 obj/default/menuact.o
 .debug_aranges
                0x000000e0       0x20 obj/default/testcode.o
 .debug_aranges
                0x00000100       0x20 obj/default/tracutil.o
 .debug_aranges
                0x00000120       0x20 obj/default/keyint.o
 .debug_aranges
                0x00000140       0x20 obj/default/testadc.o
 .debug_aranges
                0x00000160       0x20 obj/default/testdisp.o
 .debug_aranges
                0x00000180       0x20 obj/default/testvram.o
 .debug_aranges
                0x000001a0       0x20 c:/altera/13.1/nios2eds/bin/gnu/h-i686-mingw32/bin/../lib/gcc/nios2-elf/4.7.3/../../../../../H-i686-mingw32/nios2-elf/lib\libc.a(lib_a-memcpy.o)
 .debug_aranges
                0x000001c0       0x20 ../osc_bsp/\libhal_bsp.a(alt_iic.o)
 .debug_aranges
                0x000001e0       0x20 ../osc_bsp/\libhal_bsp.a(alt_iic_isr_register.o)
 .debug_aranges
                0x00000200       0x30 ../osc_bsp/\libhal_bsp.a(alt_irq_entry.o)
 .debug_aranges
                0x00000230       0x20 ../osc_bsp/\libhal_bsp.a(alt_irq_handler.o)
 .debug_aranges
                0x00000250       0x18 ../osc_bsp/\libhal_bsp.a(alt_irq_vars.o)
 .debug_aranges
                0x00000268       0x20 ../osc_bsp/\libhal_bsp.a(alt_load.o)
 .debug_aranges
                0x00000288       0x20 ../osc_bsp/\libhal_bsp.a(alt_main.o)
 .debug_aranges
                0x000002a8       0x20 ../osc_bsp/\libhal_bsp.a(alt_sys_init.o)
 .debug_aranges
                0x000002c8       0x20 ../osc_bsp/\libhal_bsp.a(alt_close.o)
 .debug_aranges
                0x000002e8       0x20 ../osc_bsp/\libhal_bsp.a(alt_dcache_flush_all.o)
 .debug_aranges
                0x00000308       0x20 ../osc_bsp/\libhal_bsp.a(alt_dev.o)
 .debug_aranges
                0x00000328       0x20 ../osc_bsp/\libhal_bsp.a(alt_do_ctors.o)
 .debug_aranges
                0x00000348       0x20 ../osc_bsp/\libhal_bsp.a(alt_do_dtors.o)
 .debug_aranges
                0x00000368       0x18 ../osc_bsp/\libhal_bsp.a(alt_errno.o)
 .debug_aranges
                0x00000380       0x38 ../osc_bsp/\libhal_bsp.a(alt_exception_entry.o)
 .debug_aranges
                0x000003b8       0x20 ../osc_bsp/\libhal_bsp.a(alt_icache_flush_all.o)
 .debug_aranges
                0x000003d8       0x20 ../osc_bsp/\libhal_bsp.a(alt_release_fd.o)
 .debug_aranges
                0x000003f8       0x20 ../osc_bsp/\libhal_bsp.a(altera_nios2_qsys_irq.o)
 .debug_aranges
                0x00000418       0x20 ../osc_bsp/\libhal_bsp.a(alt_icache_flush.o)
 .debug_aranges
                0x00000438       0x20 c:/altera/13.1/nios2eds/bin/gnu/h-i686-mingw32/bin/../lib/gcc/nios2-elf/4.7.3/../../../../../H-i686-mingw32/nios2-elf/lib\libc.a(lib_a-atexit.o)
 .debug_aranges
                0x00000458       0x20 c:/altera/13.1/nios2eds/bin/gnu/h-i686-mingw32/bin/../lib/gcc/nios2-elf/4.7.3/../../../../../H-i686-mingw32/nios2-elf/lib\libc.a(lib_a-exit.o)
 .debug_aranges
                0x00000478       0x18 c:/altera/13.1/nios2eds/bin/gnu/h-i686-mingw32/bin/../lib/gcc/nios2-elf/4.7.3/../../../../../H-i686-mingw32/nios2-elf/lib\libc.a(lib_a-impure.o)
 .debug_aranges
                0x00000490       0x18 c:/altera/13.1/nios2eds/bin/gnu/h-i686-mingw32/bin/../lib/gcc/nios2-elf/4.7.3/../../../../../H-i686-mingw32/nios2-elf/lib\libc.a(lib_a-int_errno.o)
 .debug_aranges
                0x000004a8       0x20 c:/altera/13.1/nios2eds/bin/gnu/h-i686-mingw32/bin/../lib/gcc/nios2-elf/4.7.3/../../../../../H-i686-mingw32/nios2-elf/lib\libc.a(lib_a-__atexit.o)
 .debug_aranges
                0x000004c8       0x20 c:/altera/13.1/nios2eds/bin/gnu/h-i686-mingw32/bin/../lib/gcc/nios2-elf/4.7.3/../../../../../H-i686-mingw32/nios2-elf/lib\libc.a(lib_a-__call_atexit.o)
 .debug_aranges
                0x000004e8       0x20 ../osc_bsp/\libhal_bsp.a(alt_exit.o)

.debug_pubnames
 *(.debug_pubnames)

.debug_info     0x00000000     0x5f4d
 *(.debug_info .gnu.linkonce.wi.*)
 .debug_info    0x00000000       0x53 ../osc_bsp//obj/HAL/src/crt0.o
 .debug_info    0x00000053       0x54 obj/default/char57.o
 .debug_info    0x000000a7      0x161 obj/default/keyproc.o
 .debug_info    0x00000208      0x2d5 obj/default/lcdout.o
 .debug_info    0x000004dd      0x1ac obj/default/mainloop.o
 .debug_info    0x00000689      0x2c8 obj/default/menu.o
 .debug_info    0x00000951      0x715 obj/default/menuact.o
 .debug_info    0x00001066       0xd0 obj/default/testcode.o
 .debug_info    0x00001136      0x6e1 obj/default/tracutil.o
 .debug_info    0x00001817       0x4d obj/default/keyint.o
 .debug_info    0x00001864       0x4e obj/default/testadc.o
 .debug_info    0x000018b2       0x4f obj/default/testdisp.o
 .debug_info    0x00001901       0x4f obj/default/testvram.o
 .debug_info    0x00001950      0x10e c:/altera/13.1/nios2eds/bin/gnu/h-i686-mingw32/bin/../lib/gcc/nios2-elf/4.7.3/../../../../../H-i686-mingw32/nios2-elf/lib\libc.a(lib_a-memcpy.o)
 .debug_info    0x00001a5e      0x364 ../osc_bsp/\libhal_bsp.a(alt_iic.o)
 .debug_info    0x00001dc2      0x1f6 ../osc_bsp/\libhal_bsp.a(alt_iic_isr_register.o)
 .debug_info    0x00001fb8       0x5c ../osc_bsp/\libhal_bsp.a(alt_irq_entry.o)
 .debug_info    0x00002014      0x190 ../osc_bsp/\libhal_bsp.a(alt_irq_handler.o)
 .debug_info    0x000021a4       0x8a ../osc_bsp/\libhal_bsp.a(alt_irq_vars.o)
 .debug_info    0x0000222e      0x135 ../osc_bsp/\libhal_bsp.a(alt_load.o)
 .debug_info    0x00002363      0x139 ../osc_bsp/\libhal_bsp.a(alt_main.o)
 .debug_info    0x0000249c       0xd7 ../osc_bsp/\libhal_bsp.a(alt_sys_init.o)
 .debug_info    0x00002573      0x350 ../osc_bsp/\libhal_bsp.a(alt_close.o)
 .debug_info    0x000028c3       0x90 ../osc_bsp/\libhal_bsp.a(alt_dcache_flush_all.o)
 .debug_info    0x00002953      0x4e3 ../osc_bsp/\libhal_bsp.a(alt_dev.o)
 .debug_info    0x00002e36       0x8d ../osc_bsp/\libhal_bsp.a(alt_do_ctors.o)
 .debug_info    0x00002ec3       0x8d ../osc_bsp/\libhal_bsp.a(alt_do_dtors.o)
 .debug_info    0x00002f50       0xa3 ../osc_bsp/\libhal_bsp.a(alt_errno.o)
 .debug_info    0x00002ff3       0x62 ../osc_bsp/\libhal_bsp.a(alt_exception_entry.o)
 .debug_info    0x00003055       0x90 ../osc_bsp/\libhal_bsp.a(alt_icache_flush_all.o)
 .debug_info    0x000030e5      0x2dd ../osc_bsp/\libhal_bsp.a(alt_release_fd.o)
 .debug_info    0x000033c2       0x90 ../osc_bsp/\libhal_bsp.a(altera_nios2_qsys_irq.o)
 .debug_info    0x00003452       0xda ../osc_bsp/\libhal_bsp.a(alt_icache_flush.o)
 .debug_info    0x0000352c      0x1e6 c:/altera/13.1/nios2eds/bin/gnu/h-i686-mingw32/bin/../lib/gcc/nios2-elf/4.7.3/../../../../../H-i686-mingw32/nios2-elf/lib\libc.a(lib_a-atexit.o)
 .debug_info    0x00003712      0x993 c:/altera/13.1/nios2eds/bin/gnu/h-i686-mingw32/bin/../lib/gcc/nios2-elf/4.7.3/../../../../../H-i686-mingw32/nios2-elf/lib\libc.a(lib_a-exit.o)
 .debug_info    0x000040a5      0x938 c:/altera/13.1/nios2eds/bin/gnu/h-i686-mingw32/bin/../lib/gcc/nios2-elf/4.7.3/../../../../../H-i686-mingw32/nios2-elf/lib\libc.a(lib_a-impure.o)
 .debug_info    0x000049dd       0x84 c:/altera/13.1/nios2eds/bin/gnu/h-i686-mingw32/bin/../lib/gcc/nios2-elf/4.7.3/../../../../../H-i686-mingw32/nios2-elf/lib\libc.a(lib_a-int_errno.o)
 .debug_info    0x00004a61      0x9f9 c:/altera/13.1/nios2eds/bin/gnu/h-i686-mingw32/bin/../lib/gcc/nios2-elf/4.7.3/../../../../../H-i686-mingw32/nios2-elf/lib\libc.a(lib_a-__atexit.o)
 .debug_info    0x0000545a      0xa07 c:/altera/13.1/nios2eds/bin/gnu/h-i686-mingw32/bin/../lib/gcc/nios2-elf/4.7.3/../../../../../H-i686-mingw32/nios2-elf/lib\libc.a(lib_a-__call_atexit.o)
 .debug_info    0x00005e61       0xec ../osc_bsp/\libhal_bsp.a(alt_exit.o)

.debug_abbrev   0x00000000     0x1da0
 *(.debug_abbrev)
 .debug_abbrev  0x00000000       0x12 ../osc_bsp//obj/HAL/src/crt0.o
 .debug_abbrev  0x00000012       0x45 obj/default/char57.o
 .debug_abbrev  0x00000057       0xce obj/default/keyproc.o
 .debug_abbrev  0x00000125      0x112 obj/default/lcdout.o
 .debug_abbrev  0x00000237       0xca obj/default/mainloop.o
 .debug_abbrev  0x00000301      0x14a obj/default/menu.o
 .debug_abbrev  0x0000044b      0x185 obj/default/menuact.o
 .debug_abbrev  0x000005d0       0x84 obj/default/testcode.o
 .debug_abbrev  0x00000654      0x184 obj/default/tracutil.o
 .debug_abbrev  0x000007d8       0x14 obj/default/keyint.o
 .debug_abbrev  0x000007ec       0x14 obj/default/testadc.o
 .debug_abbrev  0x00000800       0x14 obj/default/testdisp.o
 .debug_abbrev  0x00000814       0x14 obj/default/testvram.o
 .debug_abbrev  0x00000828       0x9c c:/altera/13.1/nios2eds/bin/gnu/h-i686-mingw32/bin/../lib/gcc/nios2-elf/4.7.3/../../../../../H-i686-mingw32/nios2-elf/lib\libc.a(lib_a-memcpy.o)
 .debug_abbrev  0x000008c4      0x16a ../osc_bsp/\libhal_bsp.a(alt_iic.o)
 .debug_abbrev  0x00000a2e      0x169 ../osc_bsp/\libhal_bsp.a(alt_iic_isr_register.o)
 .debug_abbrev  0x00000b97       0x12 ../osc_bsp/\libhal_bsp.a(alt_irq_entry.o)
 .debug_abbrev  0x00000ba9      0x124 ../osc_bsp/\libhal_bsp.a(alt_irq_handler.o)
 .debug_abbrev  0x00000ccd       0x40 ../osc_bsp/\libhal_bsp.a(alt_irq_vars.o)
 .debug_abbrev  0x00000d0d       0x9d ../osc_bsp/\libhal_bsp.a(alt_load.o)
 .debug_abbrev  0x00000daa       0xba ../osc_bsp/\libhal_bsp.a(alt_main.o)
 .debug_abbrev  0x00000e64       0x95 ../osc_bsp/\libhal_bsp.a(alt_sys_init.o)
 .debug_abbrev  0x00000ef9      0x11f ../osc_bsp/\libhal_bsp.a(alt_close.o)
 .debug_abbrev  0x00001018       0x42 ../osc_bsp/\libhal_bsp.a(alt_dcache_flush_all.o)
 .debug_abbrev  0x0000105a       0xd9 ../osc_bsp/\libhal_bsp.a(alt_dev.o)
 .debug_abbrev  0x00001133       0x79 ../osc_bsp/\libhal_bsp.a(alt_do_ctors.o)
 .debug_abbrev  0x000011ac       0x79 ../osc_bsp/\libhal_bsp.a(alt_do_dtors.o)
 .debug_abbrev  0x00001225       0x5a ../osc_bsp/\libhal_bsp.a(alt_errno.o)
 .debug_abbrev  0x0000127f       0x12 ../osc_bsp/\libhal_bsp.a(alt_exception_entry.o)
 .debug_abbrev  0x00001291       0x42 ../osc_bsp/\libhal_bsp.a(alt_icache_flush_all.o)
 .debug_abbrev  0x000012d3       0xde ../osc_bsp/\libhal_bsp.a(alt_release_fd.o)
 .debug_abbrev  0x000013b1       0x42 ../osc_bsp/\libhal_bsp.a(altera_nios2_qsys_irq.o)
 .debug_abbrev  0x000013f3       0x8c ../osc_bsp/\libhal_bsp.a(alt_icache_flush.o)
 .debug_abbrev  0x0000147f      0x106 c:/altera/13.1/nios2eds/bin/gnu/h-i686-mingw32/bin/../lib/gcc/nios2-elf/4.7.3/../../../../../H-i686-mingw32/nios2-elf/lib\libc.a(lib_a-atexit.o)
 .debug_abbrev  0x00001585      0x1c8 c:/altera/13.1/nios2eds/bin/gnu/h-i686-mingw32/bin/../lib/gcc/nios2-elf/4.7.3/../../../../../H-i686-mingw32/nios2-elf/lib\libc.a(lib_a-exit.o)
 .debug_abbrev  0x0000174d      0x162 c:/altera/13.1/nios2eds/bin/gnu/h-i686-mingw32/bin/../lib/gcc/nios2-elf/4.7.3/../../../../../H-i686-mingw32/nios2-elf/lib\libc.a(lib_a-impure.o)
 .debug_abbrev  0x000018af       0x37 c:/altera/13.1/nios2eds/bin/gnu/h-i686-mingw32/bin/../lib/gcc/nios2-elf/4.7.3/../../../../../H-i686-mingw32/nios2-elf/lib\libc.a(lib_a-int_errno.o)
 .debug_abbrev  0x000018e6      0x211 c:/altera/13.1/nios2eds/bin/gnu/h-i686-mingw32/bin/../lib/gcc/nios2-elf/4.7.3/../../../../../H-i686-mingw32/nios2-elf/lib\libc.a(lib_a-__atexit.o)
 .debug_abbrev  0x00001af7      0x203 c:/altera/13.1/nios2eds/bin/gnu/h-i686-mingw32/bin/../lib/gcc/nios2-elf/4.7.3/../../../../../H-i686-mingw32/nios2-elf/lib\libc.a(lib_a-__call_atexit.o)
 .debug_abbrev  0x00001cfa       0xa6 ../osc_bsp/\libhal_bsp.a(alt_exit.o)

.debug_line     0x00000000     0x22df
 *(.debug_line)
 .debug_line    0x00000000       0x6c ../osc_bsp//obj/HAL/src/crt0.o
 .debug_line    0x0000006c       0x29 obj/default/char57.o
 .debug_line    0x00000095       0x75 obj/default/keyproc.o
 .debug_line    0x0000010a       0xf4 obj/default/lcdout.o
 .debug_line    0x000001fe       0x97 obj/default/mainloop.o
 .debug_line    0x00000295       0xdf obj/default/menu.o
 .debug_line    0x00000374      0x1d9 obj/default/menuact.o
 .debug_line    0x0000054d        0x0 obj/default/stubfncs.o
 .debug_line    0x0000054d       0x5f obj/default/testcode.o
 .debug_line    0x000005ac      0x2dd obj/default/tracutil.o
 .debug_line    0x00000889      0x104 obj/default/keyint.o
 .debug_line    0x0000098d      0x173 obj/default/testadc.o
 .debug_line    0x00000b00       0x88 obj/default/testdisp.o
 .debug_line    0x00000b88       0x62 obj/default/testvram.o
 .debug_line    0x00000bea      0x13d c:/altera/13.1/nios2eds/bin/gnu/h-i686-mingw32/bin/../lib/gcc/nios2-elf/4.7.3/../../../../../H-i686-mingw32/nios2-elf/lib\libc.a(lib_a-memcpy.o)
 .debug_line    0x00000d27       0xed ../osc_bsp/\libhal_bsp.a(alt_iic.o)
 .debug_line    0x00000e14       0xdb ../osc_bsp/\libhal_bsp.a(alt_iic_isr_register.o)
 .debug_line    0x00000eef       0x6b ../osc_bsp/\libhal_bsp.a(alt_irq_entry.o)
 .debug_line    0x00000f5a       0xae ../osc_bsp/\libhal_bsp.a(alt_irq_handler.o)
 .debug_line    0x00001008       0x50 ../osc_bsp/\libhal_bsp.a(alt_irq_vars.o)
 .debug_line    0x00001058       0x92 ../osc_bsp/\libhal_bsp.a(alt_load.o)
 .debug_line    0x000010ea       0xa0 ../osc_bsp/\libhal_bsp.a(alt_main.o)
 .debug_line    0x0000118a       0x6c ../osc_bsp/\libhal_bsp.a(alt_sys_init.o)
 .debug_line    0x000011f6      0x186 ../osc_bsp/\libhal_bsp.a(alt_close.o)
 .debug_line    0x0000137c       0x51 ../osc_bsp/\libhal_bsp.a(alt_dcache_flush_all.o)
 .debug_line    0x000013cd      0x119 ../osc_bsp/\libhal_bsp.a(alt_dev.o)
 .debug_line    0x000014e6       0x59 ../osc_bsp/\libhal_bsp.a(alt_do_ctors.o)
 .debug_line    0x0000153f       0x59 ../osc_bsp/\libhal_bsp.a(alt_do_dtors.o)
 .debug_line    0x00001598       0x51 ../osc_bsp/\libhal_bsp.a(alt_errno.o)
 .debug_line    0x000015e9       0xab ../osc_bsp/\libhal_bsp.a(alt_exception_entry.o)
 .debug_line    0x00001694       0x50 ../osc_bsp/\libhal_bsp.a(alt_icache_flush_all.o)
 .debug_line    0x000016e4       0xae ../osc_bsp/\libhal_bsp.a(alt_release_fd.o)
 .debug_line    0x00001792       0x51 ../osc_bsp/\libhal_bsp.a(altera_nios2_qsys_irq.o)
 .debug_line    0x000017e3       0x81 ../osc_bsp/\libhal_bsp.a(alt_icache_flush.o)
 .debug_line    0x00001864      0x16d c:/altera/13.1/nios2eds/bin/gnu/h-i686-mingw32/bin/../lib/gcc/nios2-elf/4.7.3/../../../../../H-i686-mingw32/nios2-elf/lib\libc.a(lib_a-atexit.o)
 .debug_line    0x000019d1      0x219 c:/altera/13.1/nios2eds/bin/gnu/h-i686-mingw32/bin/../lib/gcc/nios2-elf/4.7.3/../../../../../H-i686-mingw32/nios2-elf/lib\libc.a(lib_a-exit.o)
 .debug_line    0x00001bea      0x173 c:/altera/13.1/nios2eds/bin/gnu/h-i686-mingw32/bin/../lib/gcc/nios2-elf/4.7.3/../../../../../H-i686-mingw32/nios2-elf/lib\libc.a(lib_a-impure.o)
 .debug_line    0x00001d5d       0x5d c:/altera/13.1/nios2eds/bin/gnu/h-i686-mingw32/bin/../lib/gcc/nios2-elf/4.7.3/../../../../../H-i686-mingw32/nios2-elf/lib\libc.a(lib_a-int_errno.o)
 .debug_line    0x00001dba      0x250 c:/altera/13.1/nios2eds/bin/gnu/h-i686-mingw32/bin/../lib/gcc/nios2-elf/4.7.3/../../../../../H-i686-mingw32/nios2-elf/lib\libc.a(lib_a-__atexit.o)
 .debug_line    0x0000200a      0x264 c:/altera/13.1/nios2eds/bin/gnu/h-i686-mingw32/bin/../lib/gcc/nios2-elf/4.7.3/../../../../../H-i686-mingw32/nios2-elf/lib\libc.a(lib_a-__call_atexit.o)
 .debug_line    0x0000226e       0x71 ../osc_bsp/\libhal_bsp.a(alt_exit.o)

.debug_frame    0x00000000      0xbe0
 *(.debug_frame)
 .debug_frame   0x00000000       0xb8 obj/default/keyproc.o
 .debug_frame   0x000000b8       0x9c obj/default/lcdout.o
 .debug_frame   0x00000154       0x48 obj/default/mainloop.o
 .debug_frame   0x0000019c      0x128 obj/default/menu.o
 .debug_frame   0x000002c4      0x320 obj/default/menuact.o
 .debug_frame   0x000005e4       0x30 obj/default/testcode.o
 .debug_frame   0x00000614      0x198 obj/default/tracutil.o
 .debug_frame   0x000007ac       0x20 c:/altera/13.1/nios2eds/bin/gnu/h-i686-mingw32/bin/../lib/gcc/nios2-elf/4.7.3/../../../../../H-i686-mingw32/nios2-elf/lib\libc.a(lib_a-memcpy.o)
 .debug_frame   0x000007cc       0x80 ../osc_bsp/\libhal_bsp.a(alt_iic.o)
 .debug_frame   0x0000084c       0x2c ../osc_bsp/\libhal_bsp.a(alt_iic_isr_register.o)
 .debug_frame   0x00000878       0x2c ../osc_bsp/\libhal_bsp.a(alt_irq_handler.o)
 .debug_frame   0x000008a4       0x48 ../osc_bsp/\libhal_bsp.a(alt_load.o)
 .debug_frame   0x000008ec       0x2c ../osc_bsp/\libhal_bsp.a(alt_main.o)
 .debug_frame   0x00000918       0x48 ../osc_bsp/\libhal_bsp.a(alt_sys_init.o)
 .debug_frame   0x00000960       0x48 ../osc_bsp/\libhal_bsp.a(alt_close.o)
 .debug_frame   0x000009a8       0x2c ../osc_bsp/\libhal_bsp.a(alt_dcache_flush_all.o)
 .debug_frame   0x000009d4       0x2c ../osc_bsp/\libhal_bsp.a(alt_dev.o)
 .debug_frame   0x00000a00       0x2c ../osc_bsp/\libhal_bsp.a(alt_do_ctors.o)
 .debug_frame   0x00000a2c       0x2c ../osc_bsp/\libhal_bsp.a(alt_do_dtors.o)
 .debug_frame   0x00000a58       0x2c ../osc_bsp/\libhal_bsp.a(alt_icache_flush_all.o)
 .debug_frame   0x00000a84       0x2c ../osc_bsp/\libhal_bsp.a(alt_release_fd.o)
 .debug_frame   0x00000ab0       0x2c ../osc_bsp/\libhal_bsp.a(altera_nios2_qsys_irq.o)
 .debug_frame   0x00000adc       0x2c ../osc_bsp/\libhal_bsp.a(alt_icache_flush.o)
 .debug_frame   0x00000b08       0x20 c:/altera/13.1/nios2eds/bin/gnu/h-i686-mingw32/bin/../lib/gcc/nios2-elf/4.7.3/../../../../../H-i686-mingw32/nios2-elf/lib\libc.a(lib_a-atexit.o)
 .debug_frame   0x00000b28       0x28 c:/altera/13.1/nios2eds/bin/gnu/h-i686-mingw32/bin/../lib/gcc/nios2-elf/4.7.3/../../../../../H-i686-mingw32/nios2-elf/lib\libc.a(lib_a-exit.o)
 .debug_frame   0x00000b50       0x2c c:/altera/13.1/nios2eds/bin/gnu/h-i686-mingw32/bin/../lib/gcc/nios2-elf/4.7.3/../../../../../H-i686-mingw32/nios2-elf/lib\libc.a(lib_a-__atexit.o)
 .debug_frame   0x00000b7c       0x38 c:/altera/13.1/nios2eds/bin/gnu/h-i686-mingw32/bin/../lib/gcc/nios2-elf/4.7.3/../../../../../H-i686-mingw32/nios2-elf/lib\libc.a(lib_a-__call_atexit.o)
 .debug_frame   0x00000bb4       0x2c ../osc_bsp/\libhal_bsp.a(alt_exit.o)

.debug_str      0x00000000     0x15ad
 *(.debug_str)
 .debug_str     0x00000000       0x55 obj/default/char57.o
 .debug_str     0x00000055       0x6a obj/default/keyproc.o
                                 0x9d (size before relaxing)
 .debug_str     0x000000bf       0x9e obj/default/lcdout.o
                                0x10d (size before relaxing)
 .debug_str     0x0000015d       0x95 obj/default/mainloop.o
                                0x116 (size before relaxing)
 .debug_str     0x000001f2      0x159 obj/default/menu.o
                                0x1c4 (size before relaxing)
 .debug_str     0x0000034b      0x1fc obj/default/menuact.o
                                0x307 (size before relaxing)
 .debug_str     0x00000547       0x3a obj/default/testcode.o
                                 0xa0 (size before relaxing)
 .debug_str     0x00000581      0x1a4 obj/default/tracutil.o
                                0x2b3 (size before relaxing)
 .debug_str     0x00000725       0xff c:/altera/13.1/nios2eds/bin/gnu/h-i686-mingw32/bin/../lib/gcc/nios2-elf/4.7.3/../../../../../H-i686-mingw32/nios2-elf/lib\libc.a(lib_a-memcpy.o)
                                0x126 (size before relaxing)
 .debug_str     0x00000824      0x15d ../osc_bsp/\libhal_bsp.a(alt_iic.o)
                                0x1da (size before relaxing)
 .debug_str     0x00000981       0x4c ../osc_bsp/\libhal_bsp.a(alt_iic_isr_register.o)
                                0x184 (size before relaxing)
 .debug_str     0x000009cd       0x3a ../osc_bsp/\libhal_bsp.a(alt_irq_handler.o)
                                0x133 (size before relaxing)
 .debug_str     0x00000a07       0x17 ../osc_bsp/\libhal_bsp.a(alt_irq_vars.o)
                                 0xe2 (size before relaxing)
 .debug_str     0x00000a1e       0xe9 ../osc_bsp/\libhal_bsp.a(alt_load.o)
                                0x1ae (size before relaxing)
 .debug_str     0x00000b07       0x70 ../osc_bsp/\libhal_bsp.a(alt_main.o)
                                0x139 (size before relaxing)
 .debug_str     0x00000b77       0x47 ../osc_bsp/\libhal_bsp.a(alt_sys_init.o)
                                0x109 (size before relaxing)
 .debug_str     0x00000bbe       0x97 ../osc_bsp/\libhal_bsp.a(alt_close.o)
                                0x1a7 (size before relaxing)
 .debug_str     0x00000c55       0x34 ../osc_bsp/\libhal_bsp.a(alt_dcache_flush_all.o)
                                 0xf1 (size before relaxing)
 .debug_str     0x00000c89      0x120 ../osc_bsp/\libhal_bsp.a(alt_dev.o)
                                0x2a1 (size before relaxing)
 .debug_str     0x00000da9       0x48 ../osc_bsp/\libhal_bsp.a(alt_do_ctors.o)
                                 0x78 (size before relaxing)
 .debug_str     0x00000df1       0x4c ../osc_bsp/\libhal_bsp.a(alt_do_dtors.o)
                                 0x77 (size before relaxing)
 .debug_str     0x00000e3d       0x14 ../osc_bsp/\libhal_bsp.a(alt_errno.o)
                                 0xe1 (size before relaxing)
 .debug_str     0x00000e51       0x34 ../osc_bsp/\libhal_bsp.a(alt_icache_flush_all.o)
                                 0xf1 (size before relaxing)
 .debug_str     0x00000e85       0x28 ../osc_bsp/\libhal_bsp.a(alt_release_fd.o)
                                0x17b (size before relaxing)
 .debug_str     0x00000ead       0x3b ../osc_bsp/\libhal_bsp.a(altera_nios2_qsys_irq.o)
                                 0xf8 (size before relaxing)
 .debug_str     0x00000ee8       0x2c ../osc_bsp/\libhal_bsp.a(alt_icache_flush.o)
                                 0xf7 (size before relaxing)
 .debug_str     0x00000f14      0x15c c:/altera/13.1/nios2eds/bin/gnu/h-i686-mingw32/bin/../lib/gcc/nios2-elf/4.7.3/../../../../../H-i686-mingw32/nios2-elf/lib\libc.a(lib_a-atexit.o)
                                0x20f (size before relaxing)
 .debug_str     0x00001070      0x364 c:/altera/13.1/nios2eds/bin/gnu/h-i686-mingw32/bin/../lib/gcc/nios2-elf/4.7.3/../../../../../H-i686-mingw32/nios2-elf/lib\libc.a(lib_a-exit.o)
                                0x52f (size before relaxing)
 .debug_str     0x000013d4       0xd4 c:/altera/13.1/nios2eds/bin/gnu/h-i686-mingw32/bin/../lib/gcc/nios2-elf/4.7.3/../../../../../H-i686-mingw32/nios2-elf/lib\libc.a(lib_a-impure.o)
                                0x526 (size before relaxing)
 .debug_str     0x000014a8       0x3d c:/altera/13.1/nios2eds/bin/gnu/h-i686-mingw32/bin/../lib/gcc/nios2-elf/4.7.3/../../../../../H-i686-mingw32/nios2-elf/lib\libc.a(lib_a-int_errno.o)
                                0x16f (size before relaxing)
 .debug_str     0x000014e5       0x3d c:/altera/13.1/nios2eds/bin/gnu/h-i686-mingw32/bin/../lib/gcc/nios2-elf/4.7.3/../../../../../H-i686-mingw32/nios2-elf/lib\libc.a(lib_a-__atexit.o)
                                0x573 (size before relaxing)
 .debug_str     0x00001522       0x61 c:/altera/13.1/nios2eds/bin/gnu/h-i686-mingw32/bin/../lib/gcc/nios2-elf/4.7.3/../../../../../H-i686-mingw32/nios2-elf/lib\libc.a(lib_a-__call_atexit.o)
                                0x551 (size before relaxing)
 .debug_str     0x00001583       0x2a ../osc_bsp/\libhal_bsp.a(alt_exit.o)
                                 0xed (size before relaxing)

.debug_loc      0x00000000     0x14f4
 *(.debug_loc)
 .debug_loc     0x00000000      0x108 obj/default/keyproc.o
 .debug_loc     0x00000108       0xdc obj/default/lcdout.o
 .debug_loc     0x000001e4       0x59 obj/default/mainloop.o
 .debug_loc     0x0000023d      0x1b8 obj/default/menu.o
 .debug_loc     0x000003f5      0x4d0 obj/default/menuact.o
 .debug_loc     0x000008c5       0x2d obj/default/testcode.o
 .debug_loc     0x000008f2      0x269 obj/default/tracutil.o
 .debug_loc     0x00000b5b      0x1f2 c:/altera/13.1/nios2eds/bin/gnu/h-i686-mingw32/bin/../lib/gcc/nios2-elf/4.7.3/../../../../../H-i686-mingw32/nios2-elf/lib\libc.a(lib_a-memcpy.o)
 .debug_loc     0x00000d4d       0xb0 ../osc_bsp/\libhal_bsp.a(alt_iic.o)
 .debug_loc     0x00000dfd       0x2c ../osc_bsp/\libhal_bsp.a(alt_iic_isr_register.o)
 .debug_loc     0x00000e29       0x2c ../osc_bsp/\libhal_bsp.a(alt_irq_handler.o)
 .debug_loc     0x00000e55       0x58 ../osc_bsp/\libhal_bsp.a(alt_load.o)
 .debug_loc     0x00000ead       0x2c ../osc_bsp/\libhal_bsp.a(alt_main.o)
 .debug_loc     0x00000ed9       0x58 ../osc_bsp/\libhal_bsp.a(alt_sys_init.o)
 .debug_loc     0x00000f31       0x58 ../osc_bsp/\libhal_bsp.a(alt_close.o)
 .debug_loc     0x00000f89       0x2c ../osc_bsp/\libhal_bsp.a(alt_dcache_flush_all.o)
 .debug_loc     0x00000fb5       0x2c ../osc_bsp/\libhal_bsp.a(alt_dev.o)
 .debug_loc     0x00000fe1       0x2c ../osc_bsp/\libhal_bsp.a(alt_do_ctors.o)
 .debug_loc     0x0000100d       0x2c ../osc_bsp/\libhal_bsp.a(alt_do_dtors.o)
 .debug_loc     0x00001039       0x2c ../osc_bsp/\libhal_bsp.a(alt_icache_flush_all.o)
 .debug_loc     0x00001065       0x2c ../osc_bsp/\libhal_bsp.a(alt_release_fd.o)
 .debug_loc     0x00001091       0x2c ../osc_bsp/\libhal_bsp.a(altera_nios2_qsys_irq.o)
 .debug_loc     0x000010bd       0x2c ../osc_bsp/\libhal_bsp.a(alt_icache_flush.o)
 .debug_loc     0x000010e9       0x2c c:/altera/13.1/nios2eds/bin/gnu/h-i686-mingw32/bin/../lib/gcc/nios2-elf/4.7.3/../../../../../H-i686-mingw32/nios2-elf/lib\libc.a(lib_a-atexit.o)
 .debug_loc     0x00001115       0x3e c:/altera/13.1/nios2eds/bin/gnu/h-i686-mingw32/bin/../lib/gcc/nios2-elf/4.7.3/../../../../../H-i686-mingw32/nios2-elf/lib\libc.a(lib_a-exit.o)
 .debug_loc     0x00001153      0x194 c:/altera/13.1/nios2eds/bin/gnu/h-i686-mingw32/bin/../lib/gcc/nios2-elf/4.7.3/../../../../../H-i686-mingw32/nios2-elf/lib\libc.a(lib_a-__atexit.o)
 .debug_loc     0x000012e7      0x1e1 c:/altera/13.1/nios2eds/bin/gnu/h-i686-mingw32/bin/../lib/gcc/nios2-elf/4.7.3/../../../../../H-i686-mingw32/nios2-elf/lib\libc.a(lib_a-__call_atexit.o)
 .debug_loc     0x000014c8       0x2c ../osc_bsp/\libhal_bsp.a(alt_exit.o)

.debug_macinfo
 *(.debug_macinfo)

.debug_weaknames
 *(.debug_weaknames)

.debug_funcnames
 *(.debug_funcnames)

.debug_typenames
 *(.debug_typenames)

.debug_varnames
 *(.debug_varnames)

.debug_alt_sim_info
                0x00000000       0x20
 *(.debug_alt_sim_info)
 .debug_alt_sim_info
                0x00000000       0x20 ../osc_bsp//obj/HAL/src/crt0.o
                0x0015c000                __alt_data_end = 0x15c000
                0x0015c000                PROVIDE (__alt_stack_pointer, __alt_data_end)
                0x00159e18                PROVIDE (__alt_stack_limit, __alt_stack_base)
                0x00159e18                PROVIDE (__alt_heap_start, end)
                0x0015c000                PROVIDE (__alt_heap_limit, 0x15c000)
OUTPUT(osc.elf elf32-littlenios2)

.debug_ranges   0x00000000       0xd0
 .debug_ranges  0x00000000       0x20 ../osc_bsp//obj/HAL/src/crt0.o
 .debug_ranges  0x00000020       0x30 ../osc_bsp/\libhal_bsp.a(alt_iic.o)
 .debug_ranges  0x00000050       0x28 ../osc_bsp/\libhal_bsp.a(alt_irq_entry.o)
 .debug_ranges  0x00000078       0x10 ../osc_bsp/\libhal_bsp.a(alt_irq_handler.o)
 .debug_ranges  0x00000088       0x30 ../osc_bsp/\libhal_bsp.a(alt_exception_entry.o)
 .debug_ranges  0x000000b8       0x18 c:/altera/13.1/nios2eds/bin/gnu/h-i686-mingw32/bin/../lib/gcc/nios2-elf/4.7.3/../../../../../H-i686-mingw32/nios2-elf/lib\libc.a(lib_a-__call_atexit.o)
