Archive member included because of file (symbol)

d:/program files/nios2eds/bin/gnu/h-i686-mingw32/bin/../lib/gcc/nios2-elf/4.7.3/mno-hw-mul\libgcc.a(lib2-divmod.o)
                              obj/default/menuact.o (__divsi3)
d:/program files/nios2eds/bin/gnu/h-i686-mingw32/bin/../lib/gcc/nios2-elf/4.7.3/mno-hw-mul\libgcc.a(lib2-mul.o)
                              obj/default/lcdout.o (__mulsi3)
d:/program files/nios2eds/bin/gnu/h-i686-mingw32/bin/../lib/gcc/nios2-elf/4.7.3/../../../../../H-i686-mingw32/nios2-elf/lib/mno-hw-mul\libc.a(lib_a-memcpy.o)
                              obj/default/testcode.o (memcpy)
../osc_bsp/\libhal_bsp.a(alt_iic.o)
                              obj/default/mainloop.o (alt_ic_isr_register)
../osc_bsp/\libhal_bsp.a(alt_iic_isr_register.o)
                              ../osc_bsp/\libhal_bsp.a(alt_iic.o) (alt_iic_isr_register)
../osc_bsp/\libhal_bsp.a(alt_irq_entry.o)
                              ../osc_bsp/\libhal_bsp.a(alt_iic_isr_register.o) (alt_irq_entry)
../osc_bsp/\libhal_bsp.a(alt_irq_handler.o)
                              ../osc_bsp/\libhal_bsp.a(alt_iic_isr_register.o) (alt_irq)
../osc_bsp/\libhal_bsp.a(alt_irq_vars.o)
                              ../osc_bsp/\libhal_bsp.a(alt_iic.o) (alt_irq_active)
../osc_bsp/\libhal_bsp.a(alt_main.o)
                              ../osc_bsp//obj/HAL/src/crt0.o (alt_main)
../osc_bsp/\libhal_bsp.a(alt_sys_init.o)
                              ../osc_bsp/\libhal_bsp.a(alt_main.o) (alt_irq_init)
../osc_bsp/\libhal_bsp.a(alt_close.o)
                              ../osc_bsp/\libhal_bsp.a(alt_main.o) (close)
../osc_bsp/\libhal_bsp.a(alt_dev.o)
                              ../osc_bsp/\libhal_bsp.a(alt_close.o) (alt_fd_list)
../osc_bsp/\libhal_bsp.a(alt_do_ctors.o)
                              ../osc_bsp/\libhal_bsp.a(alt_main.o) (_do_ctors)
../osc_bsp/\libhal_bsp.a(alt_do_dtors.o)
                              ../osc_bsp/\libhal_bsp.a(alt_main.o) (_do_dtors)
../osc_bsp/\libhal_bsp.a(alt_errno.o)
                              ../osc_bsp/\libhal_bsp.a(alt_close.o) (alt_errno)
../osc_bsp/\libhal_bsp.a(alt_exception_entry.o)
                              ../osc_bsp/\libhal_bsp.a(alt_irq_entry.o) (alt_exception)
../osc_bsp/\libhal_bsp.a(alt_release_fd.o)
                              ../osc_bsp/\libhal_bsp.a(alt_close.o) (alt_release_fd)
../osc_bsp/\libhal_bsp.a(altera_nios2_qsys_irq.o)
                              ../osc_bsp/\libhal_bsp.a(alt_sys_init.o) (altera_nios2_qsys_irq_init)
d:/program files/nios2eds/bin/gnu/h-i686-mingw32/bin/../lib/gcc/nios2-elf/4.7.3/../../../../../H-i686-mingw32/nios2-elf/lib/mno-hw-mul\libc.a(lib_a-atexit.o)
                              ../osc_bsp/\libhal_bsp.a(alt_main.o) (atexit)
d:/program files/nios2eds/bin/gnu/h-i686-mingw32/bin/../lib/gcc/nios2-elf/4.7.3/../../../../../H-i686-mingw32/nios2-elf/lib/mno-hw-mul\libc.a(lib_a-exit.o)
                              ../osc_bsp/\libhal_bsp.a(alt_main.o) (exit)
d:/program files/nios2eds/bin/gnu/h-i686-mingw32/bin/../lib/gcc/nios2-elf/4.7.3/../../../../../H-i686-mingw32/nios2-elf/lib/mno-hw-mul\libc.a(lib_a-impure.o)
                              d:/program files/nios2eds/bin/gnu/h-i686-mingw32/bin/../lib/gcc/nios2-elf/4.7.3/../../../../../H-i686-mingw32/nios2-elf/lib/mno-hw-mul\libc.a(lib_a-exit.o) (_global_impure_ptr)
d:/program files/nios2eds/bin/gnu/h-i686-mingw32/bin/../lib/gcc/nios2-elf/4.7.3/../../../../../H-i686-mingw32/nios2-elf/lib/mno-hw-mul\libc.a(lib_a-int_errno.o)
                              ../osc_bsp/\libhal_bsp.a(alt_close.o) (errno)
d:/program files/nios2eds/bin/gnu/h-i686-mingw32/bin/../lib/gcc/nios2-elf/4.7.3/../../../../../H-i686-mingw32/nios2-elf/lib/mno-hw-mul\libc.a(lib_a-__atexit.o)
                              d:/program files/nios2eds/bin/gnu/h-i686-mingw32/bin/../lib/gcc/nios2-elf/4.7.3/../../../../../H-i686-mingw32/nios2-elf/lib/mno-hw-mul\libc.a(lib_a-atexit.o) (__register_exitproc)
d:/program files/nios2eds/bin/gnu/h-i686-mingw32/bin/../lib/gcc/nios2-elf/4.7.3/../../../../../H-i686-mingw32/nios2-elf/lib/mno-hw-mul\libc.a(lib_a-__call_atexit.o)
                              d:/program files/nios2eds/bin/gnu/h-i686-mingw32/bin/../lib/gcc/nios2-elf/4.7.3/../../../../../H-i686-mingw32/nios2-elf/lib/mno-hw-mul\libc.a(lib_a-exit.o) (__call_exitprocs)
../osc_bsp/\libhal_bsp.a(alt_exit.o)
                              d:/program files/nios2eds/bin/gnu/h-i686-mingw32/bin/../lib/gcc/nios2-elf/4.7.3/../../../../../H-i686-mingw32/nios2-elf/lib/mno-hw-mul\libc.a(lib_a-exit.o) (_exit)

Allocating common symbols
Common symbol       size              file

alt_irq             0x100             ../osc_bsp/\libhal_bsp.a(alt_irq_handler.o)
cur_scale           0x4               obj/default/tracutil.o
errno               0x4               d:/program files/nios2eds/bin/gnu/h-i686-mingw32/bin/../lib/gcc/nios2-elf/4.7.3/../../../../../H-i686-mingw32/nios2-elf/lib/mno-hw-mul\libc.a(lib_a-int_errno.o)
trigger_mode        0x4               obj/default/menuact.o
trace_status        0x4               obj/default/tracutil.o
menu_entry          0x4               obj/default/menu.o
saved_end_y         0x4               obj/default/tracutil.o
menu_display        0x4               obj/default/menu.o
level               0x4               obj/default/menuact.o
saved_pos_y         0x4               obj/default/tracutil.o
sample_size         0x4               obj/default/tracutil.o
saved_end_x         0x4               obj/default/tracutil.o
saved_pos_x         0x4               obj/default/tracutil.o
_atexit0            0x190             d:/program files/nios2eds/bin/gnu/h-i686-mingw32/bin/../lib/gcc/nios2-elf/4.7.3/../../../../../H-i686-mingw32/nios2-elf/lib/mno-hw-mul\libc.a(lib_a-atexit.o)
sweep               0x4               obj/default/menuact.o
delay               0x4               obj/default/menuact.o
saved_menu          0x2a0             obj/default/tracutil.o
saved_axis_y        0xb0              obj/default/tracutil.o
saved_axis_x        0xb4              obj/default/tracutil.o
saved_area          0xf0              obj/default/tracutil.o
sampling            0x4               obj/default/tracutil.o
scale               0x4               obj/default/menuact.o
slope               0x4               obj/default/menuact.o

Memory Configuration

Name             Origin             Length             Attributes
RAM_ctrl         0x00020000         0x00010000
ROM_ctrl         0x00030000         0x00010000
reset            0x00048000         0x00000020
ONCHIP_mem       0x00048020         0x00007fe0
*default*        0x00000000         0xffffffff

Linker script and memory map

LOAD ../osc_bsp//obj/HAL/src/crt0.o
LOAD obj/default/char712.o
LOAD obj/default/keyproc.o
LOAD obj/default/lcdout.o
LOAD obj/default/mainloop.o
LOAD obj/default/menu.o
LOAD obj/default/menuact.o
LOAD obj/default/stubfncs.o
LOAD obj/default/testcode.o
LOAD obj/default/tracutil.o
LOAD d:/program files/nios2eds/bin/gnu/h-i686-mingw32/bin/../lib/gcc/nios2-elf/4.7.3/../../../../../H-i686-mingw32/nios2-elf/lib/mno-hw-mul\libstdc++.a
LOAD d:/program files/nios2eds/bin/gnu/h-i686-mingw32/bin/../lib/gcc/nios2-elf/4.7.3/../../../../../H-i686-mingw32/nios2-elf/lib/mno-hw-mul\libm.a
LOAD d:/program files/nios2eds/bin/gnu/h-i686-mingw32/bin/../lib/gcc/nios2-elf/4.7.3/mno-hw-mul\libgcc.a
START GROUP
LOAD d:/program files/nios2eds/bin/gnu/h-i686-mingw32/bin/../lib/gcc/nios2-elf/4.7.3/../../../../../H-i686-mingw32/nios2-elf/lib/mno-hw-mul\libc.a
LOAD d:/program files/nios2eds/bin/gnu/h-i686-mingw32/bin/../lib/gcc/nios2-elf/4.7.3/mno-hw-mul\libgcc.a
LOAD ../osc_bsp/\libhal_bsp.a
END GROUP
LOAD d:/program files/nios2eds/bin/gnu/h-i686-mingw32/bin/../lib/gcc/nios2-elf/4.7.3/mno-hw-mul\libgcc.a
                0x00020000                __alt_mem_RAM_ctrl = 0x20000
                0x00030000                __alt_mem_ROM_ctrl = 0x30000
                0x00048000                __alt_mem_ONCHIP_mem = 0x48000

.entry          0x00048000        0x0
 *(.entry)
 .entry         0x00048000        0x0 ../osc_bsp//obj/HAL/src/crt0.o
                0x00048000                __reset

.exceptions     0x00048020      0x198
                0x00048020                PROVIDE (__ram_exceptions_start, ABSOLUTE (.))
                0x00048020                . = ALIGN (0x20)
 *(.irq)
 *(.exceptions.entry.label)
 .exceptions.entry.label
                0x00048020        0x0 ../osc_bsp/\libhal_bsp.a(alt_irq_entry.o)
                0x00048020                alt_irq_entry
 .exceptions.entry.label
                0x00048020        0x0 ../osc_bsp/\libhal_bsp.a(alt_exception_entry.o)
                0x00048020                alt_exception
 *(.exceptions.entry.user)
 *(.exceptions.entry.ecc_fatal)
 *(.exceptions.entry)
 .exceptions.entry
                0x00048020       0x54 ../osc_bsp/\libhal_bsp.a(alt_exception_entry.o)
 *(.exceptions.irqtest.user)
 *(.exceptions.irqtest)
 .exceptions.irqtest
                0x00048074       0x10 ../osc_bsp/\libhal_bsp.a(alt_irq_entry.o)
 *(.exceptions.irqhandler.user)
 *(.exceptions.irqhandler)
 .exceptions.irqhandler
                0x00048084        0x4 ../osc_bsp/\libhal_bsp.a(alt_irq_entry.o)
 *(.exceptions.irqreturn.user)
 *(.exceptions.irqreturn)
 .exceptions.irqreturn
                0x00048088        0x4 ../osc_bsp/\libhal_bsp.a(alt_irq_entry.o)
 *(.exceptions.notirq.label)
 .exceptions.notirq.label
                0x0004808c        0x0 ../osc_bsp/\libhal_bsp.a(alt_irq_entry.o)
 *(.exceptions.notirq.user)
 *(.exceptions.notirq)
 .exceptions.notirq
                0x0004808c        0x8 ../osc_bsp/\libhal_bsp.a(alt_exception_entry.o)
 *(.exceptions.soft.user)
 *(.exceptions.soft)
 *(.exceptions.unknown.user)
 *(.exceptions.unknown)
 .exceptions.unknown
                0x00048094        0x4 ../osc_bsp/\libhal_bsp.a(alt_exception_entry.o)
 *(.exceptions.exit.label)
 .exceptions.exit.label
                0x00048098        0x0 ../osc_bsp/\libhal_bsp.a(alt_irq_entry.o)
 .exceptions.exit.label
                0x00048098        0x0 ../osc_bsp/\libhal_bsp.a(alt_exception_entry.o)
 *(.exceptions.exit.user)
 *(.exceptions.exit)
 .exceptions.exit
                0x00048098       0x54 ../osc_bsp/\libhal_bsp.a(alt_exception_entry.o)
 *(.exceptions)
 .exceptions    0x000480ec       0xcc ../osc_bsp/\libhal_bsp.a(alt_irq_handler.o)
                0x000480ec                alt_irq_handler
                0x000481b8                PROVIDE (__ram_exceptions_end, ABSOLUTE (.))
                0x00048020                PROVIDE (__flash_exceptions_start, LOADADDR (.exceptions))

.text           0x00020000     0x38b0
                0x00020000                PROVIDE (stext, ABSOLUTE (.))
 *(.interp)
 *(.hash)
 *(.dynsym)
 *(.dynstr)
 *(.gnu.version)
 *(.gnu.version_d)
 *(.gnu.version_r)
 *(.rel.init)
 *(.rela.init)
 *(.rel.text .rel.text.* .rel.gnu.linkonce.t.*)
 *(.rela.text .rela.text.* .rela.gnu.linkonce.t.*)
 *(.rel.fini)
 *(.rela.fini)
 *(.rel.rodata .rel.rodata.* .rel.gnu.linkonce.r.*)
 *(.rela.rodata .rela.rodata.* .rela.gnu.linkonce.r.*)
 *(.rel.data .rel.data.* .rel.gnu.linkonce.d.*)
 *(.rela.data .rela.data.* .rela.gnu.linkonce.d.*)
 *(.rel.tdata .rel.tdata.* .rel.gnu.linkonce.td.*)
 *(.rela.tdata .rela.tdata.* .rela.gnu.linkonce.td.*)
 *(.rel.tbss .rel.tbss.* .rel.gnu.linkonce.tb.*)
 *(.rela.tbss .rela.tbss.* .rela.gnu.linkonce.tb.*)
 *(.rel.ctors)
 *(.rela.ctors)
 *(.rel.dtors)
 *(.rela.dtors)
 *(.rel.got)
 *(.rela.got)
 *(.rel.sdata .rel.sdata.* .rel.gnu.linkonce.s.*)
 *(.rela.sdata .rela.sdata.* .rela.gnu.linkonce.s.*)
 *(.rel.sbss .rel.sbss.* .rel.gnu.linkonce.sb.*)
 *(.rela.sbss .rela.sbss.* .rela.gnu.linkonce.sb.*)
 *(.rel.sdata2 .rel.sdata2.* .rel.gnu.linkonce.s2.*)
 *(.rela.sdata2 .rela.sdata2.* .rela.gnu.linkonce.s2.*)
 *(.rel.sbss2 .rel.sbss2.* .rel.gnu.linkonce.sb2.*)
 *(.rela.sbss2 .rela.sbss2.* .rela.gnu.linkonce.sb2.*)
 *(.rel.bss .rel.bss.* .rel.gnu.linkonce.b.*)
 *(.rela.bss .rela.bss.* .rela.gnu.linkonce.b.*)
 *(.rel.plt)
 *(.rela.plt)
 *(.rel.dyn)
 *(.init)
 *(.plt)
 *(.text .stub .text.* .gnu.linkonce.t.*)
 .text          0x00020000       0x38 ../osc_bsp//obj/HAL/src/crt0.o
                0x00020000                _start
 .text          0x00020038        0x0 obj/default/char712.o
 .text          0x00020038      0x134 obj/default/keyproc.o
                0x00020038                no_action
                0x0002005c                menu_key
                0x000200ac                menu_up
                0x000200dc                menu_down
                0x0002010c                menu_left
                0x0002013c                menu_right
 .text          0x0002016c      0x410 obj/default/lcdout.o
                0x0002016c                clear_region
                0x00020214                plot_hline
                0x000202c0                plot_vline
                0x0002036c                plot_char
                0x000204e4                plot_string
 .text          0x0002057c      0x2c8 obj/default/mainloop.o
                0x0002057c                gen_pb_interrupt_handler
                0x00020604                main
                0x00020768                key_lookup
 .text          0x00020844      0x534 obj/default/menu.o
                0x00020844                init_menu
                0x000208a8                clear_menu
                0x000208e0                display_menu
                0x00020960                refresh_menu
                0x00020998                reset_menu
                0x000209f4                next_entry
                0x00020a64                previous_entry
                0x00020ad0                menu_entry_left
                0x00020bbc                menu_entry_right
                0x00020ca8                display_entry
 .text          0x00020d78      0xd64 obj/default/menuact.o
                0x00020d78                no_menu_action
                0x00020d98                no_display
                0x00020dc4                set_trigger_mode
                0x00020e04                get_trigger_mode
                0x00020e24                mode_down
                0x00020e88                mode_up
                0x00020eec                display_mode
                0x00020f70                set_scale
                0x00020fb0                scale_down
                0x00021014                scale_up
                0x00021078                display_scale
                0x000210fc                set_sweep
                0x0002115c                sweep_down
                0x000211dc                sweep_up
                0x00021260                display_sweep
                0x000212c8                set_trg_level
                0x00021310                trg_level_down
                0x00021360                trg_level_up
                0x000213b4                display_trg_level
                0x00021458                set_trg_slope
                0x000214a0                trg_slope_toggle
                0x000214f4                display_trg_slope
                0x0002156c                set_trg_delay
                0x000215ac                trg_delay_down
                0x000215f4                trg_delay_up
                0x00021640                adjust_trg_delay
                0x00021714                display_trg_delay
                0x00021944                cvt_num_field
 .text          0x00021adc      0x140 obj/default/stubfncs.o
                0x00021adc                key_available
                0x00021afc                getkey
                0x00021b1c                clear_display
                0x00021b3c                plot_pixel
                0x00021b68                set_sample_rate
                0x00021b8c                set_trigger
                0x00021bb4                set_delay
                0x00021bd8                start_sample
                0x00021bfc                sample_done
 .text          0x00021c1c      0x140 obj/default/testcode.o
                0x00021c1c                get_test_sample
 .text          0x00021d5c      0xf4c obj/default/tracutil.o
                0x00021d5c                init_trace
                0x00021dc0                set_mode
                0x00021df8                is_sampling
                0x00021e18                trace_rdy
                0x00021e50                trace_done
                0x00021e90                trace_rearm
                0x00021eb8                set_trace_size
                0x00021ee4                set_display_scale
                0x000222dc                clear_saved_areas
                0x000224a4                restore_menu_trace
                0x000225b8                set_save_area
                0x00022690                restore_trace
                0x000227b0                do_trace
                0x000227f8                plot_trace
 .text          0x00022ca8      0x130 d:/program files/nios2eds/bin/gnu/h-i686-mingw32/bin/../lib/gcc/nios2-elf/4.7.3/mno-hw-mul\libgcc.a(lib2-divmod.o)
                0x00022d1c                __divsi3
                0x00022d6c                __modsi3
                0x00022dc8                __udivsi3
                0x00022dd0                __umodsi3
 .text          0x00022dd8       0x28 d:/program files/nios2eds/bin/gnu/h-i686-mingw32/bin/../lib/gcc/nios2-elf/4.7.3/mno-hw-mul\libgcc.a(lib2-mul.o)
                0x00022dd8                __mulsi3
 .text          0x00022e00      0x140 d:/program files/nios2eds/bin/gnu/h-i686-mingw32/bin/../lib/gcc/nios2-elf/4.7.3/../../../../../H-i686-mingw32/nios2-elf/lib/mno-hw-mul\libc.a(lib_a-memcpy.o)
                0x00022e00                memcpy
 .text          0x00022f40      0x1d8 ../osc_bsp/\libhal_bsp.a(alt_iic.o)
                0x00022f40                alt_ic_isr_register
                0x00022f90                alt_ic_irq_enable
                0x0002302c                alt_ic_irq_disable
                0x000230cc                alt_ic_irq_enabled
 .text          0x00023118       0xf0 ../osc_bsp/\libhal_bsp.a(alt_iic_isr_register.o)
                0x00023118                alt_iic_isr_register
 .text          0x00023208        0x0 ../osc_bsp/\libhal_bsp.a(alt_irq_entry.o)
 .text          0x00023208        0x0 ../osc_bsp/\libhal_bsp.a(alt_irq_handler.o)
 .text          0x00023208        0x0 ../osc_bsp/\libhal_bsp.a(alt_irq_vars.o)
 .text          0x00023208       0x5c ../osc_bsp/\libhal_bsp.a(alt_main.o)
                0x00023208                alt_main
 .text          0x00023264       0x54 ../osc_bsp/\libhal_bsp.a(alt_sys_init.o)
                0x00023264                alt_irq_init
                0x00023298                alt_sys_init
 .text          0x000232b8      0x11c ../osc_bsp/\libhal_bsp.a(alt_close.o)
                0x00023308                close
 .text          0x000233d4       0x2c ../osc_bsp/\libhal_bsp.a(alt_dev.o)
 .text          0x00023400       0x5c ../osc_bsp/\libhal_bsp.a(alt_do_ctors.o)
                0x00023400                _do_ctors
 .text          0x0002345c       0x5c ../osc_bsp/\libhal_bsp.a(alt_do_dtors.o)
                0x0002345c                _do_dtors
 .text          0x000234b8        0x0 ../osc_bsp/\libhal_bsp.a(alt_errno.o)
 .text          0x000234b8        0x0 ../osc_bsp/\libhal_bsp.a(alt_exception_entry.o)
 .text          0x000234b8       0x80 ../osc_bsp/\libhal_bsp.a(alt_release_fd.o)
                0x000234b8                alt_release_fd
 .text          0x00023538       0x20 ../osc_bsp/\libhal_bsp.a(altera_nios2_qsys_irq.o)
                0x00023538                altera_nios2_qsys_irq_init
 .text          0x00023558       0x14 d:/program files/nios2eds/bin/gnu/h-i686-mingw32/bin/../lib/gcc/nios2-elf/4.7.3/../../../../../H-i686-mingw32/nios2-elf/lib/mno-hw-mul\libc.a(lib_a-atexit.o)
                0x00023558                atexit
 .text          0x0002356c       0x38 d:/program files/nios2eds/bin/gnu/h-i686-mingw32/bin/../lib/gcc/nios2-elf/4.7.3/../../../../../H-i686-mingw32/nios2-elf/lib/mno-hw-mul\libc.a(lib_a-exit.o)
                0x0002356c                exit
 .text          0x000235a4        0x0 d:/program files/nios2eds/bin/gnu/h-i686-mingw32/bin/../lib/gcc/nios2-elf/4.7.3/../../../../../H-i686-mingw32/nios2-elf/lib/mno-hw-mul\libc.a(lib_a-impure.o)
 .text          0x000235a4        0x0 d:/program files/nios2eds/bin/gnu/h-i686-mingw32/bin/../lib/gcc/nios2-elf/4.7.3/../../../../../H-i686-mingw32/nios2-elf/lib/mno-hw-mul\libc.a(lib_a-int_errno.o)
 .text          0x000235a4      0x130 d:/program files/nios2eds/bin/gnu/h-i686-mingw32/bin/../lib/gcc/nios2-elf/4.7.3/../../../../../H-i686-mingw32/nios2-elf/lib/mno-hw-mul\libc.a(lib_a-__atexit.o)
                0x000235a4                __register_exitproc
 .text          0x000236d4      0x1a0 d:/program files/nios2eds/bin/gnu/h-i686-mingw32/bin/../lib/gcc/nios2-elf/4.7.3/../../../../../H-i686-mingw32/nios2-elf/lib/mno-hw-mul\libc.a(lib_a-__call_atexit.o)
                0x000236d4                __call_exitprocs
 .text          0x00023874       0x3c ../osc_bsp/\libhal_bsp.a(alt_exit.o)
                0x00023874                _exit
 *(.gnu.warning.*)
 *(.fini)
                0x000238b0                PROVIDE (__etext, ABSOLUTE (.))
                0x000238b0                PROVIDE (_etext, ABSOLUTE (.))
                0x000238b0                PROVIDE (etext, ABSOLUTE (.))
 *(.eh_frame_hdr)
                0x000238b0                . = ALIGN (0x4)
                0x000238b0                PROVIDE (__preinit_array_start, ABSOLUTE (.))
 *(.preinit_array)
                0x000238b0                PROVIDE (__preinit_array_end, ABSOLUTE (.))
                0x000238b0                PROVIDE (__init_array_start, ABSOLUTE (.))
 *(.init_array)
                0x000238b0                PROVIDE (__init_array_end, ABSOLUTE (.))
                0x000238b0                PROVIDE (__fini_array_start, ABSOLUTE (.))
 *(.fini_array)
                0x000238b0                PROVIDE (__fini_array_end, ABSOLUTE (.))
 *(.eh_frame)
 *(.gcc_except_table .gcc_except_table.*)
 *(.dynamic)
                0x000238b0                PROVIDE (__CTOR_LIST__, ABSOLUTE (.))
 *(.ctors)
 *(SORT(.ctors.*))
                0x000238b0                PROVIDE (__CTOR_END__, ABSOLUTE (.))
                0x000238b0                PROVIDE (__DTOR_LIST__, ABSOLUTE (.))
 *(.dtors)
 *(SORT(.dtors.*))
                0x000238b0                PROVIDE (__DTOR_END__, ABSOLUTE (.))
 *(.jcr)
                0x000238b0                . = ALIGN (0x4)

.rodata         0x000238b0      0x9ec
                0x000238b0                PROVIDE (__ram_rodata_start, ABSOLUTE (.))
                0x000238b0                . = ALIGN (0x4)
 *(.rodata .rodata.* .gnu.linkonce.r.*)
 .rodata        0x000238b0      0x600 obj/default/char712.o
                0x000238b0                char_patterns
 .rodata        0x00023eb0       0xa8 obj/default/menu.o
                0x00023ee8                menu
 .rodata        0x00023f58      0x154 obj/default/menuact.o
                0x00023fe0                sweep_rates
 .rodata        0x000240ac      0x1e0 obj/default/testcode.o
 .rodata        0x0002428c        0xc ../osc_bsp/\libhal_bsp.a(alt_dev.o)
 .rodata.str1.4
                0x00024298        0x4 d:/program files/nios2eds/bin/gnu/h-i686-mingw32/bin/../lib/gcc/nios2-elf/4.7.3/../../../../../H-i686-mingw32/nios2-elf/lib/mno-hw-mul\libc.a(lib_a-impure.o)
 *(.rodata1)
                0x0002429c                . = ALIGN (0x4)
                0x0002429c                PROVIDE (__ram_rodata_end, ABSOLUTE (.))
                0x000238b0                PROVIDE (__flash_rodata_start, LOADADDR (.rodata))

.rwdata         0x0002429c      0x5cc
                0x0002429c                PROVIDE (__ram_rwdata_start, ABSOLUTE (.))
                0x0002429c                . = ALIGN (0x4)
 *(.got.plt)
 *(.got)
 *(.data1)
 *(.data .data.* .gnu.linkonce.d.*)
 .data          0x0002429c        0x0 ../osc_bsp//obj/HAL/src/crt0.o
 .data          0x0002429c        0x0 obj/default/char712.o
 .data          0x0002429c        0x0 obj/default/keyproc.o
 .data          0x0002429c        0x0 obj/default/lcdout.o
 .data          0x0002429c        0x0 obj/default/mainloop.o
 .data          0x0002429c        0x0 obj/default/menu.o
 .data          0x0002429c        0x0 obj/default/menuact.o
 .data          0x0002429c        0x0 obj/default/stubfncs.o
 .data          0x0002429c        0x0 obj/default/testcode.o
 .data          0x0002429c        0x0 obj/default/tracutil.o
 .data          0x0002429c        0x0 d:/program files/nios2eds/bin/gnu/h-i686-mingw32/bin/../lib/gcc/nios2-elf/4.7.3/mno-hw-mul\libgcc.a(lib2-divmod.o)
 .data          0x0002429c        0x0 d:/program files/nios2eds/bin/gnu/h-i686-mingw32/bin/../lib/gcc/nios2-elf/4.7.3/mno-hw-mul\libgcc.a(lib2-mul.o)
 .data          0x0002429c        0x0 d:/program files/nios2eds/bin/gnu/h-i686-mingw32/bin/../lib/gcc/nios2-elf/4.7.3/../../../../../H-i686-mingw32/nios2-elf/lib/mno-hw-mul\libc.a(lib_a-memcpy.o)
 .data          0x0002429c        0x0 ../osc_bsp/\libhal_bsp.a(alt_iic.o)
 .data          0x0002429c        0x0 ../osc_bsp/\libhal_bsp.a(alt_iic_isr_register.o)
 .data          0x0002429c        0x0 ../osc_bsp/\libhal_bsp.a(alt_irq_entry.o)
 .data          0x0002429c        0x0 ../osc_bsp/\libhal_bsp.a(alt_irq_handler.o)
 .data          0x0002429c        0x0 ../osc_bsp/\libhal_bsp.a(alt_irq_vars.o)
 .data          0x0002429c        0x0 ../osc_bsp/\libhal_bsp.a(alt_main.o)
 .data          0x0002429c        0x0 ../osc_bsp/\libhal_bsp.a(alt_sys_init.o)
 .data          0x0002429c        0x0 ../osc_bsp/\libhal_bsp.a(alt_close.o)
 .data          0x0002429c      0x1a8 ../osc_bsp/\libhal_bsp.a(alt_dev.o)
                0x0002429c                alt_dev_null
                0x000242c4                alt_fd_list
 .data          0x00024444        0x0 ../osc_bsp/\libhal_bsp.a(alt_do_ctors.o)
 .data          0x00024444        0x0 ../osc_bsp/\libhal_bsp.a(alt_do_dtors.o)
 .data          0x00024444        0x0 ../osc_bsp/\libhal_bsp.a(alt_errno.o)
 .data          0x00024444        0x0 ../osc_bsp/\libhal_bsp.a(alt_exception_entry.o)
 .data          0x00024444        0x0 ../osc_bsp/\libhal_bsp.a(alt_release_fd.o)
 .data          0x00024444        0x0 ../osc_bsp/\libhal_bsp.a(altera_nios2_qsys_irq.o)
 .data          0x00024444        0x0 d:/program files/nios2eds/bin/gnu/h-i686-mingw32/bin/../lib/gcc/nios2-elf/4.7.3/../../../../../H-i686-mingw32/nios2-elf/lib/mno-hw-mul\libc.a(lib_a-atexit.o)
 .data          0x00024444        0x0 d:/program files/nios2eds/bin/gnu/h-i686-mingw32/bin/../lib/gcc/nios2-elf/4.7.3/../../../../../H-i686-mingw32/nios2-elf/lib/mno-hw-mul\libc.a(lib_a-exit.o)
 .data          0x00024444      0x400 d:/program files/nios2eds/bin/gnu/h-i686-mingw32/bin/../lib/gcc/nios2-elf/4.7.3/../../../../../H-i686-mingw32/nios2-elf/lib/mno-hw-mul\libc.a(lib_a-impure.o)
 .data          0x00024844        0x0 d:/program files/nios2eds/bin/gnu/h-i686-mingw32/bin/../lib/gcc/nios2-elf/4.7.3/../../../../../H-i686-mingw32/nios2-elf/lib/mno-hw-mul\libc.a(lib_a-int_errno.o)
 .data          0x00024844        0x0 d:/program files/nios2eds/bin/gnu/h-i686-mingw32/bin/../lib/gcc/nios2-elf/4.7.3/../../../../../H-i686-mingw32/nios2-elf/lib/mno-hw-mul\libc.a(lib_a-__atexit.o)
 .data          0x00024844        0x0 d:/program files/nios2eds/bin/gnu/h-i686-mingw32/bin/../lib/gcc/nios2-elf/4.7.3/../../../../../H-i686-mingw32/nios2-elf/lib/mno-hw-mul\libc.a(lib_a-__call_atexit.o)
 .data          0x00024844        0x0 ../osc_bsp/\libhal_bsp.a(alt_exit.o)
                0x0002c844                _gp = ABSOLUTE ((. + 0x8000))
                0x0002c844                PROVIDE (gp, _gp)
 *(.rwdata .rwdata.*)
 *(.sdata .sdata.* .gnu.linkonce.s.*)
 .sdata         0x00024844        0x4 ../osc_bsp/\libhal_bsp.a(alt_irq_vars.o)
                0x00024844                alt_priority_mask
 .sdata         0x00024848       0x14 ../osc_bsp/\libhal_bsp.a(alt_dev.o)
                0x00024848                alt_fs_list
                0x00024850                alt_dev_list
                0x00024858                alt_max_fd
 .sdata         0x0002485c        0x4 ../osc_bsp/\libhal_bsp.a(alt_errno.o)
                0x0002485c                alt_errno
 .sdata         0x00024860        0x8 d:/program files/nios2eds/bin/gnu/h-i686-mingw32/bin/../lib/gcc/nios2-elf/4.7.3/../../../../../H-i686-mingw32/nios2-elf/lib/mno-hw-mul\libc.a(lib_a-impure.o)
                0x00024860                _global_impure_ptr
                0x00024864                _impure_ptr
 *(.sdata2 .sdata2.* .gnu.linkonce.s2.*)
                0x00024868                . = ALIGN (0x4)
                0x00024868                _edata = ABSOLUTE (.)
                0x00024868                PROVIDE (edata, ABSOLUTE (.))
                0x00024868                PROVIDE (__ram_rwdata_end, ABSOLUTE (.))
                0x0002429c                PROVIDE (__flash_rwdata_start, LOADADDR (.rwdata))

.bss            0x00024868      0x7d8
                0x00024868                __bss_start = ABSOLUTE (.)
                0x00024868                PROVIDE (__sbss_start, ABSOLUTE (.))
                0x00024868                PROVIDE (___sbss_start, ABSOLUTE (.))
 *(.dynsbss)
 *(.sbss .sbss.* .gnu.linkonce.sb.*)
 .sbss          0x00024868        0x8 obj/default/menu.o
                0x00024868                menu_entry
                0x0002486c                menu_display
 .sbss          0x00024870       0x18 obj/default/menuact.o
                0x00024870                trigger_mode
                0x00024874                level
                0x00024878                sweep
                0x0002487c                delay
                0x00024880                scale
                0x00024884                slope
 .sbss          0x00024888       0x20 obj/default/tracutil.o
                0x00024888                cur_scale
                0x0002488c                trace_status
                0x00024890                saved_end_y
                0x00024894                saved_pos_y
                0x00024898                sample_size
                0x0002489c                saved_end_x
                0x000248a0                saved_pos_x
                0x000248a4                sampling
 .sbss          0x000248a8        0x4 ../osc_bsp/\libhal_bsp.a(alt_irq_vars.o)
                0x000248a8                alt_irq_active
 .sbss          0x000248ac        0xc ../osc_bsp/\libhal_bsp.a(alt_main.o)
                0x000248ac                alt_argc
                0x000248b0                alt_argv
                0x000248b4                alt_envp
 .sbss          0x000248b8        0x4 d:/program files/nios2eds/bin/gnu/h-i686-mingw32/bin/../lib/gcc/nios2-elf/4.7.3/../../../../../H-i686-mingw32/nios2-elf/lib/mno-hw-mul\libc.a(lib_a-int_errno.o)
                0x000248b8                errno
 *(.sbss2 .sbss2.* .gnu.linkonce.sb2.*)
 *(.scommon)
                0x000248bc                PROVIDE (__sbss_end, ABSOLUTE (.))
                0x000248bc                PROVIDE (___sbss_end, ABSOLUTE (.))
 *(.dynbss)
 *(.bss .bss.* .gnu.linkonce.b.*)
 .bss           0x000248bc        0x0 ../osc_bsp//obj/HAL/src/crt0.o
 .bss           0x000248bc        0x0 obj/default/char712.o
 .bss           0x000248bc        0x0 obj/default/keyproc.o
 .bss           0x000248bc        0x0 obj/default/lcdout.o
 .bss           0x000248bc        0x0 obj/default/mainloop.o
 .bss           0x000248bc        0x0 obj/default/menu.o
 .bss           0x000248bc        0x0 obj/default/menuact.o
 .bss           0x000248bc        0x0 obj/default/stubfncs.o
 .bss           0x000248bc        0x0 obj/default/testcode.o
 .bss           0x000248bc        0x0 obj/default/tracutil.o
 .bss           0x000248bc        0x0 d:/program files/nios2eds/bin/gnu/h-i686-mingw32/bin/../lib/gcc/nios2-elf/4.7.3/mno-hw-mul\libgcc.a(lib2-divmod.o)
 .bss           0x000248bc        0x0 d:/program files/nios2eds/bin/gnu/h-i686-mingw32/bin/../lib/gcc/nios2-elf/4.7.3/mno-hw-mul\libgcc.a(lib2-mul.o)
 .bss           0x000248bc        0x0 d:/program files/nios2eds/bin/gnu/h-i686-mingw32/bin/../lib/gcc/nios2-elf/4.7.3/../../../../../H-i686-mingw32/nios2-elf/lib/mno-hw-mul\libc.a(lib_a-memcpy.o)
 .bss           0x000248bc        0x0 ../osc_bsp/\libhal_bsp.a(alt_iic.o)
 .bss           0x000248bc        0x0 ../osc_bsp/\libhal_bsp.a(alt_iic_isr_register.o)
 .bss           0x000248bc        0x0 ../osc_bsp/\libhal_bsp.a(alt_irq_entry.o)
 .bss           0x000248bc        0x0 ../osc_bsp/\libhal_bsp.a(alt_irq_handler.o)
 .bss           0x000248bc        0x0 ../osc_bsp/\libhal_bsp.a(alt_irq_vars.o)
 .bss           0x000248bc        0x0 ../osc_bsp/\libhal_bsp.a(alt_main.o)
 .bss           0x000248bc        0x0 ../osc_bsp/\libhal_bsp.a(alt_sys_init.o)
 .bss           0x000248bc        0x0 ../osc_bsp/\libhal_bsp.a(alt_close.o)
 .bss           0x000248bc        0x0 ../osc_bsp/\libhal_bsp.a(alt_dev.o)
 .bss           0x000248bc        0x0 ../osc_bsp/\libhal_bsp.a(alt_do_ctors.o)
 .bss           0x000248bc        0x0 ../osc_bsp/\libhal_bsp.a(alt_do_dtors.o)
 .bss           0x000248bc        0x0 ../osc_bsp/\libhal_bsp.a(alt_errno.o)
 .bss           0x000248bc        0x0 ../osc_bsp/\libhal_bsp.a(alt_exception_entry.o)
 .bss           0x000248bc        0x0 ../osc_bsp/\libhal_bsp.a(alt_release_fd.o)
 .bss           0x000248bc        0x0 ../osc_bsp/\libhal_bsp.a(altera_nios2_qsys_irq.o)
 .bss           0x000248bc        0x0 d:/program files/nios2eds/bin/gnu/h-i686-mingw32/bin/../lib/gcc/nios2-elf/4.7.3/../../../../../H-i686-mingw32/nios2-elf/lib/mno-hw-mul\libc.a(lib_a-atexit.o)
 .bss           0x000248bc        0x0 d:/program files/nios2eds/bin/gnu/h-i686-mingw32/bin/../lib/gcc/nios2-elf/4.7.3/../../../../../H-i686-mingw32/nios2-elf/lib/mno-hw-mul\libc.a(lib_a-exit.o)
 .bss           0x000248bc        0x0 d:/program files/nios2eds/bin/gnu/h-i686-mingw32/bin/../lib/gcc/nios2-elf/4.7.3/../../../../../H-i686-mingw32/nios2-elf/lib/mno-hw-mul\libc.a(lib_a-impure.o)
 .bss           0x000248bc        0x0 d:/program files/nios2eds/bin/gnu/h-i686-mingw32/bin/../lib/gcc/nios2-elf/4.7.3/../../../../../H-i686-mingw32/nios2-elf/lib/mno-hw-mul\libc.a(lib_a-int_errno.o)
 .bss           0x000248bc        0x0 d:/program files/nios2eds/bin/gnu/h-i686-mingw32/bin/../lib/gcc/nios2-elf/4.7.3/../../../../../H-i686-mingw32/nios2-elf/lib/mno-hw-mul\libc.a(lib_a-__atexit.o)
 .bss           0x000248bc        0x0 d:/program files/nios2eds/bin/gnu/h-i686-mingw32/bin/../lib/gcc/nios2-elf/4.7.3/../../../../../H-i686-mingw32/nios2-elf/lib/mno-hw-mul\libc.a(lib_a-__call_atexit.o)
 .bss           0x000248bc        0x0 ../osc_bsp/\libhal_bsp.a(alt_exit.o)
 *(COMMON)
 COMMON         0x000248bc      0x4f4 obj/default/tracutil.o
                0x000248bc                saved_menu
                0x00024b5c                saved_axis_y
                0x00024c0c                saved_axis_x
                0x00024cc0                saved_area
 COMMON         0x00024db0      0x100 ../osc_bsp/\libhal_bsp.a(alt_irq_handler.o)
                0x00024db0                alt_irq
 COMMON         0x00024eb0      0x190 d:/program files/nios2eds/bin/gnu/h-i686-mingw32/bin/../lib/gcc/nios2-elf/4.7.3/../../../../../H-i686-mingw32/nios2-elf/lib/mno-hw-mul\libc.a(lib_a-atexit.o)
                0x00024eb0                _atexit0
                0x00025040                . = ALIGN (0x4)
                0x00025040                __bss_end = ABSOLUTE (.)

.RAM_ctrl       0x00025040        0x0
                0x00025040                PROVIDE (_alt_partition_RAM_ctrl_start, ABSOLUTE (.))
 *(.RAM_ctrl .RAM_ctrl. RAM_ctrl.*)
                0x00025040                . = ALIGN (0x4)
                0x00025040                PROVIDE (_alt_partition_RAM_ctrl_end, ABSOLUTE (.))
                0x00025040                _end = ABSOLUTE (.)
                0x00025040                end = ABSOLUTE (.)
                0x00025040                __alt_stack_base = ABSOLUTE (.)
                0x00025040                PROVIDE (_alt_partition_RAM_ctrl_load_addr, LOADADDR (.RAM_ctrl))

.ROM_ctrl       0x00030000        0x0
                0x00030000                PROVIDE (_alt_partition_ROM_ctrl_start, ABSOLUTE (.))
 *(.ROM_ctrl .ROM_ctrl. ROM_ctrl.*)
                0x00030000                . = ALIGN (0x4)
                0x00030000                PROVIDE (_alt_partition_ROM_ctrl_end, ABSOLUTE (.))
                0x00030000                PROVIDE (_alt_partition_ROM_ctrl_load_addr, LOADADDR (.ROM_ctrl))

.ONCHIP_mem     0x000481b8        0x0
                0x000481b8                PROVIDE (_alt_partition_ONCHIP_mem_start, ABSOLUTE (.))
 *(.ONCHIP_mem .ONCHIP_mem. ONCHIP_mem.*)
                0x000481b8                . = ALIGN (0x4)
                0x000481b8                PROVIDE (_alt_partition_ONCHIP_mem_end, ABSOLUTE (.))
                0x000481b8                PROVIDE (_alt_partition_ONCHIP_mem_load_addr, LOADADDR (.ONCHIP_mem))

.stab
 *(.stab)

.stabstr
 *(.stabstr)

.stab.excl
 *(.stab.excl)

.stab.exclstr
 *(.stab.exclstr)

.stab.index
 *(.stab.index)

.stab.indexstr
 *(.stab.indexstr)

.comment        0x00000000       0x23
 *(.comment)
 .comment       0x00000000       0x23 obj/default/char712.o
                                 0x24 (size before relaxing)
 .comment       0x00000000       0x24 obj/default/keyproc.o
 .comment       0x00000000       0x24 obj/default/lcdout.o
 .comment       0x00000000       0x24 obj/default/mainloop.o
 .comment       0x00000000       0x24 obj/default/menu.o
 .comment       0x00000000       0x24 obj/default/menuact.o
 .comment       0x00000000       0x24 obj/default/stubfncs.o
 .comment       0x00000000       0x24 obj/default/testcode.o
 .comment       0x00000000       0x24 obj/default/tracutil.o
 .comment       0x00000000       0x24 d:/program files/nios2eds/bin/gnu/h-i686-mingw32/bin/../lib/gcc/nios2-elf/4.7.3/mno-hw-mul\libgcc.a(lib2-divmod.o)
 .comment       0x00000000       0x24 d:/program files/nios2eds/bin/gnu/h-i686-mingw32/bin/../lib/gcc/nios2-elf/4.7.3/mno-hw-mul\libgcc.a(lib2-mul.o)
 .comment       0x00000000       0x24 d:/program files/nios2eds/bin/gnu/h-i686-mingw32/bin/../lib/gcc/nios2-elf/4.7.3/../../../../../H-i686-mingw32/nios2-elf/lib/mno-hw-mul\libc.a(lib_a-memcpy.o)
 .comment       0x00000000       0x24 ../osc_bsp/\libhal_bsp.a(alt_iic.o)
 .comment       0x00000000       0x24 ../osc_bsp/\libhal_bsp.a(alt_iic_isr_register.o)
 .comment       0x00000000       0x24 ../osc_bsp/\libhal_bsp.a(alt_irq_handler.o)
 .comment       0x00000000       0x24 ../osc_bsp/\libhal_bsp.a(alt_irq_vars.o)
 .comment       0x00000000       0x24 ../osc_bsp/\libhal_bsp.a(alt_main.o)
 .comment       0x00000000       0x24 ../osc_bsp/\libhal_bsp.a(alt_sys_init.o)
 .comment       0x00000000       0x24 ../osc_bsp/\libhal_bsp.a(alt_close.o)
 .comment       0x00000000       0x24 ../osc_bsp/\libhal_bsp.a(alt_dev.o)
 .comment       0x00000000       0x24 ../osc_bsp/\libhal_bsp.a(alt_do_ctors.o)
 .comment       0x00000000       0x24 ../osc_bsp/\libhal_bsp.a(alt_do_dtors.o)
 .comment       0x00000000       0x24 ../osc_bsp/\libhal_bsp.a(alt_errno.o)
 .comment       0x00000000       0x24 ../osc_bsp/\libhal_bsp.a(alt_release_fd.o)
 .comment       0x00000000       0x24 ../osc_bsp/\libhal_bsp.a(altera_nios2_qsys_irq.o)
 .comment       0x00000000       0x24 d:/program files/nios2eds/bin/gnu/h-i686-mingw32/bin/../lib/gcc/nios2-elf/4.7.3/../../../../../H-i686-mingw32/nios2-elf/lib/mno-hw-mul\libc.a(lib_a-atexit.o)
 .comment       0x00000000       0x24 d:/program files/nios2eds/bin/gnu/h-i686-mingw32/bin/../lib/gcc/nios2-elf/4.7.3/../../../../../H-i686-mingw32/nios2-elf/lib/mno-hw-mul\libc.a(lib_a-exit.o)
 .comment       0x00000000       0x24 d:/program files/nios2eds/bin/gnu/h-i686-mingw32/bin/../lib/gcc/nios2-elf/4.7.3/../../../../../H-i686-mingw32/nios2-elf/lib/mno-hw-mul\libc.a(lib_a-impure.o)
 .comment       0x00000000       0x24 d:/program files/nios2eds/bin/gnu/h-i686-mingw32/bin/../lib/gcc/nios2-elf/4.7.3/../../../../../H-i686-mingw32/nios2-elf/lib/mno-hw-mul\libc.a(lib_a-int_errno.o)
 .comment       0x00000000       0x24 d:/program files/nios2eds/bin/gnu/h-i686-mingw32/bin/../lib/gcc/nios2-elf/4.7.3/../../../../../H-i686-mingw32/nios2-elf/lib/mno-hw-mul\libc.a(lib_a-__atexit.o)
 .comment       0x00000000       0x24 d:/program files/nios2eds/bin/gnu/h-i686-mingw32/bin/../lib/gcc/nios2-elf/4.7.3/../../../../../H-i686-mingw32/nios2-elf/lib/mno-hw-mul\libc.a(lib_a-__call_atexit.o)
 .comment       0x00000000       0x24 ../osc_bsp/\libhal_bsp.a(alt_exit.o)

.debug
 *(.debug)

.line
 *(.line)

.debug_srcinfo
 *(.debug_srcinfo)

.debug_sfnames
 *(.debug_sfnames)

.debug_aranges  0x00000000      0x460
 *(.debug_aranges)
 .debug_aranges
                0x00000000       0x20 ../osc_bsp//obj/HAL/src/crt0.o
 .debug_aranges
                0x00000020       0x18 obj/default/char712.o
 .debug_aranges
                0x00000038       0x20 obj/default/keyproc.o
 .debug_aranges
                0x00000058       0x20 obj/default/lcdout.o
 .debug_aranges
                0x00000078       0x20 obj/default/mainloop.o
 .debug_aranges
                0x00000098       0x20 obj/default/menu.o
 .debug_aranges
                0x000000b8       0x20 obj/default/menuact.o
 .debug_aranges
                0x000000d8       0x20 obj/default/stubfncs.o
 .debug_aranges
                0x000000f8       0x20 obj/default/testcode.o
 .debug_aranges
                0x00000118       0x20 obj/default/tracutil.o
 .debug_aranges
                0x00000138       0x20 d:/program files/nios2eds/bin/gnu/h-i686-mingw32/bin/../lib/gcc/nios2-elf/4.7.3/mno-hw-mul\libgcc.a(lib2-divmod.o)
 .debug_aranges
                0x00000158       0x20 d:/program files/nios2eds/bin/gnu/h-i686-mingw32/bin/../lib/gcc/nios2-elf/4.7.3/mno-hw-mul\libgcc.a(lib2-mul.o)
 .debug_aranges
                0x00000178       0x20 d:/program files/nios2eds/bin/gnu/h-i686-mingw32/bin/../lib/gcc/nios2-elf/4.7.3/../../../../../H-i686-mingw32/nios2-elf/lib/mno-hw-mul\libc.a(lib_a-memcpy.o)
 .debug_aranges
                0x00000198       0x20 ../osc_bsp/\libhal_bsp.a(alt_iic.o)
 .debug_aranges
                0x000001b8       0x20 ../osc_bsp/\libhal_bsp.a(alt_iic_isr_register.o)
 .debug_aranges
                0x000001d8       0x30 ../osc_bsp/\libhal_bsp.a(alt_irq_entry.o)
 .debug_aranges
                0x00000208       0x20 ../osc_bsp/\libhal_bsp.a(alt_irq_handler.o)
 .debug_aranges
                0x00000228       0x18 ../osc_bsp/\libhal_bsp.a(alt_irq_vars.o)
 .debug_aranges
                0x00000240       0x20 ../osc_bsp/\libhal_bsp.a(alt_main.o)
 .debug_aranges
                0x00000260       0x20 ../osc_bsp/\libhal_bsp.a(alt_sys_init.o)
 .debug_aranges
                0x00000280       0x20 ../osc_bsp/\libhal_bsp.a(alt_close.o)
 .debug_aranges
                0x000002a0       0x20 ../osc_bsp/\libhal_bsp.a(alt_dev.o)
 .debug_aranges
                0x000002c0       0x20 ../osc_bsp/\libhal_bsp.a(alt_do_ctors.o)
 .debug_aranges
                0x000002e0       0x20 ../osc_bsp/\libhal_bsp.a(alt_do_dtors.o)
 .debug_aranges
                0x00000300       0x18 ../osc_bsp/\libhal_bsp.a(alt_errno.o)
 .debug_aranges
                0x00000318       0x38 ../osc_bsp/\libhal_bsp.a(alt_exception_entry.o)
 .debug_aranges
                0x00000350       0x20 ../osc_bsp/\libhal_bsp.a(alt_release_fd.o)
 .debug_aranges
                0x00000370       0x20 ../osc_bsp/\libhal_bsp.a(altera_nios2_qsys_irq.o)
 .debug_aranges
                0x00000390       0x20 d:/program files/nios2eds/bin/gnu/h-i686-mingw32/bin/../lib/gcc/nios2-elf/4.7.3/../../../../../H-i686-mingw32/nios2-elf/lib/mno-hw-mul\libc.a(lib_a-atexit.o)
 .debug_aranges
                0x000003b0       0x20 d:/program files/nios2eds/bin/gnu/h-i686-mingw32/bin/../lib/gcc/nios2-elf/4.7.3/../../../../../H-i686-mingw32/nios2-elf/lib/mno-hw-mul\libc.a(lib_a-exit.o)
 .debug_aranges
                0x000003d0       0x18 d:/program files/nios2eds/bin/gnu/h-i686-mingw32/bin/../lib/gcc/nios2-elf/4.7.3/../../../../../H-i686-mingw32/nios2-elf/lib/mno-hw-mul\libc.a(lib_a-impure.o)
 .debug_aranges
                0x000003e8       0x18 d:/program files/nios2eds/bin/gnu/h-i686-mingw32/bin/../lib/gcc/nios2-elf/4.7.3/../../../../../H-i686-mingw32/nios2-elf/lib/mno-hw-mul\libc.a(lib_a-int_errno.o)
 .debug_aranges
                0x00000400       0x20 d:/program files/nios2eds/bin/gnu/h-i686-mingw32/bin/../lib/gcc/nios2-elf/4.7.3/../../../../../H-i686-mingw32/nios2-elf/lib/mno-hw-mul\libc.a(lib_a-__atexit.o)
 .debug_aranges
                0x00000420       0x20 d:/program files/nios2eds/bin/gnu/h-i686-mingw32/bin/../lib/gcc/nios2-elf/4.7.3/../../../../../H-i686-mingw32/nios2-elf/lib/mno-hw-mul\libc.a(lib_a-__call_atexit.o)
 .debug_aranges
                0x00000440       0x20 ../osc_bsp/\libhal_bsp.a(alt_exit.o)

.debug_pubnames
 *(.debug_pubnames)

.debug_info     0x00000000     0x5ea4
 *(.debug_info .gnu.linkonce.wi.*)
 .debug_info    0x00000000       0x80 ../osc_bsp//obj/HAL/src/crt0.o
 .debug_info    0x00000080       0x54 obj/default/char712.o
 .debug_info    0x000000d4      0x161 obj/default/keyproc.o
 .debug_info    0x00000235      0x2d5 obj/default/lcdout.o
 .debug_info    0x0000050a      0x22d obj/default/mainloop.o
 .debug_info    0x00000737      0x2c8 obj/default/menu.o
 .debug_info    0x000009ff      0x713 obj/default/menuact.o
 .debug_info    0x00001112      0x1a1 obj/default/stubfncs.o
 .debug_info    0x000012b3       0xd0 obj/default/testcode.o
 .debug_info    0x00001383      0x4bf obj/default/tracutil.o
 .debug_info    0x00001842      0x289 d:/program files/nios2eds/bin/gnu/h-i686-mingw32/bin/../lib/gcc/nios2-elf/4.7.3/mno-hw-mul\libgcc.a(lib2-divmod.o)
 .debug_info    0x00001acb       0xb8 d:/program files/nios2eds/bin/gnu/h-i686-mingw32/bin/../lib/gcc/nios2-elf/4.7.3/mno-hw-mul\libgcc.a(lib2-mul.o)
 .debug_info    0x00001b83      0x10f d:/program files/nios2eds/bin/gnu/h-i686-mingw32/bin/../lib/gcc/nios2-elf/4.7.3/../../../../../H-i686-mingw32/nios2-elf/lib/mno-hw-mul\libc.a(lib_a-memcpy.o)
 .debug_info    0x00001c92      0x364 ../osc_bsp/\libhal_bsp.a(alt_iic.o)
 .debug_info    0x00001ff6      0x1f6 ../osc_bsp/\libhal_bsp.a(alt_iic_isr_register.o)
 .debug_info    0x000021ec       0x85 ../osc_bsp/\libhal_bsp.a(alt_irq_entry.o)
 .debug_info    0x00002271      0x190 ../osc_bsp/\libhal_bsp.a(alt_irq_handler.o)
 .debug_info    0x00002401       0x8a ../osc_bsp/\libhal_bsp.a(alt_irq_vars.o)
 .debug_info    0x0000248b      0x139 ../osc_bsp/\libhal_bsp.a(alt_main.o)
 .debug_info    0x000025c4       0xd7 ../osc_bsp/\libhal_bsp.a(alt_sys_init.o)
 .debug_info    0x0000269b      0x350 ../osc_bsp/\libhal_bsp.a(alt_close.o)
 .debug_info    0x000029eb      0x4e3 ../osc_bsp/\libhal_bsp.a(alt_dev.o)
 .debug_info    0x00002ece       0x8d ../osc_bsp/\libhal_bsp.a(alt_do_ctors.o)
 .debug_info    0x00002f5b       0x8d ../osc_bsp/\libhal_bsp.a(alt_do_dtors.o)
 .debug_info    0x00002fe8       0xa3 ../osc_bsp/\libhal_bsp.a(alt_errno.o)
 .debug_info    0x0000308b       0x8b ../osc_bsp/\libhal_bsp.a(alt_exception_entry.o)
 .debug_info    0x00003116      0x2dd ../osc_bsp/\libhal_bsp.a(alt_release_fd.o)
 .debug_info    0x000033f3       0x90 ../osc_bsp/\libhal_bsp.a(altera_nios2_qsys_irq.o)
 .debug_info    0x00003483      0x1e6 d:/program files/nios2eds/bin/gnu/h-i686-mingw32/bin/../lib/gcc/nios2-elf/4.7.3/../../../../../H-i686-mingw32/nios2-elf/lib/mno-hw-mul\libc.a(lib_a-atexit.o)
 .debug_info    0x00003669      0x993 d:/program files/nios2eds/bin/gnu/h-i686-mingw32/bin/../lib/gcc/nios2-elf/4.7.3/../../../../../H-i686-mingw32/nios2-elf/lib/mno-hw-mul\libc.a(lib_a-exit.o)
 .debug_info    0x00003ffc      0x938 d:/program files/nios2eds/bin/gnu/h-i686-mingw32/bin/../lib/gcc/nios2-elf/4.7.3/../../../../../H-i686-mingw32/nios2-elf/lib/mno-hw-mul\libc.a(lib_a-impure.o)
 .debug_info    0x00004934       0x84 d:/program files/nios2eds/bin/gnu/h-i686-mingw32/bin/../lib/gcc/nios2-elf/4.7.3/../../../../../H-i686-mingw32/nios2-elf/lib/mno-hw-mul\libc.a(lib_a-int_errno.o)
 .debug_info    0x000049b8      0x9f9 d:/program files/nios2eds/bin/gnu/h-i686-mingw32/bin/../lib/gcc/nios2-elf/4.7.3/../../../../../H-i686-mingw32/nios2-elf/lib/mno-hw-mul\libc.a(lib_a-__atexit.o)
 .debug_info    0x000053b1      0xa07 d:/program files/nios2eds/bin/gnu/h-i686-mingw32/bin/../lib/gcc/nios2-elf/4.7.3/../../../../../H-i686-mingw32/nios2-elf/lib/mno-hw-mul\libc.a(lib_a-__call_atexit.o)
 .debug_info    0x00005db8       0xec ../osc_bsp/\libhal_bsp.a(alt_exit.o)

.debug_abbrev   0x00000000     0x1e01
 *(.debug_abbrev)
 .debug_abbrev  0x00000000       0x14 ../osc_bsp//obj/HAL/src/crt0.o
 .debug_abbrev  0x00000014       0x45 obj/default/char712.o
 .debug_abbrev  0x00000059       0xce obj/default/keyproc.o
 .debug_abbrev  0x00000127      0x112 obj/default/lcdout.o
 .debug_abbrev  0x00000239      0x107 obj/default/mainloop.o
 .debug_abbrev  0x00000340      0x14a obj/default/menu.o
 .debug_abbrev  0x0000048a      0x194 obj/default/menuact.o
 .debug_abbrev  0x0000061e       0xb9 obj/default/stubfncs.o
 .debug_abbrev  0x000006d7       0x84 obj/default/testcode.o
 .debug_abbrev  0x0000075b      0x15a obj/default/tracutil.o
 .debug_abbrev  0x000008b5      0x112 d:/program files/nios2eds/bin/gnu/h-i686-mingw32/bin/../lib/gcc/nios2-elf/4.7.3/mno-hw-mul\libgcc.a(lib2-divmod.o)
 .debug_abbrev  0x000009c7       0x6f d:/program files/nios2eds/bin/gnu/h-i686-mingw32/bin/../lib/gcc/nios2-elf/4.7.3/mno-hw-mul\libgcc.a(lib2-mul.o)
 .debug_abbrev  0x00000a36       0x9c d:/program files/nios2eds/bin/gnu/h-i686-mingw32/bin/../lib/gcc/nios2-elf/4.7.3/../../../../../H-i686-mingw32/nios2-elf/lib/mno-hw-mul\libc.a(lib_a-memcpy.o)
 .debug_abbrev  0x00000ad2      0x16a ../osc_bsp/\libhal_bsp.a(alt_iic.o)
 .debug_abbrev  0x00000c3c      0x169 ../osc_bsp/\libhal_bsp.a(alt_iic_isr_register.o)
 .debug_abbrev  0x00000da5       0x12 ../osc_bsp/\libhal_bsp.a(alt_irq_entry.o)
 .debug_abbrev  0x00000db7      0x124 ../osc_bsp/\libhal_bsp.a(alt_irq_handler.o)
 .debug_abbrev  0x00000edb       0x40 ../osc_bsp/\libhal_bsp.a(alt_irq_vars.o)
 .debug_abbrev  0x00000f1b       0xba ../osc_bsp/\libhal_bsp.a(alt_main.o)
 .debug_abbrev  0x00000fd5       0x95 ../osc_bsp/\libhal_bsp.a(alt_sys_init.o)
 .debug_abbrev  0x0000106a      0x11f ../osc_bsp/\libhal_bsp.a(alt_close.o)
 .debug_abbrev  0x00001189       0xd9 ../osc_bsp/\libhal_bsp.a(alt_dev.o)
 .debug_abbrev  0x00001262       0x79 ../osc_bsp/\libhal_bsp.a(alt_do_ctors.o)
 .debug_abbrev  0x000012db       0x79 ../osc_bsp/\libhal_bsp.a(alt_do_dtors.o)
 .debug_abbrev  0x00001354       0x5a ../osc_bsp/\libhal_bsp.a(alt_errno.o)
 .debug_abbrev  0x000013ae       0x12 ../osc_bsp/\libhal_bsp.a(alt_exception_entry.o)
 .debug_abbrev  0x000013c0       0xde ../osc_bsp/\libhal_bsp.a(alt_release_fd.o)
 .debug_abbrev  0x0000149e       0x42 ../osc_bsp/\libhal_bsp.a(altera_nios2_qsys_irq.o)
 .debug_abbrev  0x000014e0      0x106 d:/program files/nios2eds/bin/gnu/h-i686-mingw32/bin/../lib/gcc/nios2-elf/4.7.3/../../../../../H-i686-mingw32/nios2-elf/lib/mno-hw-mul\libc.a(lib_a-atexit.o)
 .debug_abbrev  0x000015e6      0x1c8 d:/program files/nios2eds/bin/gnu/h-i686-mingw32/bin/../lib/gcc/nios2-elf/4.7.3/../../../../../H-i686-mingw32/nios2-elf/lib/mno-hw-mul\libc.a(lib_a-exit.o)
 .debug_abbrev  0x000017ae      0x162 d:/program files/nios2eds/bin/gnu/h-i686-mingw32/bin/../lib/gcc/nios2-elf/4.7.3/../../../../../H-i686-mingw32/nios2-elf/lib/mno-hw-mul\libc.a(lib_a-impure.o)
 .debug_abbrev  0x00001910       0x37 d:/program files/nios2eds/bin/gnu/h-i686-mingw32/bin/../lib/gcc/nios2-elf/4.7.3/../../../../../H-i686-mingw32/nios2-elf/lib/mno-hw-mul\libc.a(lib_a-int_errno.o)
 .debug_abbrev  0x00001947      0x211 d:/program files/nios2eds/bin/gnu/h-i686-mingw32/bin/../lib/gcc/nios2-elf/4.7.3/../../../../../H-i686-mingw32/nios2-elf/lib/mno-hw-mul\libc.a(lib_a-__atexit.o)
 .debug_abbrev  0x00001b58      0x203 d:/program files/nios2eds/bin/gnu/h-i686-mingw32/bin/../lib/gcc/nios2-elf/4.7.3/../../../../../H-i686-mingw32/nios2-elf/lib/mno-hw-mul\libc.a(lib_a-__call_atexit.o)
 .debug_abbrev  0x00001d5b       0xa6 ../osc_bsp/\libhal_bsp.a(alt_exit.o)

.debug_line     0x00000000     0x1f5f
 *(.debug_line)
 .debug_line    0x00000000       0x51 ../osc_bsp//obj/HAL/src/crt0.o
 .debug_line    0x00000051       0x2a obj/default/char712.o
 .debug_line    0x0000007b       0x75 obj/default/keyproc.o
 .debug_line    0x000000f0       0xf4 obj/default/lcdout.o
 .debug_line    0x000001e4       0xbf obj/default/mainloop.o
 .debug_line    0x000002a3       0xdf obj/default/menu.o
 .debug_line    0x00000382      0x1d2 obj/default/menuact.o
 .debug_line    0x00000554       0x56 obj/default/stubfncs.o
 .debug_line    0x000005aa       0x5f obj/default/testcode.o
 .debug_line    0x00000609      0x2a0 obj/default/tracutil.o
 .debug_line    0x000008a9       0xd6 d:/program files/nios2eds/bin/gnu/h-i686-mingw32/bin/../lib/gcc/nios2-elf/4.7.3/mno-hw-mul\libgcc.a(lib2-divmod.o)
 .debug_line    0x0000097f       0x80 d:/program files/nios2eds/bin/gnu/h-i686-mingw32/bin/../lib/gcc/nios2-elf/4.7.3/mno-hw-mul\libgcc.a(lib2-mul.o)
 .debug_line    0x000009ff      0x144 d:/program files/nios2eds/bin/gnu/h-i686-mingw32/bin/../lib/gcc/nios2-elf/4.7.3/../../../../../H-i686-mingw32/nios2-elf/lib/mno-hw-mul\libc.a(lib_a-memcpy.o)
 .debug_line    0x00000b43       0xed ../osc_bsp/\libhal_bsp.a(alt_iic.o)
 .debug_line    0x00000c30       0xdb ../osc_bsp/\libhal_bsp.a(alt_iic_isr_register.o)
 .debug_line    0x00000d0b       0x6b ../osc_bsp/\libhal_bsp.a(alt_irq_entry.o)
 .debug_line    0x00000d76       0xae ../osc_bsp/\libhal_bsp.a(alt_irq_handler.o)
 .debug_line    0x00000e24       0x50 ../osc_bsp/\libhal_bsp.a(alt_irq_vars.o)
 .debug_line    0x00000e74       0xa0 ../osc_bsp/\libhal_bsp.a(alt_main.o)
 .debug_line    0x00000f14       0x6c ../osc_bsp/\libhal_bsp.a(alt_sys_init.o)
 .debug_line    0x00000f80      0x188 ../osc_bsp/\libhal_bsp.a(alt_close.o)
 .debug_line    0x00001108      0x11b ../osc_bsp/\libhal_bsp.a(alt_dev.o)
 .debug_line    0x00001223       0x59 ../osc_bsp/\libhal_bsp.a(alt_do_ctors.o)
 .debug_line    0x0000127c       0x59 ../osc_bsp/\libhal_bsp.a(alt_do_dtors.o)
 .debug_line    0x000012d5       0x51 ../osc_bsp/\libhal_bsp.a(alt_errno.o)
 .debug_line    0x00001326       0xab ../osc_bsp/\libhal_bsp.a(alt_exception_entry.o)
 .debug_line    0x000013d1       0xb0 ../osc_bsp/\libhal_bsp.a(alt_release_fd.o)
 .debug_line    0x00001481       0x51 ../osc_bsp/\libhal_bsp.a(altera_nios2_qsys_irq.o)
 .debug_line    0x000014d2      0x170 d:/program files/nios2eds/bin/gnu/h-i686-mingw32/bin/../lib/gcc/nios2-elf/4.7.3/../../../../../H-i686-mingw32/nios2-elf/lib/mno-hw-mul\libc.a(lib_a-atexit.o)
 .debug_line    0x00001642      0x21c d:/program files/nios2eds/bin/gnu/h-i686-mingw32/bin/../lib/gcc/nios2-elf/4.7.3/../../../../../H-i686-mingw32/nios2-elf/lib/mno-hw-mul\libc.a(lib_a-exit.o)
 .debug_line    0x0000185e      0x176 d:/program files/nios2eds/bin/gnu/h-i686-mingw32/bin/../lib/gcc/nios2-elf/4.7.3/../../../../../H-i686-mingw32/nios2-elf/lib/mno-hw-mul\libc.a(lib_a-impure.o)
 .debug_line    0x000019d4       0x60 d:/program files/nios2eds/bin/gnu/h-i686-mingw32/bin/../lib/gcc/nios2-elf/4.7.3/../../../../../H-i686-mingw32/nios2-elf/lib/mno-hw-mul\libc.a(lib_a-int_errno.o)
 .debug_line    0x00001a34      0x253 d:/program files/nios2eds/bin/gnu/h-i686-mingw32/bin/../lib/gcc/nios2-elf/4.7.3/../../../../../H-i686-mingw32/nios2-elf/lib/mno-hw-mul\libc.a(lib_a-__atexit.o)
 .debug_line    0x00001c87      0x267 d:/program files/nios2eds/bin/gnu/h-i686-mingw32/bin/../lib/gcc/nios2-elf/4.7.3/../../../../../H-i686-mingw32/nios2-elf/lib/mno-hw-mul\libc.a(lib_a-__call_atexit.o)
 .debug_line    0x00001eee       0x71 ../osc_bsp/\libhal_bsp.a(alt_exit.o)

.debug_frame    0x00000000      0xd00
 *(.debug_frame)
 .debug_frame   0x00000000       0xb8 obj/default/keyproc.o
 .debug_frame   0x000000b8       0x9c obj/default/lcdout.o
 .debug_frame   0x00000154       0x64 obj/default/mainloop.o
 .debug_frame   0x000001b8      0x128 obj/default/menu.o
 .debug_frame   0x000002e0      0x324 obj/default/menuact.o
 .debug_frame   0x00000604      0x10c obj/default/stubfncs.o
 .debug_frame   0x00000710       0x30 obj/default/testcode.o
 .debug_frame   0x00000740      0x1b4 obj/default/tracutil.o
 .debug_frame   0x000008f4       0x70 d:/program files/nios2eds/bin/gnu/h-i686-mingw32/bin/../lib/gcc/nios2-elf/4.7.3/mno-hw-mul\libgcc.a(lib2-divmod.o)
 .debug_frame   0x00000964       0x20 d:/program files/nios2eds/bin/gnu/h-i686-mingw32/bin/../lib/gcc/nios2-elf/4.7.3/mno-hw-mul\libgcc.a(lib2-mul.o)
 .debug_frame   0x00000984       0x30 d:/program files/nios2eds/bin/gnu/h-i686-mingw32/bin/../lib/gcc/nios2-elf/4.7.3/../../../../../H-i686-mingw32/nios2-elf/lib/mno-hw-mul\libc.a(lib_a-memcpy.o)
 .debug_frame   0x000009b4       0x80 ../osc_bsp/\libhal_bsp.a(alt_iic.o)
 .debug_frame   0x00000a34       0x2c ../osc_bsp/\libhal_bsp.a(alt_iic_isr_register.o)
 .debug_frame   0x00000a60       0x2c ../osc_bsp/\libhal_bsp.a(alt_irq_handler.o)
 .debug_frame   0x00000a8c       0x2c ../osc_bsp/\libhal_bsp.a(alt_main.o)
 .debug_frame   0x00000ab8       0x48 ../osc_bsp/\libhal_bsp.a(alt_sys_init.o)
 .debug_frame   0x00000b00       0x48 ../osc_bsp/\libhal_bsp.a(alt_close.o)
 .debug_frame   0x00000b48       0x2c ../osc_bsp/\libhal_bsp.a(alt_dev.o)
 .debug_frame   0x00000b74       0x2c ../osc_bsp/\libhal_bsp.a(alt_do_ctors.o)
 .debug_frame   0x00000ba0       0x2c ../osc_bsp/\libhal_bsp.a(alt_do_dtors.o)
 .debug_frame   0x00000bcc       0x30 ../osc_bsp/\libhal_bsp.a(alt_release_fd.o)
 .debug_frame   0x00000bfc       0x2c ../osc_bsp/\libhal_bsp.a(altera_nios2_qsys_irq.o)
 .debug_frame   0x00000c28       0x20 d:/program files/nios2eds/bin/gnu/h-i686-mingw32/bin/../lib/gcc/nios2-elf/4.7.3/../../../../../H-i686-mingw32/nios2-elf/lib/mno-hw-mul\libc.a(lib_a-atexit.o)
 .debug_frame   0x00000c48       0x28 d:/program files/nios2eds/bin/gnu/h-i686-mingw32/bin/../lib/gcc/nios2-elf/4.7.3/../../../../../H-i686-mingw32/nios2-elf/lib/mno-hw-mul\libc.a(lib_a-exit.o)
 .debug_frame   0x00000c70       0x2c d:/program files/nios2eds/bin/gnu/h-i686-mingw32/bin/../lib/gcc/nios2-elf/4.7.3/../../../../../H-i686-mingw32/nios2-elf/lib/mno-hw-mul\libc.a(lib_a-__atexit.o)
 .debug_frame   0x00000c9c       0x38 d:/program files/nios2eds/bin/gnu/h-i686-mingw32/bin/../lib/gcc/nios2-elf/4.7.3/../../../../../H-i686-mingw32/nios2-elf/lib/mno-hw-mul\libc.a(lib_a-__call_atexit.o)
 .debug_frame   0x00000cd4       0x2c ../osc_bsp/\libhal_bsp.a(alt_exit.o)

.debug_str      0x00000000     0x1661
 *(.debug_str)
 .debug_str     0x00000000       0x7f obj/default/char712.o
 .debug_str     0x0000007f       0x6a obj/default/keyproc.o
                                 0xc6 (size before relaxing)
 .debug_str     0x000000e9       0x9e obj/default/lcdout.o
                                0x136 (size before relaxing)
 .debug_str     0x00000187      0x10c obj/default/mainloop.o
                                0x1e1 (size before relaxing)
 .debug_str     0x00000293      0x159 obj/default/menu.o
                                0x1ed (size before relaxing)
 .debug_str     0x000003ec      0x1f0 obj/default/menuact.o
                                0x330 (size before relaxing)
 .debug_str     0x000005dc       0x85 obj/default/stubfncs.o
                                0x110 (size before relaxing)
 .debug_str     0x00000661       0x3a obj/default/testcode.o
                                 0xc9 (size before relaxing)
 .debug_str     0x0000069b      0x15f obj/default/tracutil.o
                                0x27f (size before relaxing)
 .debug_str     0x000007fa      0x112 d:/program files/nios2eds/bin/gnu/h-i686-mingw32/bin/../lib/gcc/nios2-elf/4.7.3/mno-hw-mul\libgcc.a(lib2-divmod.o)
                                0x169 (size before relaxing)
 .debug_str     0x0000090c       0x40 d:/program files/nios2eds/bin/gnu/h-i686-mingw32/bin/../lib/gcc/nios2-elf/4.7.3/mno-hw-mul\libgcc.a(lib2-mul.o)
                                0x12a (size before relaxing)
 .debug_str     0x0000094c      0x10d d:/program files/nios2eds/bin/gnu/h-i686-mingw32/bin/../lib/gcc/nios2-elf/4.7.3/../../../../../H-i686-mingw32/nios2-elf/lib/mno-hw-mul\libc.a(lib_a-memcpy.o)
                                0x134 (size before relaxing)
 .debug_str     0x00000a59      0x138 ../osc_bsp/\libhal_bsp.a(alt_iic.o)
                                0x203 (size before relaxing)
 .debug_str     0x00000b91       0x4c ../osc_bsp/\libhal_bsp.a(alt_iic_isr_register.o)
                                0x1ad (size before relaxing)
 .debug_str     0x00000bdd       0x3a ../osc_bsp/\libhal_bsp.a(alt_irq_handler.o)
                                0x15c (size before relaxing)
 .debug_str     0x00000c17       0x17 ../osc_bsp/\libhal_bsp.a(alt_irq_vars.o)
                                0x10b (size before relaxing)
 .debug_str     0x00000c2e       0x70 ../osc_bsp/\libhal_bsp.a(alt_main.o)
                                0x162 (size before relaxing)
 .debug_str     0x00000c9e       0x47 ../osc_bsp/\libhal_bsp.a(alt_sys_init.o)
                                0x132 (size before relaxing)
 .debug_str     0x00000ce5       0x90 ../osc_bsp/\libhal_bsp.a(alt_close.o)
                                0x1d0 (size before relaxing)
 .debug_str     0x00000d75      0x120 ../osc_bsp/\libhal_bsp.a(alt_dev.o)
                                0x2ca (size before relaxing)
 .debug_str     0x00000e95       0x48 ../osc_bsp/\libhal_bsp.a(alt_do_ctors.o)
                                 0xa1 (size before relaxing)
 .debug_str     0x00000edd       0x4c ../osc_bsp/\libhal_bsp.a(alt_do_dtors.o)
                                 0xa0 (size before relaxing)
 .debug_str     0x00000f29       0x14 ../osc_bsp/\libhal_bsp.a(alt_errno.o)
                                0x10a (size before relaxing)
 .debug_str     0x00000f3d       0x28 ../osc_bsp/\libhal_bsp.a(alt_release_fd.o)
                                0x1a4 (size before relaxing)
 .debug_str     0x00000f65       0x3b ../osc_bsp/\libhal_bsp.a(altera_nios2_qsys_irq.o)
                                0x121 (size before relaxing)
 .debug_str     0x00000fa0      0x16a d:/program files/nios2eds/bin/gnu/h-i686-mingw32/bin/../lib/gcc/nios2-elf/4.7.3/../../../../../H-i686-mingw32/nios2-elf/lib/mno-hw-mul\libc.a(lib_a-atexit.o)
                                0x21d (size before relaxing)
 .debug_str     0x0000110a      0x367 d:/program files/nios2eds/bin/gnu/h-i686-mingw32/bin/../lib/gcc/nios2-elf/4.7.3/../../../../../H-i686-mingw32/nios2-elf/lib/mno-hw-mul\libc.a(lib_a-exit.o)
                                0x53d (size before relaxing)
 .debug_str     0x00001471       0xe2 d:/program files/nios2eds/bin/gnu/h-i686-mingw32/bin/../lib/gcc/nios2-elf/4.7.3/../../../../../H-i686-mingw32/nios2-elf/lib/mno-hw-mul\libc.a(lib_a-impure.o)
                                0x534 (size before relaxing)
 .debug_str     0x00001553       0x40 d:/program files/nios2eds/bin/gnu/h-i686-mingw32/bin/../lib/gcc/nios2-elf/4.7.3/../../../../../H-i686-mingw32/nios2-elf/lib/mno-hw-mul\libc.a(lib_a-int_errno.o)
                                0x17d (size before relaxing)
 .debug_str     0x00001593       0x40 d:/program files/nios2eds/bin/gnu/h-i686-mingw32/bin/../lib/gcc/nios2-elf/4.7.3/../../../../../H-i686-mingw32/nios2-elf/lib/mno-hw-mul\libc.a(lib_a-__atexit.o)
                                0x581 (size before relaxing)
 .debug_str     0x000015d3       0x64 d:/program files/nios2eds/bin/gnu/h-i686-mingw32/bin/../lib/gcc/nios2-elf/4.7.3/../../../../../H-i686-mingw32/nios2-elf/lib/mno-hw-mul\libc.a(lib_a-__call_atexit.o)
                                0x55f (size before relaxing)
 .debug_str     0x00001637       0x2a ../osc_bsp/\libhal_bsp.a(alt_exit.o)
                                0x116 (size before relaxing)

.debug_loc      0x00000000     0x1a44
 *(.debug_loc)
 .debug_loc     0x00000000      0x108 obj/default/keyproc.o
 .debug_loc     0x00000108       0xdc obj/default/lcdout.o
 .debug_loc     0x000001e4       0x85 obj/default/mainloop.o
 .debug_loc     0x00000269      0x1b8 obj/default/menu.o
 .debug_loc     0x00000421      0x4d0 obj/default/menuact.o
 .debug_loc     0x000008f1      0x18c obj/default/stubfncs.o
 .debug_loc     0x00000a7d       0x2d obj/default/testcode.o
 .debug_loc     0x00000aaa      0x268 obj/default/tracutil.o
 .debug_loc     0x00000d12      0x338 d:/program files/nios2eds/bin/gnu/h-i686-mingw32/bin/../lib/gcc/nios2-elf/4.7.3/mno-hw-mul\libgcc.a(lib2-divmod.o)
 .debug_loc     0x0000104a       0x93 d:/program files/nios2eds/bin/gnu/h-i686-mingw32/bin/../lib/gcc/nios2-elf/4.7.3/mno-hw-mul\libgcc.a(lib2-mul.o)
 .debug_loc     0x000010dd      0x29c d:/program files/nios2eds/bin/gnu/h-i686-mingw32/bin/../lib/gcc/nios2-elf/4.7.3/../../../../../H-i686-mingw32/nios2-elf/lib/mno-hw-mul\libc.a(lib_a-memcpy.o)
 .debug_loc     0x00001379       0xb0 ../osc_bsp/\libhal_bsp.a(alt_iic.o)
 .debug_loc     0x00001429       0x2c ../osc_bsp/\libhal_bsp.a(alt_iic_isr_register.o)
 .debug_loc     0x00001455       0x2c ../osc_bsp/\libhal_bsp.a(alt_irq_handler.o)
 .debug_loc     0x00001481       0x2c ../osc_bsp/\libhal_bsp.a(alt_main.o)
 .debug_loc     0x000014ad       0x58 ../osc_bsp/\libhal_bsp.a(alt_sys_init.o)
 .debug_loc     0x00001505       0x58 ../osc_bsp/\libhal_bsp.a(alt_close.o)
 .debug_loc     0x0000155d       0x2c ../osc_bsp/\libhal_bsp.a(alt_dev.o)
 .debug_loc     0x00001589       0x2c ../osc_bsp/\libhal_bsp.a(alt_do_ctors.o)
 .debug_loc     0x000015b5       0x2c ../osc_bsp/\libhal_bsp.a(alt_do_dtors.o)
 .debug_loc     0x000015e1       0x2c ../osc_bsp/\libhal_bsp.a(alt_release_fd.o)
 .debug_loc     0x0000160d       0x2c ../osc_bsp/\libhal_bsp.a(altera_nios2_qsys_irq.o)
 .debug_loc     0x00001639       0x2c d:/program files/nios2eds/bin/gnu/h-i686-mingw32/bin/../lib/gcc/nios2-elf/4.7.3/../../../../../H-i686-mingw32/nios2-elf/lib/mno-hw-mul\libc.a(lib_a-atexit.o)
 .debug_loc     0x00001665       0x3e d:/program files/nios2eds/bin/gnu/h-i686-mingw32/bin/../lib/gcc/nios2-elf/4.7.3/../../../../../H-i686-mingw32/nios2-elf/lib/mno-hw-mul\libc.a(lib_a-exit.o)
 .debug_loc     0x000016a3      0x194 d:/program files/nios2eds/bin/gnu/h-i686-mingw32/bin/../lib/gcc/nios2-elf/4.7.3/../../../../../H-i686-mingw32/nios2-elf/lib/mno-hw-mul\libc.a(lib_a-__atexit.o)
 .debug_loc     0x00001837      0x1e1 d:/program files/nios2eds/bin/gnu/h-i686-mingw32/bin/../lib/gcc/nios2-elf/4.7.3/../../../../../H-i686-mingw32/nios2-elf/lib/mno-hw-mul\libc.a(lib_a-__call_atexit.o)
 .debug_loc     0x00001a18       0x2c ../osc_bsp/\libhal_bsp.a(alt_exit.o)

.debug_macinfo
 *(.debug_macinfo)

.debug_weaknames
 *(.debug_weaknames)

.debug_funcnames
 *(.debug_funcnames)

.debug_typenames
 *(.debug_typenames)

.debug_varnames
 *(.debug_varnames)

.debug_alt_sim_info
                0x00000000       0x10
 *(.debug_alt_sim_info)
 .debug_alt_sim_info
                0x00000000       0x10 ../osc_bsp//obj/HAL/src/crt0.o
                0x00030000                __alt_data_end = 0x30000
                0x00030000                PROVIDE (__alt_stack_pointer, __alt_data_end)
                0x00025040                PROVIDE (__alt_stack_limit, __alt_stack_base)
                0x00025040                PROVIDE (__alt_heap_start, end)
                0x00030000                PROVIDE (__alt_heap_limit, 0x30000)
OUTPUT(osc.elf elf32-littlenios2)

.debug_ranges   0x00000000       0xb0
 .debug_ranges  0x00000000       0x30 ../osc_bsp/\libhal_bsp.a(alt_iic.o)
 .debug_ranges  0x00000030       0x28 ../osc_bsp/\libhal_bsp.a(alt_irq_entry.o)
 .debug_ranges  0x00000058       0x10 ../osc_bsp/\libhal_bsp.a(alt_irq_handler.o)
 .debug_ranges  0x00000068       0x30 ../osc_bsp/\libhal_bsp.a(alt_exception_entry.o)
 .debug_ranges  0x00000098       0x18 d:/program files/nios2eds/bin/gnu/h-i686-mingw32/bin/../lib/gcc/nios2-elf/4.7.3/../../../../../H-i686-mingw32/nios2-elf/lib/mno-hw-mul\libc.a(lib_a-__call_atexit.o)
