Archive member included because of file (symbol)

d:/program files/nios2eds/bin/gnu/h-i686-mingw32/bin/../lib/gcc/nios2-elf/4.7.3/../../../../../H-i686-mingw32/nios2-elf/lib\libc.a(lib_a-memcpy.o)
                              obj/default/testcode.o (memcpy)
../osc_bsp/\libhal_bsp.a(alt_iic.o)
                              obj/default/keyint.o (alt_ic_isr_register)
../osc_bsp/\libhal_bsp.a(alt_iic_isr_register.o)
                              ../osc_bsp/\libhal_bsp.a(alt_iic.o) (alt_iic_isr_register)
../osc_bsp/\libhal_bsp.a(alt_irq_entry.o)
                              ../osc_bsp/\libhal_bsp.a(alt_iic_isr_register.o) (alt_irq_entry)
../osc_bsp/\libhal_bsp.a(alt_irq_handler.o)
                              ../osc_bsp/\libhal_bsp.a(alt_iic_isr_register.o) (alt_irq)
../osc_bsp/\libhal_bsp.a(alt_irq_vars.o)
                              ../osc_bsp/\libhal_bsp.a(alt_iic.o) (alt_irq_active)
../osc_bsp/\libhal_bsp.a(alt_main.o)
                              ../osc_bsp//obj/HAL/src/crt0.o (alt_main)
../osc_bsp/\libhal_bsp.a(alt_sys_init.o)
                              ../osc_bsp/\libhal_bsp.a(alt_main.o) (alt_irq_init)
../osc_bsp/\libhal_bsp.a(alt_close.o)
                              ../osc_bsp/\libhal_bsp.a(alt_main.o) (close)
../osc_bsp/\libhal_bsp.a(alt_dev.o)
                              ../osc_bsp/\libhal_bsp.a(alt_close.o) (alt_fd_list)
../osc_bsp/\libhal_bsp.a(alt_do_ctors.o)
                              ../osc_bsp/\libhal_bsp.a(alt_main.o) (_do_ctors)
../osc_bsp/\libhal_bsp.a(alt_do_dtors.o)
                              ../osc_bsp/\libhal_bsp.a(alt_main.o) (_do_dtors)
../osc_bsp/\libhal_bsp.a(alt_errno.o)
                              ../osc_bsp/\libhal_bsp.a(alt_close.o) (alt_errno)
../osc_bsp/\libhal_bsp.a(alt_exception_entry.o)
                              ../osc_bsp/\libhal_bsp.a(alt_irq_entry.o) (alt_exception)
../osc_bsp/\libhal_bsp.a(alt_release_fd.o)
                              ../osc_bsp/\libhal_bsp.a(alt_close.o) (alt_release_fd)
../osc_bsp/\libhal_bsp.a(altera_nios2_qsys_irq.o)
                              ../osc_bsp/\libhal_bsp.a(alt_sys_init.o) (altera_nios2_qsys_irq_init)
d:/program files/nios2eds/bin/gnu/h-i686-mingw32/bin/../lib/gcc/nios2-elf/4.7.3/../../../../../H-i686-mingw32/nios2-elf/lib\libc.a(lib_a-atexit.o)
                              ../osc_bsp/\libhal_bsp.a(alt_main.o) (atexit)
d:/program files/nios2eds/bin/gnu/h-i686-mingw32/bin/../lib/gcc/nios2-elf/4.7.3/../../../../../H-i686-mingw32/nios2-elf/lib\libc.a(lib_a-exit.o)
                              ../osc_bsp/\libhal_bsp.a(alt_main.o) (exit)
d:/program files/nios2eds/bin/gnu/h-i686-mingw32/bin/../lib/gcc/nios2-elf/4.7.3/../../../../../H-i686-mingw32/nios2-elf/lib\libc.a(lib_a-impure.o)
                              d:/program files/nios2eds/bin/gnu/h-i686-mingw32/bin/../lib/gcc/nios2-elf/4.7.3/../../../../../H-i686-mingw32/nios2-elf/lib\libc.a(lib_a-exit.o) (_global_impure_ptr)
d:/program files/nios2eds/bin/gnu/h-i686-mingw32/bin/../lib/gcc/nios2-elf/4.7.3/../../../../../H-i686-mingw32/nios2-elf/lib\libc.a(lib_a-int_errno.o)
                              ../osc_bsp/\libhal_bsp.a(alt_close.o) (errno)
d:/program files/nios2eds/bin/gnu/h-i686-mingw32/bin/../lib/gcc/nios2-elf/4.7.3/../../../../../H-i686-mingw32/nios2-elf/lib\libc.a(lib_a-__atexit.o)
                              d:/program files/nios2eds/bin/gnu/h-i686-mingw32/bin/../lib/gcc/nios2-elf/4.7.3/../../../../../H-i686-mingw32/nios2-elf/lib\libc.a(lib_a-atexit.o) (__register_exitproc)
d:/program files/nios2eds/bin/gnu/h-i686-mingw32/bin/../lib/gcc/nios2-elf/4.7.3/../../../../../H-i686-mingw32/nios2-elf/lib\libc.a(lib_a-__call_atexit.o)
                              d:/program files/nios2eds/bin/gnu/h-i686-mingw32/bin/../lib/gcc/nios2-elf/4.7.3/../../../../../H-i686-mingw32/nios2-elf/lib\libc.a(lib_a-exit.o) (__call_exitprocs)
../osc_bsp/\libhal_bsp.a(alt_exit.o)
                              d:/program files/nios2eds/bin/gnu/h-i686-mingw32/bin/../lib/gcc/nios2-elf/4.7.3/../../../../../H-i686-mingw32/nios2-elf/lib\libc.a(lib_a-exit.o) (_exit)

Allocating common symbols
Common symbol       size              file

alt_irq             0x100             ../osc_bsp/\libhal_bsp.a(alt_irq_handler.o)
cur_scale           0x4               obj/default/tracutil.o
errno               0x4               d:/program files/nios2eds/bin/gnu/h-i686-mingw32/bin/../lib/gcc/nios2-elf/4.7.3/../../../../../H-i686-mingw32/nios2-elf/lib\libc.a(lib_a-int_errno.o)
trigger_mode        0x4               obj/default/menuact.o
trace_status        0x4               obj/default/tracutil.o
menu_entry          0x4               obj/default/menu.o
saved_end_y         0x4               obj/default/tracutil.o
menu_display        0x4               obj/default/menu.o
level               0x4               obj/default/menuact.o
saved_pos_y         0x4               obj/default/tracutil.o
sample_size         0x4               obj/default/tracutil.o
saved_end_x         0x4               obj/default/tracutil.o
saved_pos_x         0x4               obj/default/tracutil.o
_atexit0            0x190             d:/program files/nios2eds/bin/gnu/h-i686-mingw32/bin/../lib/gcc/nios2-elf/4.7.3/../../../../../H-i686-mingw32/nios2-elf/lib\libc.a(lib_a-atexit.o)
sweep               0x4               obj/default/menuact.o
delay               0x4               obj/default/menuact.o
saved_menu          0x2a0             obj/default/tracutil.o
saved_axis_y        0x176             obj/default/tracutil.o
saved_axis_x        0x12c             obj/default/tracutil.o
saved_area          0xf0              obj/default/tracutil.o
sampling            0x4               obj/default/tracutil.o
scale               0x4               obj/default/menuact.o
slope               0x4               obj/default/menuact.o

Memory Configuration

Name             Origin             Length             Attributes
VRAM_ctrl        0x00080000         0x00080000
RAM_ctrl         0x00120000         0x00010000
ROM_ctrl         0x00130000         0x00010000
reset            0x00148000         0x00000020
ONCHIP_mem       0x00148020         0x00007fe0
*default*        0x00000000         0xffffffff

Linker script and memory map

LOAD ../osc_bsp//obj/HAL/src/crt0.o
LOAD obj/default/char57.o
LOAD obj/default/keyproc.o
LOAD obj/default/lcdout.o
LOAD obj/default/mainloop.o
LOAD obj/default/menu.o
LOAD obj/default/menuact.o
LOAD obj/default/stubfncs.o
LOAD obj/default/testcode.o
LOAD obj/default/tracutil.o
LOAD obj/default/keyint.o
LOAD obj/default/testadc.o
LOAD obj/default/testdisp.o
LOAD obj/default/testvram.o
LOAD d:/program files/nios2eds/bin/gnu/h-i686-mingw32/bin/../lib/gcc/nios2-elf/4.7.3/../../../../../H-i686-mingw32/nios2-elf/lib\libstdc++.a
LOAD d:/program files/nios2eds/bin/gnu/h-i686-mingw32/bin/../lib/gcc/nios2-elf/4.7.3/../../../../../H-i686-mingw32/nios2-elf/lib\libm.a
LOAD d:/program files/nios2eds/bin/gnu/h-i686-mingw32/bin/../lib/gcc/nios2-elf/4.7.3\libgcc.a
START GROUP
LOAD d:/program files/nios2eds/bin/gnu/h-i686-mingw32/bin/../lib/gcc/nios2-elf/4.7.3/../../../../../H-i686-mingw32/nios2-elf/lib\libc.a
LOAD d:/program files/nios2eds/bin/gnu/h-i686-mingw32/bin/../lib/gcc/nios2-elf/4.7.3\libgcc.a
LOAD ../osc_bsp/\libhal_bsp.a
END GROUP
LOAD d:/program files/nios2eds/bin/gnu/h-i686-mingw32/bin/../lib/gcc/nios2-elf/4.7.3\libgcc.a
                0x00080000                __alt_mem_VRAM_ctrl = 0x80000
                0x00120000                __alt_mem_RAM_ctrl = 0x120000
                0x00130000                __alt_mem_ROM_ctrl = 0x130000
                0x00148000                __alt_mem_ONCHIP_mem = 0x148000

.entry          0x00148000        0x0
 *(.entry)
 .entry         0x00148000        0x0 ../osc_bsp//obj/HAL/src/crt0.o
                0x00148000                __reset

.exceptions     0x00148020      0x198
                0x00148020                PROVIDE (__ram_exceptions_start, ABSOLUTE (.))
                0x00148020                . = ALIGN (0x20)
 *(.irq)
 *(.exceptions.entry.label)
 .exceptions.entry.label
                0x00148020        0x0 ../osc_bsp/\libhal_bsp.a(alt_irq_entry.o)
                0x00148020                alt_irq_entry
 .exceptions.entry.label
                0x00148020        0x0 ../osc_bsp/\libhal_bsp.a(alt_exception_entry.o)
                0x00148020                alt_exception
 *(.exceptions.entry.user)
 *(.exceptions.entry.ecc_fatal)
 *(.exceptions.entry)
 .exceptions.entry
                0x00148020       0x54 ../osc_bsp/\libhal_bsp.a(alt_exception_entry.o)
 *(.exceptions.irqtest.user)
 *(.exceptions.irqtest)
 .exceptions.irqtest
                0x00148074       0x10 ../osc_bsp/\libhal_bsp.a(alt_irq_entry.o)
 *(.exceptions.irqhandler.user)
 *(.exceptions.irqhandler)
 .exceptions.irqhandler
                0x00148084        0x4 ../osc_bsp/\libhal_bsp.a(alt_irq_entry.o)
 *(.exceptions.irqreturn.user)
 *(.exceptions.irqreturn)
 .exceptions.irqreturn
                0x00148088        0x4 ../osc_bsp/\libhal_bsp.a(alt_irq_entry.o)
 *(.exceptions.notirq.label)
 .exceptions.notirq.label
                0x0014808c        0x0 ../osc_bsp/\libhal_bsp.a(alt_irq_entry.o)
 *(.exceptions.notirq.user)
 *(.exceptions.notirq)
 .exceptions.notirq
                0x0014808c        0x8 ../osc_bsp/\libhal_bsp.a(alt_exception_entry.o)
 *(.exceptions.soft.user)
 *(.exceptions.soft)
 *(.exceptions.unknown.user)
 *(.exceptions.unknown)
 .exceptions.unknown
                0x00148094        0x4 ../osc_bsp/\libhal_bsp.a(alt_exception_entry.o)
 *(.exceptions.exit.label)
 .exceptions.exit.label
                0x00148098        0x0 ../osc_bsp/\libhal_bsp.a(alt_irq_entry.o)
 .exceptions.exit.label
                0x00148098        0x0 ../osc_bsp/\libhal_bsp.a(alt_exception_entry.o)
 *(.exceptions.exit.user)
 *(.exceptions.exit)
 .exceptions.exit
                0x00148098       0x54 ../osc_bsp/\libhal_bsp.a(alt_exception_entry.o)
 *(.exceptions)
 .exceptions    0x001480ec       0xcc ../osc_bsp/\libhal_bsp.a(alt_irq_handler.o)
                0x001480ec                alt_irq_handler
                0x001481b8                PROVIDE (__ram_exceptions_end, ABSOLUTE (.))
                0x00148020                PROVIDE (__flash_exceptions_start, LOADADDR (.exceptions))

.text           0x001481b8     0x4350
                0x001481b8                PROVIDE (stext, ABSOLUTE (.))
 *(.interp)
 *(.hash)
 *(.dynsym)
 *(.dynstr)
 *(.gnu.version)
 *(.gnu.version_d)
 *(.gnu.version_r)
 *(.rel.init)
 *(.rela.init)
 *(.rel.text .rel.text.* .rel.gnu.linkonce.t.*)
 *(.rela.text .rela.text.* .rela.gnu.linkonce.t.*)
 *(.rel.fini)
 *(.rela.fini)
 *(.rel.rodata .rel.rodata.* .rel.gnu.linkonce.r.*)
 *(.rela.rodata .rela.rodata.* .rela.gnu.linkonce.r.*)
 *(.rel.data .rel.data.* .rel.gnu.linkonce.d.*)
 *(.rela.data .rela.data.* .rela.gnu.linkonce.d.*)
 *(.rel.tdata .rel.tdata.* .rel.gnu.linkonce.td.*)
 *(.rela.tdata .rela.tdata.* .rela.gnu.linkonce.td.*)
 *(.rel.tbss .rel.tbss.* .rel.gnu.linkonce.tb.*)
 *(.rela.tbss .rela.tbss.* .rela.gnu.linkonce.tb.*)
 *(.rel.ctors)
 *(.rela.ctors)
 *(.rel.dtors)
 *(.rela.dtors)
 *(.rel.got)
 *(.rela.got)
 *(.rel.sdata .rel.sdata.* .rel.gnu.linkonce.s.*)
 *(.rela.sdata .rela.sdata.* .rela.gnu.linkonce.s.*)
 *(.rel.sbss .rel.sbss.* .rel.gnu.linkonce.sb.*)
 *(.rela.sbss .rela.sbss.* .rela.gnu.linkonce.sb.*)
 *(.rel.sdata2 .rel.sdata2.* .rel.gnu.linkonce.s2.*)
 *(.rela.sdata2 .rela.sdata2.* .rela.gnu.linkonce.s2.*)
 *(.rel.sbss2 .rel.sbss2.* .rel.gnu.linkonce.sb2.*)
 *(.rela.sbss2 .rela.sbss2.* .rela.gnu.linkonce.sb2.*)
 *(.rel.bss .rel.bss.* .rel.gnu.linkonce.b.*)
 *(.rela.bss .rela.bss.* .rela.gnu.linkonce.b.*)
 *(.rel.plt)
 *(.rela.plt)
 *(.rel.dyn)
 *(.init)
 *(.plt)
 *(.text .stub .text.* .gnu.linkonce.t.*)
 .text          0x001481b8       0x38 ../osc_bsp//obj/HAL/src/crt0.o
                0x001481b8                _start
 .text          0x001481f0        0x0 obj/default/char57.o
 .text          0x001481f0      0x134 obj/default/keyproc.o
                0x001481f0                no_action
                0x00148214                menu_key
                0x00148264                menu_up
                0x00148294                menu_down
                0x001482c4                menu_left
                0x001482f4                menu_right
 .text          0x00148324      0x400 obj/default/lcdout.o
                0x00148324                clear_region
                0x001483cc                plot_hline
                0x00148478                plot_vline
                0x00148524                plot_char
                0x0014868c                plot_string
 .text          0x00148724      0x218 obj/default/mainloop.o
                0x00148724                main
                0x00148860                key_lookup
 .text          0x0014893c      0x534 obj/default/menu.o
                0x0014893c                init_menu
                0x001489a0                clear_menu
                0x001489d8                display_menu
                0x00148a58                refresh_menu
                0x00148a90                reset_menu
                0x00148aec                next_entry
                0x00148b5c                previous_entry
                0x00148bc8                menu_entry_left
                0x00148cb4                menu_entry_right
                0x00148da0                display_entry
 .text          0x00148e70      0xcf8 obj/default/menuact.o
                0x00148e70                no_menu_action
                0x00148e90                no_display
                0x00148ebc                set_trigger_mode
                0x00148efc                get_trigger_mode
                0x00148f1c                mode_down
                0x00148f80                mode_up
                0x00148fe4                display_mode
                0x00149068                set_scale
                0x001490a8                scale_down
                0x0014910c                scale_up
                0x00149170                display_scale
                0x001491f4                set_sweep
                0x00149254                sweep_down
                0x001492d4                sweep_up
                0x00149358                display_sweep
                0x001493c0                set_trg_level
                0x00149408                trg_level_down
                0x00149458                trg_level_up
                0x001494ac                display_trg_level
                0x00149544                set_trg_slope
                0x0014958c                trg_slope_toggle
                0x001495e0                display_trg_slope
                0x00149658                set_trg_delay
                0x00149698                trg_delay_down
                0x001496e0                trg_delay_up
                0x0014972c                adjust_trg_delay
                0x001497dc                display_trg_delay
                0x001499e0                cvt_num_field
 .text          0x00149b68        0x0 obj/default/stubfncs.o
 .text          0x00149b68      0x138 obj/default/testcode.o
                0x00149b68                get_test_sample
 .text          0x00149ca0      0xe5c obj/default/tracutil.o
                0x00149ca0                init_trace
                0x00149d04                set_mode
                0x00149d3c                is_sampling
                0x00149d5c                trace_rdy
                0x00149d94                trace_done
                0x00149dd4                trace_rearm
                0x00149dfc                set_trace_size
                0x00149e28                set_display_scale
                0x0014a1f4                clear_saved_areas
                0x0014a394                restore_menu_trace
                0x0014a498                set_save_area
                0x0014a558                restore_trace
                0x0014a668                do_trace
                0x0014a6b0                plot_trace
 .text          0x0014aafc      0x5e0 obj/default/keyint.o
                0x0014aafc                key_int_installer
                0x0014b02c                key_available
                0x0014b064                getkey
 .text          0x0014b0dc      0x7f8 obj/default/testadc.o
                0x0014b0dc                adc_int_installer
                0x0014b214                adc_int_handler
                0x0014b3ac                draw_trace
                0x0014b49c                draw_grid
                0x0014b5b8                clear_display_x
                0x0014b608                clear_display
                0x0014b658                plot_pixel
                0x0014b6c0                set_sample_rate
                0x0014b708                set_trigger
                0x0014b774                set_delay
                0x0014b7ac                start_sample
                0x0014b884                sample_done
 .text          0x0014b8d4      0x138 obj/default/testdisp.o
                0x0014b8d4                test_disp
 .text          0x0014ba0c       0xb8 obj/default/testvram.o
                0x0014ba0c                test_vram
 .text          0x0014bac4       0xf8 d:/program files/nios2eds/bin/gnu/h-i686-mingw32/bin/../lib/gcc/nios2-elf/4.7.3/../../../../../H-i686-mingw32/nios2-elf/lib\libc.a(lib_a-memcpy.o)
                0x0014bac4                memcpy
 .text          0x0014bbbc      0x1d8 ../osc_bsp/\libhal_bsp.a(alt_iic.o)
                0x0014bbbc                alt_ic_isr_register
                0x0014bc0c                alt_ic_irq_enable
                0x0014bca8                alt_ic_irq_disable
                0x0014bd48                alt_ic_irq_enabled
 .text          0x0014bd94       0xf0 ../osc_bsp/\libhal_bsp.a(alt_iic_isr_register.o)
                0x0014bd94                alt_iic_isr_register
 .text          0x0014be84        0x0 ../osc_bsp/\libhal_bsp.a(alt_irq_entry.o)
 .text          0x0014be84        0x0 ../osc_bsp/\libhal_bsp.a(alt_irq_handler.o)
 .text          0x0014be84        0x0 ../osc_bsp/\libhal_bsp.a(alt_irq_vars.o)
 .text          0x0014be84       0x5c ../osc_bsp/\libhal_bsp.a(alt_main.o)
                0x0014be84                alt_main
 .text          0x0014bee0       0x54 ../osc_bsp/\libhal_bsp.a(alt_sys_init.o)
                0x0014bee0                alt_irq_init
                0x0014bf14                alt_sys_init
 .text          0x0014bf34      0x118 ../osc_bsp/\libhal_bsp.a(alt_close.o)
                0x0014bf84                close
 .text          0x0014c04c       0x2c ../osc_bsp/\libhal_bsp.a(alt_dev.o)
 .text          0x0014c078       0x5c ../osc_bsp/\libhal_bsp.a(alt_do_ctors.o)
                0x0014c078                _do_ctors
 .text          0x0014c0d4       0x5c ../osc_bsp/\libhal_bsp.a(alt_do_dtors.o)
                0x0014c0d4                _do_dtors
 .text          0x0014c130        0x0 ../osc_bsp/\libhal_bsp.a(alt_errno.o)
 .text          0x0014c130        0x0 ../osc_bsp/\libhal_bsp.a(alt_exception_entry.o)
 .text          0x0014c130       0x60 ../osc_bsp/\libhal_bsp.a(alt_release_fd.o)
                0x0014c130                alt_release_fd
 .text          0x0014c190       0x20 ../osc_bsp/\libhal_bsp.a(altera_nios2_qsys_irq.o)
                0x0014c190                altera_nios2_qsys_irq_init
 .text          0x0014c1b0       0x14 d:/program files/nios2eds/bin/gnu/h-i686-mingw32/bin/../lib/gcc/nios2-elf/4.7.3/../../../../../H-i686-mingw32/nios2-elf/lib\libc.a(lib_a-atexit.o)
                0x0014c1b0                atexit
 .text          0x0014c1c4       0x38 d:/program files/nios2eds/bin/gnu/h-i686-mingw32/bin/../lib/gcc/nios2-elf/4.7.3/../../../../../H-i686-mingw32/nios2-elf/lib\libc.a(lib_a-exit.o)
                0x0014c1c4                exit
 .text          0x0014c1fc        0x0 d:/program files/nios2eds/bin/gnu/h-i686-mingw32/bin/../lib/gcc/nios2-elf/4.7.3/../../../../../H-i686-mingw32/nios2-elf/lib\libc.a(lib_a-impure.o)
 .text          0x0014c1fc        0x0 d:/program files/nios2eds/bin/gnu/h-i686-mingw32/bin/../lib/gcc/nios2-elf/4.7.3/../../../../../H-i686-mingw32/nios2-elf/lib\libc.a(lib_a-int_errno.o)
 .text          0x0014c1fc      0x130 d:/program files/nios2eds/bin/gnu/h-i686-mingw32/bin/../lib/gcc/nios2-elf/4.7.3/../../../../../H-i686-mingw32/nios2-elf/lib\libc.a(lib_a-__atexit.o)
                0x0014c1fc                __register_exitproc
 .text          0x0014c32c      0x1a0 d:/program files/nios2eds/bin/gnu/h-i686-mingw32/bin/../lib/gcc/nios2-elf/4.7.3/../../../../../H-i686-mingw32/nios2-elf/lib\libc.a(lib_a-__call_atexit.o)
                0x0014c32c                __call_exitprocs
 .text          0x0014c4cc       0x3c ../osc_bsp/\libhal_bsp.a(alt_exit.o)
                0x0014c4cc                _exit
 *(.gnu.warning.*)
 *(.fini)
                0x0014c508                PROVIDE (__etext, ABSOLUTE (.))
                0x0014c508                PROVIDE (_etext, ABSOLUTE (.))
                0x0014c508                PROVIDE (etext, ABSOLUTE (.))
 *(.eh_frame_hdr)
                0x0014c508                . = ALIGN (0x4)
                0x0014c508                PROVIDE (__preinit_array_start, ABSOLUTE (.))
 *(.preinit_array)
                0x0014c508                PROVIDE (__preinit_array_end, ABSOLUTE (.))
                0x0014c508                PROVIDE (__init_array_start, ABSOLUTE (.))
 *(.init_array)
                0x0014c508                PROVIDE (__init_array_end, ABSOLUTE (.))
                0x0014c508                PROVIDE (__fini_array_start, ABSOLUTE (.))
 *(.fini_array)
                0x0014c508                PROVIDE (__fini_array_end, ABSOLUTE (.))
 *(.eh_frame)
 *(.gcc_except_table .gcc_except_table.*)
 *(.dynamic)
                0x0014c508                PROVIDE (__CTOR_LIST__, ABSOLUTE (.))
 *(.ctors)
 *(SORT(.ctors.*))
                0x0014c508                PROVIDE (__CTOR_END__, ABSOLUTE (.))
                0x0014c508                PROVIDE (__DTOR_LIST__, ABSOLUTE (.))
 *(.dtors)
 *(SORT(.dtors.*))
                0x0014c508                PROVIDE (__DTOR_END__, ABSOLUTE (.))
 *(.jcr)
                0x0014c508                . = ALIGN (0x4)

.rodata         0x0014c508      0x76c
                0x0014c508                PROVIDE (__ram_rodata_start, ABSOLUTE (.))
                0x0014c508                . = ALIGN (0x4)
 *(.rodata .rodata.* .gnu.linkonce.r.*)
 .rodata        0x0014c508      0x380 obj/default/char57.o
                0x0014c508                char_patterns
 .rodata        0x0014c888       0xa8 obj/default/menu.o
                0x0014c8c0                menu
 .rodata        0x0014c930      0x154 obj/default/menuact.o
                0x0014c9b8                sweep_rates
 .rodata        0x0014ca84      0x1e0 obj/default/testcode.o
 .rodata        0x0014cc64        0xc ../osc_bsp/\libhal_bsp.a(alt_dev.o)
 .rodata.str1.4
                0x0014cc70        0x4 d:/program files/nios2eds/bin/gnu/h-i686-mingw32/bin/../lib/gcc/nios2-elf/4.7.3/../../../../../H-i686-mingw32/nios2-elf/lib\libc.a(lib_a-impure.o)
 *(.rodata1)
                0x0014cc74                . = ALIGN (0x4)
                0x0014cc74                PROVIDE (__ram_rodata_end, ABSOLUTE (.))
                0x0014c508                PROVIDE (__flash_rodata_start, LOADADDR (.rodata))

.rwdata         0x0014cc80      0x9ac
                0x0014cc80                PROVIDE (__ram_rwdata_start, ABSOLUTE (.))
                0x0014cc80                . = ALIGN (0x4)
 *(.got.plt)
 *(.got)
 *(.data1)
 *(.data .data.* .gnu.linkonce.d.*)
 .data          0x0014cc80        0x0 ../osc_bsp//obj/HAL/src/crt0.o
 .data          0x0014cc80        0x0 obj/default/char57.o
 .data          0x0014cc80        0x0 obj/default/keyproc.o
 .data          0x0014cc80        0x0 obj/default/lcdout.o
 .data          0x0014cc80        0x0 obj/default/mainloop.o
 .data          0x0014cc80        0x0 obj/default/menu.o
 .data          0x0014cc80        0x0 obj/default/menuact.o
 .data          0x0014cc80        0x0 obj/default/stubfncs.o
 .data          0x0014cc80        0x0 obj/default/testcode.o
 .data          0x0014cc80        0x0 obj/default/tracutil.o
 .data          0x0014cc80       0x20 obj/default/keyint.o
 .data          0x0014cca0      0x3c0 obj/default/testadc.o
 .data          0x0014d060        0x0 obj/default/testdisp.o
 .data          0x0014d060        0x0 obj/default/testvram.o
 .data          0x0014d060        0x0 d:/program files/nios2eds/bin/gnu/h-i686-mingw32/bin/../lib/gcc/nios2-elf/4.7.3/../../../../../H-i686-mingw32/nios2-elf/lib\libc.a(lib_a-memcpy.o)
 .data          0x0014d060        0x0 ../osc_bsp/\libhal_bsp.a(alt_iic.o)
 .data          0x0014d060        0x0 ../osc_bsp/\libhal_bsp.a(alt_iic_isr_register.o)
 .data          0x0014d060        0x0 ../osc_bsp/\libhal_bsp.a(alt_irq_entry.o)
 .data          0x0014d060        0x0 ../osc_bsp/\libhal_bsp.a(alt_irq_handler.o)
 .data          0x0014d060        0x0 ../osc_bsp/\libhal_bsp.a(alt_irq_vars.o)
 .data          0x0014d060        0x0 ../osc_bsp/\libhal_bsp.a(alt_main.o)
 .data          0x0014d060        0x0 ../osc_bsp/\libhal_bsp.a(alt_sys_init.o)
 .data          0x0014d060        0x0 ../osc_bsp/\libhal_bsp.a(alt_close.o)
 .data          0x0014d060      0x1a8 ../osc_bsp/\libhal_bsp.a(alt_dev.o)
                0x0014d060                alt_dev_null
                0x0014d088                alt_fd_list
 .data          0x0014d208        0x0 ../osc_bsp/\libhal_bsp.a(alt_do_ctors.o)
 .data          0x0014d208        0x0 ../osc_bsp/\libhal_bsp.a(alt_do_dtors.o)
 .data          0x0014d208        0x0 ../osc_bsp/\libhal_bsp.a(alt_errno.o)
 .data          0x0014d208        0x0 ../osc_bsp/\libhal_bsp.a(alt_exception_entry.o)
 .data          0x0014d208        0x0 ../osc_bsp/\libhal_bsp.a(alt_release_fd.o)
 .data          0x0014d208        0x0 ../osc_bsp/\libhal_bsp.a(altera_nios2_qsys_irq.o)
 .data          0x0014d208        0x0 d:/program files/nios2eds/bin/gnu/h-i686-mingw32/bin/../lib/gcc/nios2-elf/4.7.3/../../../../../H-i686-mingw32/nios2-elf/lib\libc.a(lib_a-atexit.o)
 .data          0x0014d208        0x0 d:/program files/nios2eds/bin/gnu/h-i686-mingw32/bin/../lib/gcc/nios2-elf/4.7.3/../../../../../H-i686-mingw32/nios2-elf/lib\libc.a(lib_a-exit.o)
 .data          0x0014d208      0x400 d:/program files/nios2eds/bin/gnu/h-i686-mingw32/bin/../lib/gcc/nios2-elf/4.7.3/../../../../../H-i686-mingw32/nios2-elf/lib\libc.a(lib_a-impure.o)
 .data          0x0014d608        0x0 d:/program files/nios2eds/bin/gnu/h-i686-mingw32/bin/../lib/gcc/nios2-elf/4.7.3/../../../../../H-i686-mingw32/nios2-elf/lib\libc.a(lib_a-int_errno.o)
 .data          0x0014d608        0x0 d:/program files/nios2eds/bin/gnu/h-i686-mingw32/bin/../lib/gcc/nios2-elf/4.7.3/../../../../../H-i686-mingw32/nios2-elf/lib\libc.a(lib_a-__atexit.o)
 .data          0x0014d608        0x0 d:/program files/nios2eds/bin/gnu/h-i686-mingw32/bin/../lib/gcc/nios2-elf/4.7.3/../../../../../H-i686-mingw32/nios2-elf/lib\libc.a(lib_a-__call_atexit.o)
 .data          0x0014d608        0x0 ../osc_bsp/\libhal_bsp.a(alt_exit.o)
                0x00155608                _gp = ABSOLUTE ((. + 0x8000))
                0x00155608                PROVIDE (gp, _gp)
 *(.rwdata .rwdata.*)
 *(.sdata .sdata.* .gnu.linkonce.s.*)
 .sdata         0x0014d608        0x4 ../osc_bsp/\libhal_bsp.a(alt_irq_vars.o)
                0x0014d608                alt_priority_mask
 .sdata         0x0014d60c       0x14 ../osc_bsp/\libhal_bsp.a(alt_dev.o)
                0x0014d60c                alt_fs_list
                0x0014d614                alt_dev_list
                0x0014d61c                alt_max_fd
 .sdata         0x0014d620        0x4 ../osc_bsp/\libhal_bsp.a(alt_errno.o)
                0x0014d620                alt_errno
 .sdata         0x0014d624        0x8 d:/program files/nios2eds/bin/gnu/h-i686-mingw32/bin/../lib/gcc/nios2-elf/4.7.3/../../../../../H-i686-mingw32/nios2-elf/lib\libc.a(lib_a-impure.o)
                0x0014d624                _global_impure_ptr
                0x0014d628                _impure_ptr
 *(.sdata2 .sdata2.* .gnu.linkonce.s2.*)
                0x0014d62c                . = ALIGN (0x4)
                0x0014d62c                _edata = ABSOLUTE (.)
                0x0014d62c                PROVIDE (edata, ABSOLUTE (.))
                0x0014d62c                PROVIDE (__ram_rwdata_end, ABSOLUTE (.))
                0x0014cc80                PROVIDE (__flash_rwdata_start, LOADADDR (.rwdata))

.bss            0x0014d62c      0x918
                0x0014d62c                __bss_start = ABSOLUTE (.)
                0x0014d62c                PROVIDE (__sbss_start, ABSOLUTE (.))
                0x0014d62c                PROVIDE (___sbss_start, ABSOLUTE (.))
 *(.dynsbss)
 *(.sbss .sbss.* .gnu.linkonce.sb.*)
 .sbss          0x0014d62c        0x8 obj/default/menu.o
                0x0014d62c                menu_entry
                0x0014d630                menu_display
 .sbss          0x0014d634       0x18 obj/default/menuact.o
                0x0014d634                trigger_mode
                0x0014d638                level
                0x0014d63c                sweep
                0x0014d640                delay
                0x0014d644                scale
                0x0014d648                slope
 .sbss          0x0014d64c       0x20 obj/default/tracutil.o
                0x0014d64c                cur_scale
                0x0014d650                trace_status
                0x0014d654                saved_end_y
                0x0014d658                saved_pos_y
                0x0014d65c                sample_size
                0x0014d660                saved_end_x
                0x0014d664                saved_pos_x
                0x0014d668                sampling
 .sbss          0x0014d66c        0x4 ../osc_bsp/\libhal_bsp.a(alt_irq_vars.o)
                0x0014d66c                alt_irq_active
 .sbss          0x0014d670        0xc ../osc_bsp/\libhal_bsp.a(alt_main.o)
                0x0014d670                alt_argc
                0x0014d674                alt_argv
                0x0014d678                alt_envp
 .sbss          0x0014d67c        0x4 d:/program files/nios2eds/bin/gnu/h-i686-mingw32/bin/../lib/gcc/nios2-elf/4.7.3/../../../../../H-i686-mingw32/nios2-elf/lib\libc.a(lib_a-int_errno.o)
                0x0014d67c                errno
 *(.sbss2 .sbss2.* .gnu.linkonce.sb2.*)
 *(.scommon)
                0x0014d680                PROVIDE (__sbss_end, ABSOLUTE (.))
                0x0014d680                PROVIDE (___sbss_end, ABSOLUTE (.))
 *(.dynbss)
 *(.bss .bss.* .gnu.linkonce.b.*)
 .bss           0x0014d680        0x0 ../osc_bsp//obj/HAL/src/crt0.o
 .bss           0x0014d680        0x0 obj/default/char57.o
 .bss           0x0014d680        0x0 obj/default/keyproc.o
 .bss           0x0014d680        0x0 obj/default/lcdout.o
 .bss           0x0014d680        0x0 obj/default/mainloop.o
 .bss           0x0014d680        0x0 obj/default/menu.o
 .bss           0x0014d680        0x0 obj/default/menuact.o
 .bss           0x0014d680        0x0 obj/default/stubfncs.o
 .bss           0x0014d680        0x0 obj/default/testcode.o
 .bss           0x0014d680        0x0 obj/default/tracutil.o
 .bss           0x0014d680        0x0 obj/default/keyint.o
 .bss           0x0014d680        0x0 obj/default/testadc.o
 .bss           0x0014d680        0x0 obj/default/testdisp.o
 .bss           0x0014d680        0x0 obj/default/testvram.o
 .bss           0x0014d680        0x0 d:/program files/nios2eds/bin/gnu/h-i686-mingw32/bin/../lib/gcc/nios2-elf/4.7.3/../../../../../H-i686-mingw32/nios2-elf/lib\libc.a(lib_a-memcpy.o)
 .bss           0x0014d680        0x0 ../osc_bsp/\libhal_bsp.a(alt_iic.o)
 .bss           0x0014d680        0x0 ../osc_bsp/\libhal_bsp.a(alt_iic_isr_register.o)
 .bss           0x0014d680        0x0 ../osc_bsp/\libhal_bsp.a(alt_irq_entry.o)
 .bss           0x0014d680        0x0 ../osc_bsp/\libhal_bsp.a(alt_irq_handler.o)
 .bss           0x0014d680        0x0 ../osc_bsp/\libhal_bsp.a(alt_irq_vars.o)
 .bss           0x0014d680        0x0 ../osc_bsp/\libhal_bsp.a(alt_main.o)
 .bss           0x0014d680        0x0 ../osc_bsp/\libhal_bsp.a(alt_sys_init.o)
 .bss           0x0014d680        0x0 ../osc_bsp/\libhal_bsp.a(alt_close.o)
 .bss           0x0014d680        0x0 ../osc_bsp/\libhal_bsp.a(alt_dev.o)
 .bss           0x0014d680        0x0 ../osc_bsp/\libhal_bsp.a(alt_do_ctors.o)
 .bss           0x0014d680        0x0 ../osc_bsp/\libhal_bsp.a(alt_do_dtors.o)
 .bss           0x0014d680        0x0 ../osc_bsp/\libhal_bsp.a(alt_errno.o)
 .bss           0x0014d680        0x0 ../osc_bsp/\libhal_bsp.a(alt_exception_entry.o)
 .bss           0x0014d680        0x0 ../osc_bsp/\libhal_bsp.a(alt_release_fd.o)
 .bss           0x0014d680        0x0 ../osc_bsp/\libhal_bsp.a(altera_nios2_qsys_irq.o)
 .bss           0x0014d680        0x0 d:/program files/nios2eds/bin/gnu/h-i686-mingw32/bin/../lib/gcc/nios2-elf/4.7.3/../../../../../H-i686-mingw32/nios2-elf/lib\libc.a(lib_a-atexit.o)
 .bss           0x0014d680        0x0 d:/program files/nios2eds/bin/gnu/h-i686-mingw32/bin/../lib/gcc/nios2-elf/4.7.3/../../../../../H-i686-mingw32/nios2-elf/lib\libc.a(lib_a-exit.o)
 .bss           0x0014d680        0x0 d:/program files/nios2eds/bin/gnu/h-i686-mingw32/bin/../lib/gcc/nios2-elf/4.7.3/../../../../../H-i686-mingw32/nios2-elf/lib\libc.a(lib_a-impure.o)
 .bss           0x0014d680        0x0 d:/program files/nios2eds/bin/gnu/h-i686-mingw32/bin/../lib/gcc/nios2-elf/4.7.3/../../../../../H-i686-mingw32/nios2-elf/lib\libc.a(lib_a-int_errno.o)
 .bss           0x0014d680        0x0 d:/program files/nios2eds/bin/gnu/h-i686-mingw32/bin/../lib/gcc/nios2-elf/4.7.3/../../../../../H-i686-mingw32/nios2-elf/lib\libc.a(lib_a-__atexit.o)
 .bss           0x0014d680        0x0 d:/program files/nios2eds/bin/gnu/h-i686-mingw32/bin/../lib/gcc/nios2-elf/4.7.3/../../../../../H-i686-mingw32/nios2-elf/lib\libc.a(lib_a-__call_atexit.o)
 .bss           0x0014d680        0x0 ../osc_bsp/\libhal_bsp.a(alt_exit.o)
 *(COMMON)
 COMMON         0x0014d680      0x632 obj/default/tracutil.o
                0x0014d680                saved_menu
                0x0014d920                saved_axis_y
                0x0014da96                saved_axis_x
                0x0014dbc2                saved_area
 *fill*         0x0014dcb2        0x2 
 COMMON         0x0014dcb4      0x100 ../osc_bsp/\libhal_bsp.a(alt_irq_handler.o)
                0x0014dcb4                alt_irq
 COMMON         0x0014ddb4      0x190 d:/program files/nios2eds/bin/gnu/h-i686-mingw32/bin/../lib/gcc/nios2-elf/4.7.3/../../../../../H-i686-mingw32/nios2-elf/lib\libc.a(lib_a-atexit.o)
                0x0014ddb4                _atexit0
                0x0014df44                . = ALIGN (0x4)
                0x0014df44                __bss_end = ABSOLUTE (.)

.VRAM_ctrl      0x00080000        0x0
                0x00080000                PROVIDE (_alt_partition_VRAM_ctrl_start, ABSOLUTE (.))
 *(.VRAM_ctrl .VRAM_ctrl. VRAM_ctrl.*)
                0x00080000                . = ALIGN (0x4)
                0x00080000                PROVIDE (_alt_partition_VRAM_ctrl_end, ABSOLUTE (.))
                0x00080000                PROVIDE (_alt_partition_VRAM_ctrl_load_addr, LOADADDR (.VRAM_ctrl))

.RAM_ctrl       0x00120000        0x0
                0x00120000                PROVIDE (_alt_partition_RAM_ctrl_start, ABSOLUTE (.))
 *(.RAM_ctrl .RAM_ctrl. RAM_ctrl.*)
                0x00120000                . = ALIGN (0x4)
                0x00120000                PROVIDE (_alt_partition_RAM_ctrl_end, ABSOLUTE (.))
                0x00120000                PROVIDE (_alt_partition_RAM_ctrl_load_addr, LOADADDR (.RAM_ctrl))

.ROM_ctrl       0x00130000        0x0
                0x00130000                PROVIDE (_alt_partition_ROM_ctrl_start, ABSOLUTE (.))
 *(.ROM_ctrl .ROM_ctrl. ROM_ctrl.*)
                0x00130000                . = ALIGN (0x4)
                0x00130000                PROVIDE (_alt_partition_ROM_ctrl_end, ABSOLUTE (.))
                0x00130000                PROVIDE (_alt_partition_ROM_ctrl_load_addr, LOADADDR (.ROM_ctrl))

.ONCHIP_mem     0x0014df44        0x0
                0x0014df44                PROVIDE (_alt_partition_ONCHIP_mem_start, ABSOLUTE (.))
 *(.ONCHIP_mem .ONCHIP_mem. ONCHIP_mem.*)
                0x0014df44                . = ALIGN (0x4)
                0x0014df44                PROVIDE (_alt_partition_ONCHIP_mem_end, ABSOLUTE (.))
                0x0014df44                _end = ABSOLUTE (.)
                0x0014df44                end = ABSOLUTE (.)
                0x0014df44                __alt_stack_base = ABSOLUTE (.)
                0x0014df44                PROVIDE (_alt_partition_ONCHIP_mem_load_addr, LOADADDR (.ONCHIP_mem))

.stab
 *(.stab)

.stabstr
 *(.stabstr)

.stab.excl
 *(.stab.excl)

.stab.exclstr
 *(.stab.exclstr)

.stab.index
 *(.stab.index)

.stab.indexstr
 *(.stab.indexstr)

.comment        0x00000000       0x23
 *(.comment)
 .comment       0x00000000       0x23 obj/default/char57.o
                                 0x24 (size before relaxing)
 .comment       0x00000000       0x24 obj/default/keyproc.o
 .comment       0x00000000       0x24 obj/default/lcdout.o
 .comment       0x00000000       0x24 obj/default/mainloop.o
 .comment       0x00000000       0x24 obj/default/menu.o
 .comment       0x00000000       0x24 obj/default/menuact.o
 .comment       0x00000000       0x24 obj/default/stubfncs.o
 .comment       0x00000000       0x24 obj/default/testcode.o
 .comment       0x00000000       0x24 obj/default/tracutil.o
 .comment       0x00000000       0x24 d:/program files/nios2eds/bin/gnu/h-i686-mingw32/bin/../lib/gcc/nios2-elf/4.7.3/../../../../../H-i686-mingw32/nios2-elf/lib\libc.a(lib_a-memcpy.o)
 .comment       0x00000000       0x24 ../osc_bsp/\libhal_bsp.a(alt_iic.o)
 .comment       0x00000000       0x24 ../osc_bsp/\libhal_bsp.a(alt_iic_isr_register.o)
 .comment       0x00000000       0x24 ../osc_bsp/\libhal_bsp.a(alt_irq_handler.o)
 .comment       0x00000000       0x24 ../osc_bsp/\libhal_bsp.a(alt_irq_vars.o)
 .comment       0x00000000       0x24 ../osc_bsp/\libhal_bsp.a(alt_main.o)
 .comment       0x00000000       0x24 ../osc_bsp/\libhal_bsp.a(alt_sys_init.o)
 .comment       0x00000000       0x24 ../osc_bsp/\libhal_bsp.a(alt_close.o)
 .comment       0x00000000       0x24 ../osc_bsp/\libhal_bsp.a(alt_dev.o)
 .comment       0x00000000       0x24 ../osc_bsp/\libhal_bsp.a(alt_do_ctors.o)
 .comment       0x00000000       0x24 ../osc_bsp/\libhal_bsp.a(alt_do_dtors.o)
 .comment       0x00000000       0x24 ../osc_bsp/\libhal_bsp.a(alt_errno.o)
 .comment       0x00000000       0x24 ../osc_bsp/\libhal_bsp.a(alt_release_fd.o)
 .comment       0x00000000       0x24 ../osc_bsp/\libhal_bsp.a(altera_nios2_qsys_irq.o)
 .comment       0x00000000       0x24 d:/program files/nios2eds/bin/gnu/h-i686-mingw32/bin/../lib/gcc/nios2-elf/4.7.3/../../../../../H-i686-mingw32/nios2-elf/lib\libc.a(lib_a-atexit.o)
 .comment       0x00000000       0x24 d:/program files/nios2eds/bin/gnu/h-i686-mingw32/bin/../lib/gcc/nios2-elf/4.7.3/../../../../../H-i686-mingw32/nios2-elf/lib\libc.a(lib_a-exit.o)
 .comment       0x00000000       0x24 d:/program files/nios2eds/bin/gnu/h-i686-mingw32/bin/../lib/gcc/nios2-elf/4.7.3/../../../../../H-i686-mingw32/nios2-elf/lib\libc.a(lib_a-impure.o)
 .comment       0x00000000       0x24 d:/program files/nios2eds/bin/gnu/h-i686-mingw32/bin/../lib/gcc/nios2-elf/4.7.3/../../../../../H-i686-mingw32/nios2-elf/lib\libc.a(lib_a-int_errno.o)
 .comment       0x00000000       0x24 d:/program files/nios2eds/bin/gnu/h-i686-mingw32/bin/../lib/gcc/nios2-elf/4.7.3/../../../../../H-i686-mingw32/nios2-elf/lib\libc.a(lib_a-__atexit.o)
 .comment       0x00000000       0x24 d:/program files/nios2eds/bin/gnu/h-i686-mingw32/bin/../lib/gcc/nios2-elf/4.7.3/../../../../../H-i686-mingw32/nios2-elf/lib\libc.a(lib_a-__call_atexit.o)
 .comment       0x00000000       0x24 ../osc_bsp/\libhal_bsp.a(alt_exit.o)

.debug
 *(.debug)

.line
 *(.line)

.debug_srcinfo
 *(.debug_srcinfo)

.debug_sfnames
 *(.debug_sfnames)

.debug_aranges  0x00000000      0x480
 *(.debug_aranges)
 .debug_aranges
                0x00000000       0x20 ../osc_bsp//obj/HAL/src/crt0.o
 .debug_aranges
                0x00000020       0x18 obj/default/char57.o
 .debug_aranges
                0x00000038       0x20 obj/default/keyproc.o
 .debug_aranges
                0x00000058       0x20 obj/default/lcdout.o
 .debug_aranges
                0x00000078       0x20 obj/default/mainloop.o
 .debug_aranges
                0x00000098       0x20 obj/default/menu.o
 .debug_aranges
                0x000000b8       0x20 obj/default/menuact.o
 .debug_aranges
                0x000000d8       0x20 obj/default/testcode.o
 .debug_aranges
                0x000000f8       0x20 obj/default/tracutil.o
 .debug_aranges
                0x00000118       0x20 obj/default/keyint.o
 .debug_aranges
                0x00000138       0x20 obj/default/testadc.o
 .debug_aranges
                0x00000158       0x20 obj/default/testdisp.o
 .debug_aranges
                0x00000178       0x20 obj/default/testvram.o
 .debug_aranges
                0x00000198       0x20 d:/program files/nios2eds/bin/gnu/h-i686-mingw32/bin/../lib/gcc/nios2-elf/4.7.3/../../../../../H-i686-mingw32/nios2-elf/lib\libc.a(lib_a-memcpy.o)
 .debug_aranges
                0x000001b8       0x20 ../osc_bsp/\libhal_bsp.a(alt_iic.o)
 .debug_aranges
                0x000001d8       0x20 ../osc_bsp/\libhal_bsp.a(alt_iic_isr_register.o)
 .debug_aranges
                0x000001f8       0x30 ../osc_bsp/\libhal_bsp.a(alt_irq_entry.o)
 .debug_aranges
                0x00000228       0x20 ../osc_bsp/\libhal_bsp.a(alt_irq_handler.o)
 .debug_aranges
                0x00000248       0x18 ../osc_bsp/\libhal_bsp.a(alt_irq_vars.o)
 .debug_aranges
                0x00000260       0x20 ../osc_bsp/\libhal_bsp.a(alt_main.o)
 .debug_aranges
                0x00000280       0x20 ../osc_bsp/\libhal_bsp.a(alt_sys_init.o)
 .debug_aranges
                0x000002a0       0x20 ../osc_bsp/\libhal_bsp.a(alt_close.o)
 .debug_aranges
                0x000002c0       0x20 ../osc_bsp/\libhal_bsp.a(alt_dev.o)
 .debug_aranges
                0x000002e0       0x20 ../osc_bsp/\libhal_bsp.a(alt_do_ctors.o)
 .debug_aranges
                0x00000300       0x20 ../osc_bsp/\libhal_bsp.a(alt_do_dtors.o)
 .debug_aranges
                0x00000320       0x18 ../osc_bsp/\libhal_bsp.a(alt_errno.o)
 .debug_aranges
                0x00000338       0x38 ../osc_bsp/\libhal_bsp.a(alt_exception_entry.o)
 .debug_aranges
                0x00000370       0x20 ../osc_bsp/\libhal_bsp.a(alt_release_fd.o)
 .debug_aranges
                0x00000390       0x20 ../osc_bsp/\libhal_bsp.a(altera_nios2_qsys_irq.o)
 .debug_aranges
                0x000003b0       0x20 d:/program files/nios2eds/bin/gnu/h-i686-mingw32/bin/../lib/gcc/nios2-elf/4.7.3/../../../../../H-i686-mingw32/nios2-elf/lib\libc.a(lib_a-atexit.o)
 .debug_aranges
                0x000003d0       0x20 d:/program files/nios2eds/bin/gnu/h-i686-mingw32/bin/../lib/gcc/nios2-elf/4.7.3/../../../../../H-i686-mingw32/nios2-elf/lib\libc.a(lib_a-exit.o)
 .debug_aranges
                0x000003f0       0x18 d:/program files/nios2eds/bin/gnu/h-i686-mingw32/bin/../lib/gcc/nios2-elf/4.7.3/../../../../../H-i686-mingw32/nios2-elf/lib\libc.a(lib_a-impure.o)
 .debug_aranges
                0x00000408       0x18 d:/program files/nios2eds/bin/gnu/h-i686-mingw32/bin/../lib/gcc/nios2-elf/4.7.3/../../../../../H-i686-mingw32/nios2-elf/lib\libc.a(lib_a-int_errno.o)
 .debug_aranges
                0x00000420       0x20 d:/program files/nios2eds/bin/gnu/h-i686-mingw32/bin/../lib/gcc/nios2-elf/4.7.3/../../../../../H-i686-mingw32/nios2-elf/lib\libc.a(lib_a-__atexit.o)
 .debug_aranges
                0x00000440       0x20 d:/program files/nios2eds/bin/gnu/h-i686-mingw32/bin/../lib/gcc/nios2-elf/4.7.3/../../../../../H-i686-mingw32/nios2-elf/lib\libc.a(lib_a-__call_atexit.o)
 .debug_aranges
                0x00000460       0x20 ../osc_bsp/\libhal_bsp.a(alt_exit.o)

.debug_pubnames
 *(.debug_pubnames)

.debug_info     0x00000000     0x5b30
 *(.debug_info .gnu.linkonce.wi.*)
 .debug_info    0x00000000       0x80 ../osc_bsp//obj/HAL/src/crt0.o
 .debug_info    0x00000080       0x54 obj/default/char57.o
 .debug_info    0x000000d4      0x161 obj/default/keyproc.o
 .debug_info    0x00000235      0x2d5 obj/default/lcdout.o
 .debug_info    0x0000050a      0x1bf obj/default/mainloop.o
 .debug_info    0x000006c9      0x2c8 obj/default/menu.o
 .debug_info    0x00000991      0x713 obj/default/menuact.o
 .debug_info    0x000010a4       0xd0 obj/default/testcode.o
 .debug_info    0x00001174      0x4bf obj/default/tracutil.o
 .debug_info    0x00001633       0x76 obj/default/keyint.o
 .debug_info    0x000016a9       0x77 obj/default/testadc.o
 .debug_info    0x00001720       0x78 obj/default/testdisp.o
 .debug_info    0x00001798       0x78 obj/default/testvram.o
 .debug_info    0x00001810      0x10e d:/program files/nios2eds/bin/gnu/h-i686-mingw32/bin/../lib/gcc/nios2-elf/4.7.3/../../../../../H-i686-mingw32/nios2-elf/lib\libc.a(lib_a-memcpy.o)
 .debug_info    0x0000191e      0x364 ../osc_bsp/\libhal_bsp.a(alt_iic.o)
 .debug_info    0x00001c82      0x1f6 ../osc_bsp/\libhal_bsp.a(alt_iic_isr_register.o)
 .debug_info    0x00001e78       0x85 ../osc_bsp/\libhal_bsp.a(alt_irq_entry.o)
 .debug_info    0x00001efd      0x190 ../osc_bsp/\libhal_bsp.a(alt_irq_handler.o)
 .debug_info    0x0000208d       0x8a ../osc_bsp/\libhal_bsp.a(alt_irq_vars.o)
 .debug_info    0x00002117      0x139 ../osc_bsp/\libhal_bsp.a(alt_main.o)
 .debug_info    0x00002250       0xd7 ../osc_bsp/\libhal_bsp.a(alt_sys_init.o)
 .debug_info    0x00002327      0x350 ../osc_bsp/\libhal_bsp.a(alt_close.o)
 .debug_info    0x00002677      0x4e3 ../osc_bsp/\libhal_bsp.a(alt_dev.o)
 .debug_info    0x00002b5a       0x8d ../osc_bsp/\libhal_bsp.a(alt_do_ctors.o)
 .debug_info    0x00002be7       0x8d ../osc_bsp/\libhal_bsp.a(alt_do_dtors.o)
 .debug_info    0x00002c74       0xa3 ../osc_bsp/\libhal_bsp.a(alt_errno.o)
 .debug_info    0x00002d17       0x8b ../osc_bsp/\libhal_bsp.a(alt_exception_entry.o)
 .debug_info    0x00002da2      0x2dd ../osc_bsp/\libhal_bsp.a(alt_release_fd.o)
 .debug_info    0x0000307f       0x90 ../osc_bsp/\libhal_bsp.a(altera_nios2_qsys_irq.o)
 .debug_info    0x0000310f      0x1e6 d:/program files/nios2eds/bin/gnu/h-i686-mingw32/bin/../lib/gcc/nios2-elf/4.7.3/../../../../../H-i686-mingw32/nios2-elf/lib\libc.a(lib_a-atexit.o)
 .debug_info    0x000032f5      0x993 d:/program files/nios2eds/bin/gnu/h-i686-mingw32/bin/../lib/gcc/nios2-elf/4.7.3/../../../../../H-i686-mingw32/nios2-elf/lib\libc.a(lib_a-exit.o)
 .debug_info    0x00003c88      0x938 d:/program files/nios2eds/bin/gnu/h-i686-mingw32/bin/../lib/gcc/nios2-elf/4.7.3/../../../../../H-i686-mingw32/nios2-elf/lib\libc.a(lib_a-impure.o)
 .debug_info    0x000045c0       0x84 d:/program files/nios2eds/bin/gnu/h-i686-mingw32/bin/../lib/gcc/nios2-elf/4.7.3/../../../../../H-i686-mingw32/nios2-elf/lib\libc.a(lib_a-int_errno.o)
 .debug_info    0x00004644      0x9f9 d:/program files/nios2eds/bin/gnu/h-i686-mingw32/bin/../lib/gcc/nios2-elf/4.7.3/../../../../../H-i686-mingw32/nios2-elf/lib\libc.a(lib_a-__atexit.o)
 .debug_info    0x0000503d      0xa07 d:/program files/nios2eds/bin/gnu/h-i686-mingw32/bin/../lib/gcc/nios2-elf/4.7.3/../../../../../H-i686-mingw32/nios2-elf/lib\libc.a(lib_a-__call_atexit.o)
 .debug_info    0x00005a44       0xec ../osc_bsp/\libhal_bsp.a(alt_exit.o)

.debug_abbrev   0x00000000     0x1c0c
 *(.debug_abbrev)
 .debug_abbrev  0x00000000       0x14 ../osc_bsp//obj/HAL/src/crt0.o
 .debug_abbrev  0x00000014       0x45 obj/default/char57.o
 .debug_abbrev  0x00000059       0xce obj/default/keyproc.o
 .debug_abbrev  0x00000127      0x112 obj/default/lcdout.o
 .debug_abbrev  0x00000239       0xe2 obj/default/mainloop.o
 .debug_abbrev  0x0000031b      0x14a obj/default/menu.o
 .debug_abbrev  0x00000465      0x1ae obj/default/menuact.o
 .debug_abbrev  0x00000613       0x84 obj/default/testcode.o
 .debug_abbrev  0x00000697      0x15a obj/default/tracutil.o
 .debug_abbrev  0x000007f1       0x14 obj/default/keyint.o
 .debug_abbrev  0x00000805       0x14 obj/default/testadc.o
 .debug_abbrev  0x00000819       0x14 obj/default/testdisp.o
 .debug_abbrev  0x0000082d       0x14 obj/default/testvram.o
 .debug_abbrev  0x00000841       0x9c d:/program files/nios2eds/bin/gnu/h-i686-mingw32/bin/../lib/gcc/nios2-elf/4.7.3/../../../../../H-i686-mingw32/nios2-elf/lib\libc.a(lib_a-memcpy.o)
 .debug_abbrev  0x000008dd      0x16a ../osc_bsp/\libhal_bsp.a(alt_iic.o)
 .debug_abbrev  0x00000a47      0x169 ../osc_bsp/\libhal_bsp.a(alt_iic_isr_register.o)
 .debug_abbrev  0x00000bb0       0x12 ../osc_bsp/\libhal_bsp.a(alt_irq_entry.o)
 .debug_abbrev  0x00000bc2      0x124 ../osc_bsp/\libhal_bsp.a(alt_irq_handler.o)
 .debug_abbrev  0x00000ce6       0x40 ../osc_bsp/\libhal_bsp.a(alt_irq_vars.o)
 .debug_abbrev  0x00000d26       0xba ../osc_bsp/\libhal_bsp.a(alt_main.o)
 .debug_abbrev  0x00000de0       0x95 ../osc_bsp/\libhal_bsp.a(alt_sys_init.o)
 .debug_abbrev  0x00000e75      0x11f ../osc_bsp/\libhal_bsp.a(alt_close.o)
 .debug_abbrev  0x00000f94       0xd9 ../osc_bsp/\libhal_bsp.a(alt_dev.o)
 .debug_abbrev  0x0000106d       0x79 ../osc_bsp/\libhal_bsp.a(alt_do_ctors.o)
 .debug_abbrev  0x000010e6       0x79 ../osc_bsp/\libhal_bsp.a(alt_do_dtors.o)
 .debug_abbrev  0x0000115f       0x5a ../osc_bsp/\libhal_bsp.a(alt_errno.o)
 .debug_abbrev  0x000011b9       0x12 ../osc_bsp/\libhal_bsp.a(alt_exception_entry.o)
 .debug_abbrev  0x000011cb       0xde ../osc_bsp/\libhal_bsp.a(alt_release_fd.o)
 .debug_abbrev  0x000012a9       0x42 ../osc_bsp/\libhal_bsp.a(altera_nios2_qsys_irq.o)
 .debug_abbrev  0x000012eb      0x106 d:/program files/nios2eds/bin/gnu/h-i686-mingw32/bin/../lib/gcc/nios2-elf/4.7.3/../../../../../H-i686-mingw32/nios2-elf/lib\libc.a(lib_a-atexit.o)
 .debug_abbrev  0x000013f1      0x1c8 d:/program files/nios2eds/bin/gnu/h-i686-mingw32/bin/../lib/gcc/nios2-elf/4.7.3/../../../../../H-i686-mingw32/nios2-elf/lib\libc.a(lib_a-exit.o)
 .debug_abbrev  0x000015b9      0x162 d:/program files/nios2eds/bin/gnu/h-i686-mingw32/bin/../lib/gcc/nios2-elf/4.7.3/../../../../../H-i686-mingw32/nios2-elf/lib\libc.a(lib_a-impure.o)
 .debug_abbrev  0x0000171b       0x37 d:/program files/nios2eds/bin/gnu/h-i686-mingw32/bin/../lib/gcc/nios2-elf/4.7.3/../../../../../H-i686-mingw32/nios2-elf/lib\libc.a(lib_a-int_errno.o)
 .debug_abbrev  0x00001752      0x211 d:/program files/nios2eds/bin/gnu/h-i686-mingw32/bin/../lib/gcc/nios2-elf/4.7.3/../../../../../H-i686-mingw32/nios2-elf/lib\libc.a(lib_a-__atexit.o)
 .debug_abbrev  0x00001963      0x203 d:/program files/nios2eds/bin/gnu/h-i686-mingw32/bin/../lib/gcc/nios2-elf/4.7.3/../../../../../H-i686-mingw32/nios2-elf/lib\libc.a(lib_a-__call_atexit.o)
 .debug_abbrev  0x00001b66       0xa6 ../osc_bsp/\libhal_bsp.a(alt_exit.o)

.debug_line     0x00000000     0x209d
 *(.debug_line)
 .debug_line    0x00000000       0x51 ../osc_bsp//obj/HAL/src/crt0.o
 .debug_line    0x00000051       0x29 obj/default/char57.o
 .debug_line    0x0000007a       0x75 obj/default/keyproc.o
 .debug_line    0x000000ef       0xf4 obj/default/lcdout.o
 .debug_line    0x000001e3       0x97 obj/default/mainloop.o
 .debug_line    0x0000027a       0xdf obj/default/menu.o
 .debug_line    0x00000359      0x1cf obj/default/menuact.o
 .debug_line    0x00000528        0x0 obj/default/stubfncs.o
 .debug_line    0x00000528       0x5f obj/default/testcode.o
 .debug_line    0x00000587      0x28f obj/default/tracutil.o
 .debug_line    0x00000816      0x104 obj/default/keyint.o
 .debug_line    0x0000091a      0x154 obj/default/testadc.o
 .debug_line    0x00000a6e       0x88 obj/default/testdisp.o
 .debug_line    0x00000af6       0x62 obj/default/testvram.o
 .debug_line    0x00000b58      0x13d d:/program files/nios2eds/bin/gnu/h-i686-mingw32/bin/../lib/gcc/nios2-elf/4.7.3/../../../../../H-i686-mingw32/nios2-elf/lib\libc.a(lib_a-memcpy.o)
 .debug_line    0x00000c95       0xed ../osc_bsp/\libhal_bsp.a(alt_iic.o)
 .debug_line    0x00000d82       0xdb ../osc_bsp/\libhal_bsp.a(alt_iic_isr_register.o)
 .debug_line    0x00000e5d       0x6b ../osc_bsp/\libhal_bsp.a(alt_irq_entry.o)
 .debug_line    0x00000ec8       0xae ../osc_bsp/\libhal_bsp.a(alt_irq_handler.o)
 .debug_line    0x00000f76       0x50 ../osc_bsp/\libhal_bsp.a(alt_irq_vars.o)
 .debug_line    0x00000fc6       0xa0 ../osc_bsp/\libhal_bsp.a(alt_main.o)
 .debug_line    0x00001066       0x6c ../osc_bsp/\libhal_bsp.a(alt_sys_init.o)
 .debug_line    0x000010d2      0x188 ../osc_bsp/\libhal_bsp.a(alt_close.o)
 .debug_line    0x0000125a      0x11b ../osc_bsp/\libhal_bsp.a(alt_dev.o)
 .debug_line    0x00001375       0x59 ../osc_bsp/\libhal_bsp.a(alt_do_ctors.o)
 .debug_line    0x000013ce       0x59 ../osc_bsp/\libhal_bsp.a(alt_do_dtors.o)
 .debug_line    0x00001427       0x51 ../osc_bsp/\libhal_bsp.a(alt_errno.o)
 .debug_line    0x00001478       0xab ../osc_bsp/\libhal_bsp.a(alt_exception_entry.o)
 .debug_line    0x00001523       0xae ../osc_bsp/\libhal_bsp.a(alt_release_fd.o)
 .debug_line    0x000015d1       0x51 ../osc_bsp/\libhal_bsp.a(altera_nios2_qsys_irq.o)
 .debug_line    0x00001622      0x16d d:/program files/nios2eds/bin/gnu/h-i686-mingw32/bin/../lib/gcc/nios2-elf/4.7.3/../../../../../H-i686-mingw32/nios2-elf/lib\libc.a(lib_a-atexit.o)
 .debug_line    0x0000178f      0x219 d:/program files/nios2eds/bin/gnu/h-i686-mingw32/bin/../lib/gcc/nios2-elf/4.7.3/../../../../../H-i686-mingw32/nios2-elf/lib\libc.a(lib_a-exit.o)
 .debug_line    0x000019a8      0x173 d:/program files/nios2eds/bin/gnu/h-i686-mingw32/bin/../lib/gcc/nios2-elf/4.7.3/../../../../../H-i686-mingw32/nios2-elf/lib\libc.a(lib_a-impure.o)
 .debug_line    0x00001b1b       0x5d d:/program files/nios2eds/bin/gnu/h-i686-mingw32/bin/../lib/gcc/nios2-elf/4.7.3/../../../../../H-i686-mingw32/nios2-elf/lib\libc.a(lib_a-int_errno.o)
 .debug_line    0x00001b78      0x250 d:/program files/nios2eds/bin/gnu/h-i686-mingw32/bin/../lib/gcc/nios2-elf/4.7.3/../../../../../H-i686-mingw32/nios2-elf/lib\libc.a(lib_a-__atexit.o)
 .debug_line    0x00001dc8      0x264 d:/program files/nios2eds/bin/gnu/h-i686-mingw32/bin/../lib/gcc/nios2-elf/4.7.3/../../../../../H-i686-mingw32/nios2-elf/lib\libc.a(lib_a-__call_atexit.o)
 .debug_line    0x0000202c       0x71 ../osc_bsp/\libhal_bsp.a(alt_exit.o)

.debug_frame    0x00000000      0xb14
 *(.debug_frame)
 .debug_frame   0x00000000       0xb8 obj/default/keyproc.o
 .debug_frame   0x000000b8       0x9c obj/default/lcdout.o
 .debug_frame   0x00000154       0x48 obj/default/mainloop.o
 .debug_frame   0x0000019c      0x128 obj/default/menu.o
 .debug_frame   0x000002c4      0x320 obj/default/menuact.o
 .debug_frame   0x000005e4       0x30 obj/default/testcode.o
 .debug_frame   0x00000614      0x198 obj/default/tracutil.o
 .debug_frame   0x000007ac       0x20 d:/program files/nios2eds/bin/gnu/h-i686-mingw32/bin/../lib/gcc/nios2-elf/4.7.3/../../../../../H-i686-mingw32/nios2-elf/lib\libc.a(lib_a-memcpy.o)
 .debug_frame   0x000007cc       0x80 ../osc_bsp/\libhal_bsp.a(alt_iic.o)
 .debug_frame   0x0000084c       0x2c ../osc_bsp/\libhal_bsp.a(alt_iic_isr_register.o)
 .debug_frame   0x00000878       0x2c ../osc_bsp/\libhal_bsp.a(alt_irq_handler.o)
 .debug_frame   0x000008a4       0x2c ../osc_bsp/\libhal_bsp.a(alt_main.o)
 .debug_frame   0x000008d0       0x48 ../osc_bsp/\libhal_bsp.a(alt_sys_init.o)
 .debug_frame   0x00000918       0x48 ../osc_bsp/\libhal_bsp.a(alt_close.o)
 .debug_frame   0x00000960       0x2c ../osc_bsp/\libhal_bsp.a(alt_dev.o)
 .debug_frame   0x0000098c       0x2c ../osc_bsp/\libhal_bsp.a(alt_do_ctors.o)
 .debug_frame   0x000009b8       0x2c ../osc_bsp/\libhal_bsp.a(alt_do_dtors.o)
 .debug_frame   0x000009e4       0x2c ../osc_bsp/\libhal_bsp.a(alt_release_fd.o)
 .debug_frame   0x00000a10       0x2c ../osc_bsp/\libhal_bsp.a(altera_nios2_qsys_irq.o)
 .debug_frame   0x00000a3c       0x20 d:/program files/nios2eds/bin/gnu/h-i686-mingw32/bin/../lib/gcc/nios2-elf/4.7.3/../../../../../H-i686-mingw32/nios2-elf/lib\libc.a(lib_a-atexit.o)
 .debug_frame   0x00000a5c       0x28 d:/program files/nios2eds/bin/gnu/h-i686-mingw32/bin/../lib/gcc/nios2-elf/4.7.3/../../../../../H-i686-mingw32/nios2-elf/lib\libc.a(lib_a-exit.o)
 .debug_frame   0x00000a84       0x2c d:/program files/nios2eds/bin/gnu/h-i686-mingw32/bin/../lib/gcc/nios2-elf/4.7.3/../../../../../H-i686-mingw32/nios2-elf/lib\libc.a(lib_a-__atexit.o)
 .debug_frame   0x00000ab0       0x38 d:/program files/nios2eds/bin/gnu/h-i686-mingw32/bin/../lib/gcc/nios2-elf/4.7.3/../../../../../H-i686-mingw32/nios2-elf/lib\libc.a(lib_a-__call_atexit.o)
 .debug_frame   0x00000ae8       0x2c ../osc_bsp/\libhal_bsp.a(alt_exit.o)

.debug_str      0x00000000     0x144f
 *(.debug_str)
 .debug_str     0x00000000       0x7e obj/default/char57.o
 .debug_str     0x0000007e       0x6a obj/default/keyproc.o
                                 0xc6 (size before relaxing)
 .debug_str     0x000000e8       0x9e obj/default/lcdout.o
                                0x136 (size before relaxing)
 .debug_str     0x00000186       0xa7 obj/default/mainloop.o
                                0x151 (size before relaxing)
 .debug_str     0x0000022d      0x159 obj/default/menu.o
                                0x1ed (size before relaxing)
 .debug_str     0x00000386      0x1fc obj/default/menuact.o
                                0x330 (size before relaxing)
 .debug_str     0x00000582       0x3a obj/default/testcode.o
                                 0xc9 (size before relaxing)
 .debug_str     0x000005bc      0x15f obj/default/tracutil.o
                                0x27f (size before relaxing)
 .debug_str     0x0000071b       0xff d:/program files/nios2eds/bin/gnu/h-i686-mingw32/bin/../lib/gcc/nios2-elf/4.7.3/../../../../../H-i686-mingw32/nios2-elf/lib\libc.a(lib_a-memcpy.o)
                                0x126 (size before relaxing)
 .debug_str     0x0000081a      0x186 ../osc_bsp/\libhal_bsp.a(alt_iic.o)
                                0x203 (size before relaxing)
 .debug_str     0x000009a0       0x4c ../osc_bsp/\libhal_bsp.a(alt_iic_isr_register.o)
                                0x1ad (size before relaxing)
 .debug_str     0x000009ec       0x3a ../osc_bsp/\libhal_bsp.a(alt_irq_handler.o)
                                0x15c (size before relaxing)
 .debug_str     0x00000a26       0x17 ../osc_bsp/\libhal_bsp.a(alt_irq_vars.o)
                                0x10b (size before relaxing)
 .debug_str     0x00000a3d       0x70 ../osc_bsp/\libhal_bsp.a(alt_main.o)
                                0x162 (size before relaxing)
 .debug_str     0x00000aad       0x47 ../osc_bsp/\libhal_bsp.a(alt_sys_init.o)
                                0x132 (size before relaxing)
 .debug_str     0x00000af4       0x97 ../osc_bsp/\libhal_bsp.a(alt_close.o)
                                0x1d0 (size before relaxing)
 .debug_str     0x00000b8b      0x120 ../osc_bsp/\libhal_bsp.a(alt_dev.o)
                                0x2ca (size before relaxing)
 .debug_str     0x00000cab       0x48 ../osc_bsp/\libhal_bsp.a(alt_do_ctors.o)
                                 0xa1 (size before relaxing)
 .debug_str     0x00000cf3       0x4c ../osc_bsp/\libhal_bsp.a(alt_do_dtors.o)
                                 0xa0 (size before relaxing)
 .debug_str     0x00000d3f       0x14 ../osc_bsp/\libhal_bsp.a(alt_errno.o)
                                0x10a (size before relaxing)
 .debug_str     0x00000d53       0x28 ../osc_bsp/\libhal_bsp.a(alt_release_fd.o)
                                0x1a4 (size before relaxing)
 .debug_str     0x00000d7b       0x3b ../osc_bsp/\libhal_bsp.a(altera_nios2_qsys_irq.o)
                                0x121 (size before relaxing)
 .debug_str     0x00000db6      0x15c d:/program files/nios2eds/bin/gnu/h-i686-mingw32/bin/../lib/gcc/nios2-elf/4.7.3/../../../../../H-i686-mingw32/nios2-elf/lib\libc.a(lib_a-atexit.o)
                                0x20f (size before relaxing)
 .debug_str     0x00000f12      0x364 d:/program files/nios2eds/bin/gnu/h-i686-mingw32/bin/../lib/gcc/nios2-elf/4.7.3/../../../../../H-i686-mingw32/nios2-elf/lib\libc.a(lib_a-exit.o)
                                0x52f (size before relaxing)
 .debug_str     0x00001276       0xd4 d:/program files/nios2eds/bin/gnu/h-i686-mingw32/bin/../lib/gcc/nios2-elf/4.7.3/../../../../../H-i686-mingw32/nios2-elf/lib\libc.a(lib_a-impure.o)
                                0x526 (size before relaxing)
 .debug_str     0x0000134a       0x3d d:/program files/nios2eds/bin/gnu/h-i686-mingw32/bin/../lib/gcc/nios2-elf/4.7.3/../../../../../H-i686-mingw32/nios2-elf/lib\libc.a(lib_a-int_errno.o)
                                0x16f (size before relaxing)
 .debug_str     0x00001387       0x3d d:/program files/nios2eds/bin/gnu/h-i686-mingw32/bin/../lib/gcc/nios2-elf/4.7.3/../../../../../H-i686-mingw32/nios2-elf/lib\libc.a(lib_a-__atexit.o)
                                0x573 (size before relaxing)
 .debug_str     0x000013c4       0x61 d:/program files/nios2eds/bin/gnu/h-i686-mingw32/bin/../lib/gcc/nios2-elf/4.7.3/../../../../../H-i686-mingw32/nios2-elf/lib\libc.a(lib_a-__call_atexit.o)
                                0x551 (size before relaxing)
 .debug_str     0x00001425       0x2a ../osc_bsp/\libhal_bsp.a(alt_exit.o)
                                0x116 (size before relaxing)

.debug_loc      0x00000000     0x1417
 *(.debug_loc)
 .debug_loc     0x00000000      0x108 obj/default/keyproc.o
 .debug_loc     0x00000108       0xdc obj/default/lcdout.o
 .debug_loc     0x000001e4       0x59 obj/default/mainloop.o
 .debug_loc     0x0000023d      0x1b8 obj/default/menu.o
 .debug_loc     0x000003f5      0x4d0 obj/default/menuact.o
 .debug_loc     0x000008c5       0x2d obj/default/testcode.o
 .debug_loc     0x000008f2      0x268 obj/default/tracutil.o
 .debug_loc     0x00000b5a      0x1f2 d:/program files/nios2eds/bin/gnu/h-i686-mingw32/bin/../lib/gcc/nios2-elf/4.7.3/../../../../../H-i686-mingw32/nios2-elf/lib\libc.a(lib_a-memcpy.o)
 .debug_loc     0x00000d4c       0xb0 ../osc_bsp/\libhal_bsp.a(alt_iic.o)
 .debug_loc     0x00000dfc       0x2c ../osc_bsp/\libhal_bsp.a(alt_iic_isr_register.o)
 .debug_loc     0x00000e28       0x2c ../osc_bsp/\libhal_bsp.a(alt_irq_handler.o)
 .debug_loc     0x00000e54       0x2c ../osc_bsp/\libhal_bsp.a(alt_main.o)
 .debug_loc     0x00000e80       0x58 ../osc_bsp/\libhal_bsp.a(alt_sys_init.o)
 .debug_loc     0x00000ed8       0x58 ../osc_bsp/\libhal_bsp.a(alt_close.o)
 .debug_loc     0x00000f30       0x2c ../osc_bsp/\libhal_bsp.a(alt_dev.o)
 .debug_loc     0x00000f5c       0x2c ../osc_bsp/\libhal_bsp.a(alt_do_ctors.o)
 .debug_loc     0x00000f88       0x2c ../osc_bsp/\libhal_bsp.a(alt_do_dtors.o)
 .debug_loc     0x00000fb4       0x2c ../osc_bsp/\libhal_bsp.a(alt_release_fd.o)
 .debug_loc     0x00000fe0       0x2c ../osc_bsp/\libhal_bsp.a(altera_nios2_qsys_irq.o)
 .debug_loc     0x0000100c       0x2c d:/program files/nios2eds/bin/gnu/h-i686-mingw32/bin/../lib/gcc/nios2-elf/4.7.3/../../../../../H-i686-mingw32/nios2-elf/lib\libc.a(lib_a-atexit.o)
 .debug_loc     0x00001038       0x3e d:/program files/nios2eds/bin/gnu/h-i686-mingw32/bin/../lib/gcc/nios2-elf/4.7.3/../../../../../H-i686-mingw32/nios2-elf/lib\libc.a(lib_a-exit.o)
 .debug_loc     0x00001076      0x194 d:/program files/nios2eds/bin/gnu/h-i686-mingw32/bin/../lib/gcc/nios2-elf/4.7.3/../../../../../H-i686-mingw32/nios2-elf/lib\libc.a(lib_a-__atexit.o)
 .debug_loc     0x0000120a      0x1e1 d:/program files/nios2eds/bin/gnu/h-i686-mingw32/bin/../lib/gcc/nios2-elf/4.7.3/../../../../../H-i686-mingw32/nios2-elf/lib\libc.a(lib_a-__call_atexit.o)
 .debug_loc     0x000013eb       0x2c ../osc_bsp/\libhal_bsp.a(alt_exit.o)

.debug_macinfo
 *(.debug_macinfo)

.debug_weaknames
 *(.debug_weaknames)

.debug_funcnames
 *(.debug_funcnames)

.debug_typenames
 *(.debug_typenames)

.debug_varnames
 *(.debug_varnames)

.debug_alt_sim_info
                0x00000000       0x10
 *(.debug_alt_sim_info)
 .debug_alt_sim_info
                0x00000000       0x10 ../osc_bsp//obj/HAL/src/crt0.o
                0x00150000                __alt_data_end = 0x150000
                0x00150000                PROVIDE (__alt_stack_pointer, __alt_data_end)
                0x0014df44                PROVIDE (__alt_stack_limit, __alt_stack_base)
                0x0014df44                PROVIDE (__alt_heap_start, end)
                0x00150000                PROVIDE (__alt_heap_limit, 0x150000)
OUTPUT(osc.elf elf32-littlenios2)

.debug_ranges   0x00000000       0xb0
 .debug_ranges  0x00000000       0x30 ../osc_bsp/\libhal_bsp.a(alt_iic.o)
 .debug_ranges  0x00000030       0x28 ../osc_bsp/\libhal_bsp.a(alt_irq_entry.o)
 .debug_ranges  0x00000058       0x10 ../osc_bsp/\libhal_bsp.a(alt_irq_handler.o)
 .debug_ranges  0x00000068       0x30 ../osc_bsp/\libhal_bsp.a(alt_exception_entry.o)
 .debug_ranges  0x00000098       0x18 d:/program files/nios2eds/bin/gnu/h-i686-mingw32/bin/../lib/gcc/nios2-elf/4.7.3/../../../../../H-i686-mingw32/nios2-elf/lib\libc.a(lib_a-__call_atexit.o)
